test 0 2026-10-09T04:07:43+09:00
test_dequant_cache 0 2026-10-09T04:08:00+09:00
probe_bf16_b2 0 2026-10-09T04:08:07+09:00
probe_bf16_b4 0 2026-10-09T04:08:13+09:00
probe_bf16_b8 0 2026-10-09T04:08:21+09:00
probe_f16_b4 0 2026-10-09T04:08:27+09:00
pbd_before_Qwen3-0.6B-4bit_r1 0 2026-10-09T04:09:02+09:00
pbd_after_Qwen3-0.6B-4bit_r1 0 2026-10-09T04:09:33+09:00
pbd_before_Qwen3-0.6B-4bit_r2 0 2026-10-09T04:10:07+09:00
pbd_after_Qwen3-0.6B-4bit_r2 0 2026-10-09T04:10:38+09:00
pbd_before_gemma-3-4b-it-4bit_r1 0 2026-10-09T04:16:09+09:00
pbd_after_gemma-3-4b-it-4bit_r1 0 2026-10-09T04:21:39+09:00
pbd_before_gemma-3-4b-it-4bit_r2 0 2026-10-09T04:27:06+09:00
pbd_after_gemma-3-4b-it-4bit_r2 0 2026-10-09T04:32:38+09:00
pbd_llama_1k 0 2026-10-09T04:35:33+09:00
pbd_llama_16k 134 2026-10-09T04:35:34+09:00
prof_b1_p1024 0 2026-10-09T04:35:37+09:00
prof_b4_p1024 0 2026-10-09T04:35:49+09:00
prof_b1_p16384 137 2026-10-09T05:11:42+09:00
prof_b4_p16384 137 2026-10-09T05:12:00+09:00
b8_default 0 2026-10-09T05:13:33+09:00
b8_thr9 0 2026-10-09T05:15:06+09:00
bd_before_1 0 2026-10-09T05:15:13+09:00
bd_after_1 0 2026-10-09T05:15:19+09:00
bd_before_2 0 2026-10-09T05:15:25+09:00
bd_after_2 0 2026-10-09T05:15:32+09:00
bd_before_3 0 2026-10-09T05:15:38+09:00
bd_after_3 0 2026-10-09T05:15:44+09:00
final 0 2026-10-09T05:17:48+09:00
