2026-10-08T23:14:10+0900 waiting for guard lock /tmp/mlxcel-rocm-gpu-guard.lock
2026-10-08T23:49:15+0900 acquired guard lock /tmp/mlxcel-rocm-gpu-guard.lock after 2105s
2026-10-08T23:49:15+0900 waiting for 90s of idle GPU and no compiler
2026-10-08T23:51:29+0900 idle for 90s: kfd proc empty and no compiler in every 1 Hz sample
2026-10-08T23:51:29+0900 attempt 1/5: start: i2148-ab.sh models/mlx/granite-4.0-h-tiny-4bit i2148-ab
2026-10-08T23:51:29+0900 sample 1: clean gpu=[]
2026-10-08T23:51:31+0900 sample 2: clean gpu=[3930415:mlxcel-bench-de]
2026-10-08T23:51:32+0900 sample 3: clean gpu=[3930415:mlxcel-bench-de]
2026-10-08T23:51:34+0900 sample 4: clean gpu=[3930415:mlxcel-bench-de]
2026-10-08T23:51:35+0900 sample 5: clean gpu=[3930415:mlxcel-bench-de]
2026-10-08T23:51:37+0900 sample 6: clean gpu=[3934372:mlxcel-bench-de]
2026-10-08T23:51:38+0900 sample 7: clean gpu=[3934372:mlxcel-bench-de]
2026-10-08T23:51:40+0900 sample 8: clean gpu=[3934372:mlxcel-bench-de]
2026-10-08T23:51:41+0900 sample 9: clean gpu=[3937766:mlxcel-bench-de]
2026-10-08T23:51:43+0900 sample 10: clean gpu=[3937766:mlxcel-bench-de]
2026-10-08T23:51:44+0900 sample 11: clean gpu=[3937766:mlxcel-bench-de]
2026-10-08T23:51:45+0900 sample 12: clean gpu=[3937766:mlxcel-bench-de]
2026-10-08T23:51:47+0900 sample 13: clean gpu=[3940947:mlxcel-bench-de]
2026-10-08T23:51:48+0900 sample 14: clean gpu=[3940947:mlxcel-bench-de]
2026-10-08T23:51:50+0900 sample 15: clean gpu=[3940947:mlxcel-bench-de]
2026-10-08T23:51:51+0900 sample 16: clean gpu=[3944448:mlxcel-bench-de]
2026-10-08T23:51:53+0900 sample 17: clean gpu=[3944448:mlxcel-bench-de]
2026-10-08T23:51:54+0900 sample 18: clean gpu=[3944448:mlxcel-bench-de]
2026-10-08T23:51:56+0900 sample 19: clean gpu=[3944448:mlxcel-bench-de]
2026-10-08T23:51:57+0900 sample 20: clean gpu=[3947539:mlxcel-bench-de]
2026-10-08T23:51:59+0900 sample 21: clean gpu=[3947539:mlxcel-bench-de]
2026-10-08T23:52:00+0900 sample 22: clean gpu=[3947539:mlxcel-bench-de]
2026-10-08T23:52:01+0900 monitor: 22 samples
2026-10-08T23:52:01+0900 attempt 1: CLEAN, exit 0
2026-10-08T23:52:01+0900 waiting for guard lock /tmp/mlxcel-rocm-gpu-guard.lock
2026-10-09T00:52:15+0900 acquired guard lock /tmp/mlxcel-rocm-gpu-guard.lock after 3614s
2026-10-09T00:52:15+0900 waiting for 90s of idle GPU and no compiler
2026-10-09T00:53:01+0900 idle streak reset after 31s: gpu=[] compilers=[2060323:cargo]
2026-10-09T00:55:23+0900 idle for 90s: kfd proc empty and no compiler in every 1 Hz sample
2026-10-09T00:55:23+0900 attempt 1/5: start: i2148-ab.sh models/mlx/NVIDIA-Nemotron-3-Nano-30B-A3B-4bit i2148-ab
2026-10-09T00:55:24+0900 sample 1: clean gpu=[]
2026-10-09T00:55:25+0900 sample 2: clean gpu=[2149976:mlxcel-bench-de]
2026-10-09T00:55:27+0900 sample 3: clean gpu=[2149976:mlxcel-bench-de]
2026-10-09T00:55:28+0900 sample 4: clean gpu=[2149976:mlxcel-bench-de]
2026-10-09T00:55:30+0900 sample 5: clean gpu=[2149976:mlxcel-bench-de]
2026-10-09T00:55:31+0900 sample 6: clean gpu=[2149976:mlxcel-bench-de]
2026-10-09T00:55:33+0900 sample 7: clean gpu=[2149976:mlxcel-bench-de]
2026-10-09T00:55:34+0900 sample 8: clean gpu=[2149976:mlxcel-bench-de]
2026-10-09T00:55:36+0900 sample 9: clean gpu=[2149976:mlxcel-bench-de]
2026-10-09T00:55:37+0900 sample 10: clean gpu=[2149976:mlxcel-bench-de]
2026-10-09T00:55:39+0900 sample 11: clean gpu=[2149976:mlxcel-bench-de]
2026-10-09T00:55:40+0900 sample 12: clean gpu=[]
2026-10-09T00:55:42+0900 sample 13: clean gpu=[2160431:mlxcel-bench-de]
2026-10-09T00:55:43+0900 sample 14: clean gpu=[2160431:mlxcel-bench-de]
2026-10-09T00:55:45+0900 sample 15: clean gpu=[2160431:mlxcel-bench-de]
2026-10-09T00:55:46+0900 sample 16: clean gpu=[2160431:mlxcel-bench-de]
2026-10-09T00:55:48+0900 sample 17: clean gpu=[2160431:mlxcel-bench-de]
2026-10-09T00:55:49+0900 sample 18: clean gpu=[2160431:mlxcel-bench-de]
2026-10-09T00:55:51+0900 sample 19: clean gpu=[2160431:mlxcel-bench-de]
2026-10-09T00:55:52+0900 sample 20: clean gpu=[2160431:mlxcel-bench-de]
2026-10-09T00:55:54+0900 sample 21: clean gpu=[2160431:mlxcel-bench-de]
2026-10-09T00:55:55+0900 sample 22: clean gpu=[2160431:mlxcel-bench-de]
2026-10-09T00:55:57+0900 sample 23: clean gpu=[2160431:mlxcel-bench-de]
2026-10-09T00:55:58+0900 sample 24: clean gpu=[2172055:mlxcel-bench-de]
2026-10-09T00:56:00+0900 sample 25: clean gpu=[2172055:mlxcel-bench-de]
2026-10-09T00:56:01+0900 sample 26: clean gpu=[2172055:mlxcel-bench-de]
2026-10-09T00:56:03+0900 sample 27: clean gpu=[2172055:mlxcel-bench-de]
2026-10-09T00:56:04+0900 sample 28: clean gpu=[2172055:mlxcel-bench-de]
2026-10-09T00:56:06+0900 sample 29: clean gpu=[2172055:mlxcel-bench-de]
2026-10-09T00:56:07+0900 sample 30: clean gpu=[2172055:mlxcel-bench-de]
2026-10-09T00:56:09+0900 sample 31: clean gpu=[2172055:mlxcel-bench-de]
2026-10-09T00:56:10+0900 sample 32: clean gpu=[2172055:mlxcel-bench-de]
2026-10-09T00:56:12+0900 sample 33: clean gpu=[2172055:mlxcel-bench-de]
2026-10-09T00:56:13+0900 sample 34: clean gpu=[2172055:mlxcel-bench-de]
2026-10-09T00:56:15+0900 sample 35: clean gpu=[2182099:mlxcel-bench-de]
2026-10-09T00:56:16+0900 sample 36: clean gpu=[2182099:mlxcel-bench-de]
2026-10-09T00:56:18+0900 sample 37: clean gpu=[2182099:mlxcel-bench-de]
2026-10-09T00:56:19+0900 sample 38: clean gpu=[2182099:mlxcel-bench-de]
2026-10-09T00:56:21+0900 sample 39: clean gpu=[2182099:mlxcel-bench-de]
2026-10-09T00:56:22+0900 sample 40: clean gpu=[2182099:mlxcel-bench-de]
2026-10-09T00:56:24+0900 sample 41: clean gpu=[2182099:mlxcel-bench-de]
2026-10-09T00:56:25+0900 sample 42: clean gpu=[2182099:mlxcel-bench-de]
2026-10-09T00:56:27+0900 sample 43: clean gpu=[2182099:mlxcel-bench-de]
2026-10-09T00:56:28+0900 sample 44: clean gpu=[2182099:mlxcel-bench-de]
2026-10-09T00:56:30+0900 sample 45: clean gpu=[2192279:mlxcel-bench-de]
2026-10-09T00:56:31+0900 sample 46: clean gpu=[2192279:mlxcel-bench-de]
2026-10-09T00:56:33+0900 sample 47: clean gpu=[2192279:mlxcel-bench-de]
2026-10-09T00:56:34+0900 sample 48: clean gpu=[2192279:mlxcel-bench-de]
2026-10-09T00:56:36+0900 sample 49: clean gpu=[2192279:mlxcel-bench-de]
2026-10-09T00:56:37+0900 sample 50: clean gpu=[2192279:mlxcel-bench-de]
2026-10-09T00:56:39+0900 sample 51: clean gpu=[2192279:mlxcel-bench-de]
2026-10-09T00:56:40+0900 sample 52: clean gpu=[2192279:mlxcel-bench-de]
2026-10-09T00:56:42+0900 sample 53: clean gpu=[2192279:mlxcel-bench-de]
2026-10-09T00:56:43+0900 sample 54: clean gpu=[2192279:mlxcel-bench-de]
2026-10-09T00:56:45+0900 sample 55: clean gpu=[2192279:mlxcel-bench-de]
2026-10-09T00:56:46+0900 sample 56: clean gpu=[2192279:mlxcel-bench-de]
2026-10-09T00:56:48+0900 sample 57: clean gpu=[2192279:mlxcel-bench-de]
2026-10-09T00:56:49+0900 sample 58: clean gpu=[2192279:mlxcel-bench-de]
2026-10-09T00:56:51+0900 sample 59: clean gpu=[2192279:?]
2026-10-09T00:56:52+0900 sample 60: clean gpu=[2205724:mlxcel-bench-de]
2026-10-09T00:56:54+0900 sample 61: clean gpu=[2205724:mlxcel-bench-de]
2026-10-09T00:56:55+0900 sample 62: clean gpu=[2205724:mlxcel-bench-de]
2026-10-09T00:56:57+0900 sample 63: clean gpu=[2205724:mlxcel-bench-de]
2026-10-09T00:56:58+0900 sample 64: clean gpu=[2205724:mlxcel-bench-de]
2026-10-09T00:57:00+0900 sample 65: clean gpu=[2205724:mlxcel-bench-de]
2026-10-09T00:57:01+0900 sample 66: clean gpu=[2205724:mlxcel-bench-de]
2026-10-09T00:57:03+0900 sample 67: clean gpu=[2205724:mlxcel-bench-de]
2026-10-09T00:57:04+0900 sample 68: clean gpu=[2205724:mlxcel-bench-de]
2026-10-09T00:57:05+0900 monitor: 68 samples
2026-10-09T00:57:05+0900 attempt 1: CLEAN, exit 0
