[mlx-rocm] bound HIP device 0: gfx1151 (AMD Radeon 8060S Graphics) cus=20 warp=32 lds=64KB
[Memory] cache limit: 2.15 GB
[Load] wall: 0.112 s  MLX peak: 0.00 GB
[Memory] after load: active 0.00 GB, cache 0.00 GB, active+cache 0.00 GB, phase peak 0.00 GB
[long-prompt] target=512 tokens -> using 512 tokens (max_context=Some(131072), reserved 128 for generation)
[phase] warmup_start monotonic_ns=867765408366292 boottime_ns=867765408366332
[mlx-rocm] gfx1151 native_wmma=1 cus=20 warp=32 low_cu=0 host_WARP_SIZE=32
[hipBLASLt caps] device 0 (gfx1151): bf16=1 fp8_e4m3=0 fp8_e5m2=0 int8=1
[Memory] after warmup (prefill + warmup tokens): active 3.96 GB, cache 1.77 GB, active+cache 5.72 GB, phase peak 7.22 GB
[long-prompt] target=512 tokens -> using 512 tokens (max_context=Some(131072), reserved 128 for generation)
[phase] measured_start monotonic_ns=867768017516044 boottime_ns=867768017516064
[phase] decode_start monotonic_ns=867768855957105 boottime_ns=867768855957135
[phase] measured_end monotonic_ns=867771334494191 boottime_ns=867771334494221
[Memory] after measured pass: active 3.96 GB, cache 1.77 GB, active+cache 5.73 GB, phase peak 7.31 GB
[Profile Results]
  Prompt tokens:    512
  Generated tokens: 128
  Prefill:          829.08 ms (617.55 tok/s)
  Decode:           2478.54 ms (51.64 tok/s)
  Decode path:      engine
  MLX peak memory:  7.31 GB
