== granite-4.0-h-tiny-4bit_greedy plain
2026-10-08T20:31:29+0900 waiting for guard lock /tmp/mlxcel-rocm-gpu-guard.lock
2026-10-08T21:16:25+0900 acquired guard lock /tmp/mlxcel-rocm-gpu-guard.lock after 2696s
2026-10-08T21:16:25+0900 waiting for 90s of idle GPU and no compiler
2026-10-08T21:17:21+0900 idle streak reset after 38s: gpu=[] compilers=[2996121:cargo]
2026-10-08T21:20:49+0900 idle for 90s: kfd proc empty and no compiler in every 1 Hz sample
2026-10-08T21:20:49+0900 attempt 1/5: start: target/release/mlxcel-bench-decode -m models/mlx/granite-4.0-h-tiny-4bit -p profile -n 128 --warmup-tokens 20 --ignore-eos --prompt-tokens 512 --temperature 0 --top-p 1.0
2026-10-08T21:20:49+0900 sample 1: clean gpu=[]
2026-10-08T21:20:50+0900 sample 2: clean gpu=[3156047:mlxcel-bench-de]
2026-10-08T21:20:52+0900 sample 3: clean gpu=[3156047:mlxcel-bench-de]
2026-10-08T21:20:53+0900 sample 4: clean gpu=[3156047:mlxcel-bench-de]
2026-10-08T21:20:55+0900 sample 5: clean gpu=[3156047:mlxcel-bench-de]
2026-10-08T21:20:56+0900 monitor: 5 samples
2026-10-08T21:20:56+0900 attempt 1: CLEAN, exit 0
== granite-4.0-h-tiny-4bit_greedy profiled
2026-10-08T21:20:56+0900 waiting for guard lock /tmp/mlxcel-rocm-gpu-guard.lock
2026-10-08T21:25:35+0900 acquired guard lock /tmp/mlxcel-rocm-gpu-guard.lock after 279s
2026-10-08T21:25:35+0900 waiting for 90s of idle GPU and no compiler
2026-10-08T21:27:27+0900 idle streak reset after 76s: gpu=[] compilers=[3403424:cargo,3404312:hipcc,3404314:hipcc,3404319:hipcc,3404323:hipcc,3404328:hipcc,3404335:clang++,3404336:clang++,3404337:clang++,3404338:clang++,3404340:clang++,3404341:clang-23,3404342:clang-23,3404343:clang-23,3404344:clang-23,3404345:clang-23]
2026-10-08T21:32:01+0900 idle for 90s: kfd proc empty and no compiler in every 1 Hz sample
2026-10-08T21:32:01+0900 attempt 1/5: start: /usr/bin/rocprofv3 --kernel-trace --hip-graph-trace --stats -f csv -d <trace-dir>/granite-4.0-h-tiny-4bit_greedy -o granite-4.0-h-tiny-4bit_greedy -- target/release/mlxcel-bench-decode -m models/mlx/granite-4.0-h-tiny-4bit -p profile -n 128 --warmup-tokens 20 --ignore-eos --prompt-tokens 512 --temperature 0 --top-p 1.0
2026-10-08T21:32:01+0900 sample 1: clean gpu=[]
2026-10-08T21:32:03+0900 sample 2: clean gpu=[3572925:mlxcel-bench-de]
2026-10-08T21:32:04+0900 sample 3: clean gpu=[3572925:mlxcel-bench-de]
2026-10-08T21:32:06+0900 sample 4: clean gpu=[3572925:mlxcel-bench-de]
2026-10-08T21:32:08+0900 sample 5: clean gpu=[3572925:mlxcel-bench-de]
2026-10-08T21:32:09+0900 monitor: 5 samples
2026-10-08T21:32:09+0900 attempt 1: CLEAN, exit 0
== NVIDIA-Nemotron-3-Nano-30B-A3B-4bit_greedy plain
2026-10-08T21:32:31+0900 waiting for guard lock /tmp/mlxcel-rocm-gpu-guard.lock
2026-10-08T22:11:29+0900 acquired guard lock /tmp/mlxcel-rocm-gpu-guard.lock after 2338s
2026-10-08T22:11:29+0900 waiting for 90s of idle GPU and no compiler
2026-10-08T22:13:04+0900 idle streak reset after 65s: gpu=[] compilers=[906429:cargo]
2026-10-08T22:18:37+0900 idle for 90s: kfd proc empty and no compiler in every 1 Hz sample
2026-10-08T22:18:37+0900 attempt 1/5: start: target/release/mlxcel-bench-decode -m models/mlx/NVIDIA-Nemotron-3-Nano-30B-A3B-4bit -p profile -n 128 --warmup-tokens 20 --ignore-eos --prompt-tokens 512 --temperature 0 --top-p 1.0
2026-10-08T22:18:37+0900 sample 1: clean gpu=[]
2026-10-08T22:18:39+0900 sample 2: clean gpu=[1129968:mlxcel-bench-de]
2026-10-08T22:18:40+0900 sample 3: clean gpu=[1129968:mlxcel-bench-de]
2026-10-08T22:18:42+0900 sample 4: clean gpu=[1129968:mlxcel-bench-de]
2026-10-08T22:18:43+0900 sample 5: clean gpu=[1129968:mlxcel-bench-de]
2026-10-08T22:18:45+0900 sample 6: clean gpu=[1129968:mlxcel-bench-de]
2026-10-08T22:18:46+0900 sample 7: clean gpu=[1129968:mlxcel-bench-de]
2026-10-08T22:18:48+0900 sample 8: clean gpu=[1129968:mlxcel-bench-de]
2026-10-08T22:18:49+0900 sample 9: clean gpu=[1129968:mlxcel-bench-de]
2026-10-08T22:18:50+0900 sample 10: clean gpu=[1129968:mlxcel-bench-de]
2026-10-08T22:18:52+0900 sample 11: clean gpu=[1129968:mlxcel-bench-de]
2026-10-08T22:18:53+0900 sample 12: clean gpu=[1129968:mlxcel-bench-de]
2026-10-08T22:18:55+0900 sample 13: clean gpu=[1129968:mlxcel-bench-de]
2026-10-08T22:18:56+0900 sample 14: clean gpu=[1129968:mlxcel-bench-de]
2026-10-08T22:18:58+0900 sample 15: clean gpu=[1129968:mlxcel-bench-de]
2026-10-08T22:18:59+0900 sample 16: clean gpu=[1129968:mlxcel-bench-de]
2026-10-08T22:19:00+0900 monitor: 16 samples
2026-10-08T22:19:00+0900 attempt 1: CLEAN, exit 0
== NVIDIA-Nemotron-3-Nano-30B-A3B-4bit_greedy profiled
2026-10-08T22:19:00+0900 waiting for guard lock /tmp/mlxcel-rocm-gpu-guard.lock
2026-10-08T23:11:24+0900 acquired guard lock /tmp/mlxcel-rocm-gpu-guard.lock after 3144s
2026-10-08T23:11:24+0900 waiting for 90s of idle GPU and no compiler
2026-10-08T23:13:36+0900 idle for 90s: kfd proc empty and no compiler in every 1 Hz sample
2026-10-08T23:13:36+0900 attempt 1/5: start: /usr/bin/rocprofv3 --kernel-trace --hip-graph-trace --stats -f csv -d <trace-dir>/NVIDIA-Nemotron-3-Nano-30B-A3B-4bit_greedy -o NVIDIA-Nemotron-3-Nano-30B-A3B-4bit_greedy -- target/release/mlxcel-bench-decode -m models/mlx/NVIDIA-Nemotron-3-Nano-30B-A3B-4bit -p profile -n 128 --warmup-tokens 20 --ignore-eos --prompt-tokens 512 --temperature 0 --top-p 1.0
2026-10-08T23:13:37+0900 sample 1: clean gpu=[]
2026-10-08T23:13:38+0900 sample 2: clean gpu=[3228542:mlxcel-bench-de]
2026-10-08T23:13:39+0900 sample 3: clean gpu=[3228542:mlxcel-bench-de]
2026-10-08T23:13:41+0900 sample 4: clean gpu=[3228542:mlxcel-bench-de]
2026-10-08T23:13:42+0900 sample 5: clean gpu=[3228542:mlxcel-bench-de]
2026-10-08T23:13:44+0900 sample 6: clean gpu=[3228542:mlxcel-bench-de]
2026-10-08T23:13:45+0900 sample 7: clean gpu=[3228542:mlxcel-bench-de]
2026-10-08T23:13:47+0900 sample 8: clean gpu=[3228542:mlxcel-bench-de]
2026-10-08T23:13:48+0900 sample 9: clean gpu=[3228542:mlxcel-bench-de]
2026-10-08T23:13:50+0900 sample 10: clean gpu=[3228542:mlxcel-bench-de]
2026-10-08T23:13:52+0900 sample 11: clean gpu=[3228542:mlxcel-bench-de]
2026-10-08T23:13:53+0900 sample 12: clean gpu=[3228542:mlxcel-bench-de]
2026-10-08T23:13:55+0900 sample 13: clean gpu=[3228542:mlxcel-bench-de]
2026-10-08T23:13:56+0900 monitor: 13 samples
2026-10-08T23:13:56+0900 attempt 1: CLEAN, exit 0
