[mlx-rocm] bound HIP device 0: gfx1151 (AMD Radeon 8060S Graphics) cus=20 warp=32 lds=64KB
[Memory] cache limit: 2.15 GB
[Load] wall: 0.285 s  MLX peak: 0.00 GB
[Memory] after load: active 0.00 GB, cache 0.00 GB, active+cache 0.00 GB, phase peak 0.00 GB
[long-prompt] target=512 tokens -> using 512 tokens (max_context=None, reserved 128 for generation)
[phase] warmup_start monotonic_ns=873860871948324 boottime_ns=873860871948374
[mlx-rocm] gfx1151 native_wmma=1 cus=20 warp=32 low_cu=0 host_WARP_SIZE=32
[hipBLASLt caps] device 0 (gfx1151): bf16=1 fp8_e4m3=0 fp8_e5m2=0 int8=1
[Memory] after warmup (prefill + warmup tokens): active 18.01 GB, cache 0.12 GB, active+cache 18.13 GB, phase peak 18.17 GB
[long-prompt] target=512 tokens -> using 512 tokens (max_context=None, reserved 128 for generation)
[phase] measured_start monotonic_ns=873873042710977 boottime_ns=873873042710997
[phase] decode_start monotonic_ns=873874739164814 boottime_ns=873874739164834
[phase] measured_end monotonic_ns=873877675065738 boottime_ns=873877675065758
[Memory] after measured pass: active 18.01 GB, cache 0.17 GB, active+cache 18.18 GB, phase peak 18.66 GB
[Profile Results]
  Prompt tokens:    512
  Generated tokens: 128
  Prefill:          1694.32 ms (302.19 tok/s)
  Decode:           2935.90 ms (43.60 tok/s)
  Decode path:      engine
  MLX peak memory:  18.66 GB
