[mlx-rocm] bound HIP device 0: gfx1151 (AMD Radeon 8060S Graphics) cus=20 warp=32 lds=64KB
[Load] wall: 0.131 s  MLX peak: 0.00 GB
[long-prompt] target=512 tokens -> using 512 tokens (max_context=Some(131072), reserved 128 for generation)
[phase] warmup_start monotonic_ns=174829528632894 boottime_ns=174829528632934
[mlx-rocm] gfx1151 native_wmma=1 cus=20 warp=32 low_cu=0 host_WARP_SIZE=32
[hipBLASLt caps] device 0 (gfx1151): bf16=1 fp8_e4m3=0 fp8_e5m2=0 int8=1
[long-prompt] target=512 tokens -> using 512 tokens (max_context=Some(131072), reserved 128 for generation)
[phase] measured_start monotonic_ns=174832296156829 boottime_ns=174832296156849
[phase] decode_start monotonic_ns=174833240264116 boottime_ns=174833240264147
[phase] measured_end monotonic_ns=174836126534702 boottime_ns=174836126534733
[Profile Results]
  Prompt tokens:    512
  Generated tokens: 128
  Prefill:          898.51 ms (569.83 tok/s)
  Decode:           2886.27 ms (44.35 tok/s)
  MLX peak memory:  13.92 GB
[mlx-rocm] bound HIP device 0: gfx1151 (AMD Radeon 8060S Graphics) cus=20 warp=32 lds=64KB
[Load] wall: 0.123 s  MLX peak: 0.00 GB
[long-prompt] target=512 tokens -> using 512 tokens (max_context=Some(131072), reserved 128 for generation)
[phase] warmup_start monotonic_ns=175562947751488 boottime_ns=175562947751528
[mlx-rocm] gfx1151 native_wmma=1 cus=20 warp=32 low_cu=0 host_WARP_SIZE=32
[hipBLASLt caps] device 0 (gfx1151): bf16=1 fp8_e4m3=0 fp8_e5m2=0 int8=1
[long-prompt] target=512 tokens -> using 512 tokens (max_context=Some(131072), reserved 128 for generation)
[phase] measured_start monotonic_ns=175567677762974 boottime_ns=175567677763004
[phase] decode_start monotonic_ns=175568626380535 boottime_ns=175568626380745
[phase] measured_end monotonic_ns=175571193599854 boottime_ns=175571193600064
[Profile Results]
  Prompt tokens:    512
  Generated tokens: 128
  Prefill:          902.58 ms (567.26 tok/s)
  Decode:           2567.22 ms (49.86 tok/s)
  MLX peak memory:  13.84 GB
