[mlx-rocm] bound HIP device 0: gfx1151 (AMD Radeon 8060S Graphics) cus=20 warp=32 lds=64KB
[NemotronH] Loading config...
[NemotronH] Config loaded: 52 layers (23 mamba, 6 attention, 0 mlp, 23 moe)
[NemotronH] Loading weights from safetensors...
[NemotronH] Building model...
[NemotronH] Model loaded successfully
[Load] wall: 0.285 s  MLX peak: 0.00 GB
[long-prompt] target=512 tokens -> using 512 tokens (max_context=None, reserved 128 for generation)
[phase] warmup_start monotonic_ns=175856462625683 boottime_ns=175856462625713
[mlx-rocm] gfx1151 native_wmma=1 cus=20 warp=32 low_cu=0 host_WARP_SIZE=32
[hipBLASLt caps] device 0 (gfx1151): bf16=1 fp8_e4m3=0 fp8_e5m2=0 int8=1
[long-prompt] target=512 tokens -> using 512 tokens (max_context=None, reserved 128 for generation)
[phase] measured_start monotonic_ns=175867172119766 boottime_ns=175867172119806
[phase] decode_start monotonic_ns=175869076904088 boottime_ns=175869076904108
[phase] measured_end monotonic_ns=175872047916422 boottime_ns=175872047916442
[Profile Results]
  Prompt tokens:    512
  Generated tokens: 128
  Prefill:          1902.81 ms (269.08 tok/s)
  Decode:           2971.01 ms (43.08 tok/s)
  MLX peak memory:  18.48 GB
