[mlx-rocm] bound HIP device 0: gfx1151 (AMD Radeon 8060S Graphics) cus=20 warp=32 lds=64KB
[NemotronH] Loading config...
[NemotronH] Config loaded: 52 layers (23 mamba, 6 attention, 0 mlp, 23 moe)
[NemotronH] Loading weights from safetensors...
[NemotronH] Building model...
[NemotronH] Model loaded successfully
[Load] wall: 0.279 s  MLX peak: 0.00 GB
[long-prompt] target=512 tokens -> using 512 tokens (max_context=None, reserved 128 for generation)
[phase] warmup_start monotonic_ns=178921979565537 boottime_ns=178921979565577
[mlx-rocm] gfx1151 native_wmma=1 cus=20 warp=32 low_cu=0 host_WARP_SIZE=32
[hipBLASLt caps] device 0 (gfx1151): bf16=1 fp8_e4m3=0 fp8_e5m2=0 int8=1
[long-prompt] target=512 tokens -> using 512 tokens (max_context=None, reserved 128 for generation)
[phase] measured_start monotonic_ns=178932846034231 boottime_ns=178932846034251
[phase] decode_start monotonic_ns=178934893741096 boottime_ns=178934893741166
[phase] measured_end monotonic_ns=178938032938240 boottime_ns=178938032938310
[Profile Results]
  Prompt tokens:    512
  Generated tokens: 128
  Prefill:          2044.81 ms (250.39 tok/s)
  Decode:           3139.20 ms (40.77 tok/s)
  MLX peak memory:  18.48 GB
