round 0 base-cli           cli    prompt   256 TTFT 18.92 ms  decode 180.49 tok/s
round 0 base-cli           cli    prompt  8192 TTFT 753.53 ms  decode 107.71 tok/s
round 0 new-cli            cli    prompt   256 TTFT 19.68 ms  decode 182.93 tok/s
round 0 new-cli            cli    prompt  8192 TTFT 750.17 ms  decode 108.40 tok/s
round 0 new-srv-dense      server prompt   256 TTFT 18.88 ms  decode 179.40 tok/s
round 0 new-srv-dense      server prompt  8192 TTFT 744.62 ms  decode 106.49 tok/s
round 0 base-srv           server prompt   256 TTFT 19.71 ms  decode 143.61 tok/s
round 0 base-srv           server prompt  8192 TTFT 819.61 ms  decode 101.24 tok/s
round 0 new-srv            server prompt   256 TTFT 19.96 ms  decode 139.98 tok/s
round 0 new-srv            server prompt  8192 TTFT 657.40 ms  decode 100.99 tok/s
round 0 base-cli-null      cli    prompt   256 TTFT 18.61 ms  decode 181.21 tok/s
round 0 base-cli-null      cli    prompt  8192 TTFT 743.57 ms  decode 108.10 tok/s
round 1 new-cli            cli    prompt   256 TTFT 20.82 ms  decode 180.96 tok/s
round 1 new-cli            cli    prompt  8192 TTFT 747.44 ms  decode 108.50 tok/s
round 1 new-srv-dense      server prompt   256 TTFT 19.81 ms  decode 178.28 tok/s
round 1 new-srv-dense      server prompt  8192 TTFT 742.25 ms  decode 106.67 tok/s
round 1 base-srv           server prompt   256 TTFT 20.14 ms  decode 150.30 tok/s
round 1 base-srv           server prompt  8192 TTFT 812.64 ms  decode 101.89 tok/s
round 1 new-srv            server prompt   256 TTFT 20.00 ms  decode 142.43 tok/s
round 1 new-srv            server prompt  8192 TTFT 658.09 ms  decode 101.17 tok/s
round 1 base-cli-null      cli    prompt   256 TTFT 20.08 ms  decode 180.66 tok/s
round 1 base-cli-null      cli    prompt  8192 TTFT 739.98 ms  decode 108.23 tok/s
round 1 base-cli           cli    prompt   256 TTFT 18.11 ms  decode 180.88 tok/s
round 1 base-cli           cli    prompt  8192 TTFT 742.07 ms  decode 108.27 tok/s
round 2 new-srv-dense      server prompt   256 TTFT 19.64 ms  decode 179.83 tok/s
round 2 new-srv-dense      server prompt  8192 TTFT 738.64 ms  decode 106.78 tok/s
round 2 base-srv           server prompt   256 TTFT 20.10 ms  decode 133.11 tok/s
round 2 base-srv           server prompt  8192 TTFT 814.62 ms  decode 100.94 tok/s
round 2 new-srv            server prompt   256 TTFT 21.36 ms  decode 145.96 tok/s
round 2 new-srv            server prompt  8192 TTFT 653.02 ms  decode 101.30 tok/s
round 2 base-cli-null      cli    prompt   256 TTFT 19.15 ms  decode 180.46 tok/s
round 2 base-cli-null      cli    prompt  8192 TTFT 732.58 ms  decode 107.75 tok/s
round 2 base-cli           cli    prompt   256 TTFT 19.91 ms  decode 180.81 tok/s
round 2 base-cli           cli    prompt  8192 TTFT 739.72 ms  decode 107.79 tok/s
round 2 new-cli            cli    prompt   256 TTFT 18.72 ms  decode 182.30 tok/s
round 2 new-cli            cli    prompt  8192 TTFT 738.37 ms  decode 107.98 tok/s
round 3 base-srv           server prompt   256 TTFT 20.66 ms  decode 145.33 tok/s
round 3 base-srv           server prompt  8192 TTFT 816.26 ms  decode 100.80 tok/s
round 3 new-srv            server prompt   256 TTFT 20.12 ms  decode 128.91 tok/s
round 3 new-srv            server prompt  8192 TTFT 658.13 ms  decode 101.15 tok/s
round 3 base-cli-null      cli    prompt   256 TTFT 18.96 ms  decode 180.72 tok/s
round 3 base-cli-null      cli    prompt  8192 TTFT 759.47 ms  decode 107.84 tok/s
round 3 base-cli           cli    prompt   256 TTFT 18.55 ms  decode 182.40 tok/s
round 3 base-cli           cli    prompt  8192 TTFT 753.27 ms  decode 107.70 tok/s
round 3 new-cli            cli    prompt   256 TTFT 21.15 ms  decode 182.48 tok/s
round 3 new-cli            cli    prompt  8192 TTFT 744.21 ms  decode 108.41 tok/s
round 3 new-srv-dense      server prompt   256 TTFT 18.32 ms  decode 179.34 tok/s
round 3 new-srv-dense      server prompt  8192 TTFT 754.93 ms  decode 107.07 tok/s
round 4 new-srv            server prompt   256 TTFT 21.66 ms  decode 145.89 tok/s
round 4 new-srv            server prompt  8192 TTFT 655.67 ms  decode 101.16 tok/s
round 4 base-cli-null      cli    prompt   256 TTFT 18.93 ms  decode 180.92 tok/s
round 4 base-cli-null      cli    prompt  8192 TTFT 735.51 ms  decode 107.78 tok/s
round 4 base-cli           cli    prompt   256 TTFT 18.87 ms  decode 180.40 tok/s
round 4 base-cli           cli    prompt  8192 TTFT 761.58 ms  decode 108.13 tok/s
round 4 new-cli            cli    prompt   256 TTFT 19.69 ms  decode 182.22 tok/s
round 4 new-cli            cli    prompt  8192 TTFT 745.70 ms  decode 108.47 tok/s
round 4 new-srv-dense      server prompt   256 TTFT 18.50 ms  decode 176.75 tok/s
round 4 new-srv-dense      server prompt  8192 TTFT 753.21 ms  decode 106.60 tok/s
round 4 base-srv           server prompt   256 TTFT 22.09 ms  decode 141.39 tok/s
round 4 base-srv           server prompt  8192 TTFT 807.68 ms  decode 101.50 tok/s

arm medians (min..max) per path and prompt length
  cli    prompt   256  base-cli           n=5  ttft_ms 18.87 (18.11..19.91)  decode_tok_s 180.81 (180.40..182.40)
  cli    prompt   256  new-cli            n=5  ttft_ms 19.69 (18.72..21.15)  decode_tok_s 182.30 (180.96..182.93)
  cli    prompt   256  base-cli-null      n=5  ttft_ms 18.96 (18.61..20.08)  decode_tok_s 180.72 (180.46..181.21)
  cli    prompt  8192  base-cli           n=5  ttft_ms 753.27 (739.72..761.58)  decode_tok_s 107.79 (107.70..108.27)
  cli    prompt  8192  new-cli            n=5  ttft_ms 745.70 (738.37..750.17)  decode_tok_s 108.41 (107.98..108.50)
  cli    prompt  8192  base-cli-null      n=5  ttft_ms 739.98 (732.58..759.47)  decode_tok_s 107.84 (107.75..108.23)
  server prompt   256  new-srv-dense      n=5  ttft_ms 18.88 (18.32..19.81)  decode_tok_s 179.34 (176.75..179.83)
  server prompt   256  base-srv           n=5  ttft_ms 20.14 (19.71..22.09)  decode_tok_s 143.61 (133.11..150.30)
  server prompt   256  new-srv            n=5  ttft_ms 20.12 (19.96..21.66)  decode_tok_s 142.43 (128.91..145.96)
  server prompt  8192  new-srv-dense      n=5  ttft_ms 744.62 (738.64..754.93)  decode_tok_s 106.67 (106.49..107.07)
  server prompt  8192  base-srv           n=5  ttft_ms 814.62 (807.68..819.61)  decode_tok_s 101.24 (100.80..101.89)
  server prompt  8192  new-srv            n=5  ttft_ms 657.40 (653.02..658.13)  decode_tok_s 101.16 (100.99..101.30)

paired per-round deltas, arm vs reference (positive = higher than the reference)
  cli    prompt   256  new-cli            vs base-cli       ttft_ms      median +4.38%  range -6.00%..+14.95%
  cli    prompt   256  new-cli            vs base-cli       decode_tok_s median +0.82%  range +0.04%..+1.35%
  cli    prompt   256  base-cli-null      vs base-cli       ttft_ms      median +0.37%  range -3.86%..+10.90%
  cli    prompt   256  base-cli-null      vs base-cli       decode_tok_s median -0.12%  range -0.92%..+0.40%
  cli    prompt  8192  new-cli            vs base-cli       ttft_ms      median -0.45%  range -2.08%..+0.72%
  cli    prompt  8192  new-cli            vs base-cli       decode_tok_s median +0.31%  range +0.18%..+0.66%
  cli    prompt  8192  base-cli-null      vs base-cli       ttft_ms      median -0.97%  range -3.42%..+0.82%
  cli    prompt  8192  base-cli-null      vs base-cli       decode_tok_s median -0.03%  range -0.32%..+0.36%

the *-null rows are the noise floor: an A/B delta whose range overlaps the null range is unresolved
