round 0 base-cli           cli    prompt   256 TTFT 13.81 ms  decode 268.83 tok/s
round 0 base-cli           cli    prompt  8192 TTFT 406.10 ms  decode 207.31 tok/s
round 0 new-cli            cli    prompt   256 TTFT 14.40 ms  decode 272.01 tok/s
round 0 new-cli            cli    prompt  8192 TTFT 400.90 ms  decode 208.91 tok/s
round 0 new-srv-dense      server prompt   256 TTFT 13.59 ms  decode 265.51 tok/s
round 0 new-srv-dense      server prompt  8192 TTFT 407.62 ms  decode 203.01 tok/s
round 0 base-srv           server prompt   256 TTFT 13.60 ms  decode 242.36 tok/s
round 0 base-srv           server prompt  8192 TTFT 478.55 ms  decode 187.90 tok/s
round 0 new-srv            server prompt   256 TTFT 14.65 ms  decode 243.45 tok/s
round 0 new-srv            server prompt  8192 TTFT 417.14 ms  decode 187.84 tok/s
round 0 base-cli-null      cli    prompt   256 TTFT 13.83 ms  decode 269.57 tok/s
round 0 base-cli-null      cli    prompt  8192 TTFT 404.61 ms  decode 206.55 tok/s
round 1 new-cli            cli    prompt   256 TTFT 14.86 ms  decode 270.60 tok/s
round 1 new-cli            cli    prompt  8192 TTFT 402.23 ms  decode 208.07 tok/s
round 1 new-srv-dense      server prompt   256 TTFT 14.26 ms  decode 265.75 tok/s
round 1 new-srv-dense      server prompt  8192 TTFT 403.54 ms  decode 203.77 tok/s
round 1 base-srv           server prompt   256 TTFT 13.85 ms  decode 240.68 tok/s
round 1 base-srv           server prompt  8192 TTFT 480.50 ms  decode 188.67 tok/s
round 1 new-srv            server prompt   256 TTFT 13.42 ms  decode 243.87 tok/s
round 1 new-srv            server prompt  8192 TTFT 420.04 ms  decode 187.52 tok/s
round 1 base-cli-null      cli    prompt   256 TTFT 13.08 ms  decode 270.00 tok/s
round 1 base-cli-null      cli    prompt  8192 TTFT 399.34 ms  decode 207.91 tok/s
round 1 base-cli           cli    prompt   256 TTFT 13.26 ms  decode 270.08 tok/s
round 1 base-cli           cli    prompt  8192 TTFT 403.95 ms  decode 208.01 tok/s
round 2 new-srv-dense      server prompt   256 TTFT 14.22 ms  decode 264.21 tok/s
round 2 new-srv-dense      server prompt  8192 TTFT 402.54 ms  decode 203.18 tok/s
round 2 base-srv           server prompt   256 TTFT 13.28 ms  decode 248.93 tok/s
round 2 base-srv           server prompt  8192 TTFT 473.80 ms  decode 187.55 tok/s
round 2 new-srv            server prompt   256 TTFT 13.85 ms  decode 243.44 tok/s
round 2 new-srv            server prompt  8192 TTFT 420.20 ms  decode 187.89 tok/s
round 2 base-cli-null      cli    prompt   256 TTFT 14.24 ms  decode 270.23 tok/s
round 2 base-cli-null      cli    prompt  8192 TTFT 405.23 ms  decode 207.97 tok/s
round 2 base-cli           cli    prompt   256 TTFT 13.65 ms  decode 269.90 tok/s
round 2 base-cli           cli    prompt  8192 TTFT 405.51 ms  decode 207.85 tok/s
round 2 new-cli            cli    prompt   256 TTFT 14.78 ms  decode 271.26 tok/s
round 2 new-cli            cli    prompt  8192 TTFT 409.00 ms  decode 207.91 tok/s
round 3 base-srv           server prompt   256 TTFT 14.28 ms  decode 243.39 tok/s
round 3 base-srv           server prompt  8192 TTFT 482.35 ms  decode 188.34 tok/s
round 3 new-srv            server prompt   256 TTFT 13.15 ms  decode 244.28 tok/s
round 3 new-srv            server prompt  8192 TTFT 420.31 ms  decode 187.15 tok/s
round 3 base-cli-null      cli    prompt   256 TTFT 13.07 ms  decode 270.05 tok/s
round 3 base-cli-null      cli    prompt  8192 TTFT 400.43 ms  decode 208.27 tok/s
round 3 base-cli           cli    prompt   256 TTFT 13.66 ms  decode 269.78 tok/s
round 3 base-cli           cli    prompt  8192 TTFT 401.00 ms  decode 207.82 tok/s
round 3 new-cli            cli    prompt   256 TTFT 14.90 ms  decode 270.73 tok/s
round 3 new-cli            cli    prompt  8192 TTFT 401.59 ms  decode 208.21 tok/s
round 3 new-srv-dense      server prompt   256 TTFT 13.05 ms  decode 266.60 tok/s
round 3 new-srv-dense      server prompt  8192 TTFT 406.63 ms  decode 203.57 tok/s
round 4 new-srv            server prompt   256 TTFT 13.44 ms  decode 241.96 tok/s
round 4 new-srv            server prompt  8192 TTFT 416.82 ms  decode 187.13 tok/s
round 4 base-cli-null      cli    prompt   256 TTFT 13.77 ms  decode 268.93 tok/s
round 4 base-cli-null      cli    prompt  8192 TTFT 404.94 ms  decode 208.31 tok/s
round 4 base-cli           cli    prompt   256 TTFT 12.72 ms  decode 268.21 tok/s
round 4 base-cli           cli    prompt  8192 TTFT 403.55 ms  decode 207.45 tok/s
round 4 new-cli            cli    prompt   256 TTFT 14.34 ms  decode 271.88 tok/s
round 4 new-cli            cli    prompt  8192 TTFT 399.73 ms  decode 209.16 tok/s
round 4 new-srv-dense      server prompt   256 TTFT 13.16 ms  decode 266.15 tok/s
round 4 new-srv-dense      server prompt  8192 TTFT 401.85 ms  decode 204.34 tok/s
round 4 base-srv           server prompt   256 TTFT 14.78 ms  decode 245.69 tok/s
round 4 base-srv           server prompt  8192 TTFT 476.97 ms  decode 187.67 tok/s

arm medians (min..max) per path and prompt length
  cli    prompt   256  base-cli           n=5  ttft_ms 13.65 (12.72..13.81)  decode_tok_s 269.78 (268.21..270.08)
  cli    prompt   256  new-cli            n=5  ttft_ms 14.78 (14.34..14.90)  decode_tok_s 271.26 (270.60..272.01)
  cli    prompt   256  base-cli-null      n=5  ttft_ms 13.77 (13.07..14.24)  decode_tok_s 270.00 (268.93..270.23)
  cli    prompt  8192  base-cli           n=5  ttft_ms 403.95 (401.00..406.10)  decode_tok_s 207.82 (207.31..208.01)
  cli    prompt  8192  new-cli            n=5  ttft_ms 401.59 (399.73..409.00)  decode_tok_s 208.21 (207.91..209.16)
  cli    prompt  8192  base-cli-null      n=5  ttft_ms 404.61 (399.34..405.23)  decode_tok_s 207.97 (206.55..208.31)
  server prompt   256  new-srv-dense      n=5  ttft_ms 13.59 (13.05..14.26)  decode_tok_s 265.75 (264.21..266.60)
  server prompt   256  base-srv           n=5  ttft_ms 13.85 (13.28..14.78)  decode_tok_s 243.39 (240.68..248.93)
  server prompt   256  new-srv            n=5  ttft_ms 13.44 (13.15..14.65)  decode_tok_s 243.45 (241.96..244.28)
  server prompt  8192  new-srv-dense      n=5  ttft_ms 403.54 (401.85..407.62)  decode_tok_s 203.57 (203.01..204.34)
  server prompt  8192  base-srv           n=5  ttft_ms 478.55 (473.80..482.35)  decode_tok_s 187.90 (187.55..188.67)
  server prompt  8192  new-srv            n=5  ttft_ms 420.04 (416.82..420.31)  decode_tok_s 187.52 (187.13..187.89)

paired per-round deltas, arm vs reference (positive = higher than the reference)
  cli    prompt   256  new-cli            vs base-cli       ttft_ms      median +9.03%  range +4.24%..+12.72%
  cli    prompt   256  new-cli            vs base-cli       decode_tok_s median +0.51%  range +0.19%..+1.37%
  cli    prompt   256  base-cli-null      vs base-cli       ttft_ms      median +0.13%  range -4.37%..+8.27%
  cli    prompt   256  base-cli-null      vs base-cli       decode_tok_s median +0.12%  range -0.03%..+0.27%
  cli    prompt  8192  new-cli            vs base-cli       ttft_ms      median -0.42%  range -1.28%..+0.86%
  cli    prompt  8192  new-cli            vs base-cli       decode_tok_s median +0.19%  range +0.03%..+0.82%
  cli    prompt  8192  base-cli-null      vs base-cli       ttft_ms      median -0.14%  range -1.14%..+0.34%
  cli    prompt  8192  base-cli-null      vs base-cli       decode_tok_s median +0.06%  range -0.36%..+0.42%

the *-null rows are the noise floor: an A/B delta whose range overlaps the null range is unresolved
