test 0 2026-10-08T23:57:09+09:00
probe_after_b2 0 2026-10-08T23:57:16+09:00
probe_after_b4 0 2026-10-08T23:57:22+09:00
probe_after_b8 0 2026-10-08T23:57:30+09:00
probe_before_b8 0 2026-10-08T23:57:39+09:00
pbd_after 0 2026-10-09T00:00:33+09:00
pbd_before 0 2026-10-09T00:03:12+09:00
pbd_prof 0 2026-10-09T00:03:24+09:00
bd_before_1 0 2026-10-09T00:03:30+09:00
bd_after_1 0 2026-10-09T00:03:37+09:00
bd_before_2 0 2026-10-09T00:03:43+09:00
bd_after_2 0 2026-10-09T00:03:49+09:00
bd_before_3 0 2026-10-09T00:03:55+09:00
bd_after_3 0 2026-10-09T00:04:02+09:00
after 0 2026-10-09T00:18:42+09:00
before 0 2026-10-09T00:21:38+09:00
test 0 2026-10-09T00:26:45+09:00
probe_after_b2 0 2026-10-09T00:26:51+09:00
probe_after_b4 0 2026-10-09T00:26:58+09:00
probe_after_b8 0 2026-10-09T00:27:05+09:00
probe_before_b8 0 2026-10-09T00:27:13+09:00
pbd_after 0 2026-10-09T00:30:06+09:00
pbd_before 0 2026-10-09T00:32:43+09:00
pbd_prof 0 2026-10-09T00:32:55+09:00
bd_before_1 0 2026-10-09T00:33:01+09:00
bd_after_1 0 2026-10-09T00:33:08+09:00
bd_before_2 0 2026-10-09T00:33:14+09:00
bd_after_2 0 2026-10-09T00:33:21+09:00
bd_before_3 0 2026-10-09T00:33:27+09:00
bd_after_3 0 2026-10-09T00:33:33+09:00
after 0 2026-10-09T00:49:15+09:00
before 0 2026-10-09T00:52:14+09:00
