15:42:24 3.30 2.51 2.76 5/1159 938062
15:42:54 3.59 2.65 2.80 6/1184 938834
15:43:24 4.00 2.84 2.86 7/1180 939623
15:43:54 3.78 2.91 2.88 5/1146 940268
15:44:24 3.20 2.85 2.86 4/1135 940990
15:44:54 3.19 2.88 2.88 4/1161 941578
15:45:25 3.16 2.90 2.88 3/1168 942103
15:45:55 3.61 3.04 2.93 4/1141 943602
15:46:25 3.11 2.98 2.91 5/1148 944380
15:46:55 2.66 2.89 2.88 2/1119 944944
15:47:25 2.26 2.75 2.84 2/1122 946064
15:47:55 2.24 2.70 2.82 4/1121 961327
15:48:25 3.55 2.96 2.90 6/1184 973065
15:48:55 3.19 2.93 2.89 4/1187 974147
15:49:25 2.72 2.84 2.86 12/1160 974596
15:49:55 2.38 2.74 2.83 4/1156 975045
15:50:25 3.36 2.94 2.89 5/1214 976844
15:50:55 3.62 3.05 2.93 5/1211 977221
15:51:25 4.49 3.30 3.02 3/1155 979145
15:51:55 3.80 3.24 3.01 5/1155 979889
15:52:25 3.09 3.12 2.97 4/1121 980381
15:52:55 2.19 2.90 2.90 5/1120 980733
15:53:25 1.66 2.70 2.84 1/1123 980975
15:53:55 1.49 2.55 2.78 5/1150 981372
15:54:25 2.43 2.68 2.82 3/1175 982088
15:54:55 1.80 2.50 2.75 1/1127 982377
15:55:25 1.65 2.39 2.71 3/1120 982726
15:55:55 1.61 2.31 2.67 5/1147 983970
15:56:25 1.93 2.32 2.66 2/1146 984375
15:56:55 1.95 2.29 2.64 3/1137 984734
15:57:25 2.08 2.28 2.62 6/1148 985271
15:57:55 3.10 2.51 2.69 6/1200 986187
15:58:25 4.28 2.85 2.80 6/1202 987396
15:58:55 4.46 3.02 2.86 4/1193 987846
15:59:25 4.42 3.16 2.91 5/1148 988615
15:59:55 3.54 3.07 2.89 6/1217 989337
16:00:25 2.87 2.95 2.85 2/1210 989965
16:00:55 2.29 2.79 2.80 3/1219 990271
