2026-10-09T00:53:55+0900 waiting for guard lock /tmp/mlxcel-rocm-gpu-guard.lock
2026-10-09T03:01:07+0900 acquired guard lock /tmp/mlxcel-rocm-gpu-guard.lock after 7632s
2026-10-09T03:01:07+0900 waiting for 60s of idle GPU and no compiler
2026-10-09T03:02:36+0900 idle for 60s: kfd proc empty and no compiler in every 1 Hz sample
2026-10-09T03:02:36+0900 attempt 1/6: start: <meas>/run_s4.sh <meas>/s4
2026-10-09T03:02:36+0900 sample 1: clean gpu=[]
2026-10-09T03:02:38+0900 sample 2: clean gpu=[1778879:rocm_qmm_batche]
2026-10-09T03:02:39+0900 sample 3: clean gpu=[1778879:rocm_qmm_batche]
2026-10-09T03:02:41+0900 sample 4: clean gpu=[1778879:rocm_qmm_batche]
2026-10-09T03:02:42+0900 sample 5: clean gpu=[1778879:rocm_qmm_batche]
2026-10-09T03:02:44+0900 sample 6: clean gpu=[1778879:rocm_qmm_batche]
2026-10-09T03:02:45+0900 sample 7: clean gpu=[1778879:rocm_qmm_batche]
2026-10-09T03:02:47+0900 sample 8: clean gpu=[1778879:rocm_qmm_batche]
2026-10-09T03:02:48+0900 sample 9: clean gpu=[1778879:rocm_qmm_batche]
2026-10-09T03:02:50+0900 sample 10: clean gpu=[1778879:rocm_qmm_batche]
2026-10-09T03:02:52+0900 sample 11: clean gpu=[1778879:rocm_qmm_batche]
2026-10-09T03:02:53+0900 sample 12: clean gpu=[1778879:rocm_qmm_batche]
2026-10-09T03:02:55+0900 sample 13: clean gpu=[1778879:rocm_qmm_batche]
2026-10-09T03:02:56+0900 sample 14: clean gpu=[1778879:rocm_qmm_batche]
2026-10-09T03:02:58+0900 sample 15: clean gpu=[1778879:rocm_qmm_batche]
2026-10-09T03:02:59+0900 sample 16: clean gpu=[1778879:rocm_qmm_batche]
2026-10-09T03:03:01+0900 sample 17: clean gpu=[1778879:rocm_qmm_batche]
2026-10-09T03:03:02+0900 sample 18: clean gpu=[1778879:rocm_qmm_batche]
2026-10-09T03:03:04+0900 sample 19: clean gpu=[1778879:rocm_qmm_batche]
2026-10-09T03:03:05+0900 sample 20: clean gpu=[1778879:rocm_qmm_batche]
2026-10-09T03:03:07+0900 sample 21: clean gpu=[1778879:rocm_qmm_batche]
2026-10-09T03:03:08+0900 sample 22: clean gpu=[1778879:rocm_qmm_batche]
2026-10-09T03:03:10+0900 sample 23: clean gpu=[1778879:rocm_qmm_batche]
2026-10-09T03:03:11+0900 sample 24: clean gpu=[1778879:rocm_qmm_batche]
2026-10-09T03:03:13+0900 sample 25: clean gpu=[1778879:rocm_qmm_batche]
2026-10-09T03:03:14+0900 sample 26: clean gpu=[1778879:rocm_qmm_batche]
2026-10-09T03:03:16+0900 sample 27: clean gpu=[1778879:rocm_qmm_batche]
2026-10-09T03:03:17+0900 sample 28: clean gpu=[1778879:rocm_qmm_batche]
2026-10-09T03:03:19+0900 sample 29: clean gpu=[1778879:rocm_qmm_batche]
2026-10-09T03:03:20+0900 sample 30: clean gpu=[1778879:rocm_qmm_batche]
2026-10-09T03:03:22+0900 sample 31: clean gpu=[1778879:rocm_qmm_batche]
2026-10-09T03:03:23+0900 sample 32: clean gpu=[1778879:rocm_qmm_batche]
2026-10-09T03:03:25+0900 sample 33: clean gpu=[1778879:rocm_qmm_batche]
2026-10-09T03:03:26+0900 sample 34: clean gpu=[1778879:rocm_qmm_batche]
2026-10-09T03:03:28+0900 sample 35: clean gpu=[1778879:rocm_qmm_batche]
2026-10-09T03:03:29+0900 sample 36: clean gpu=[1778879:rocm_qmm_batche]
2026-10-09T03:03:31+0900 sample 37: clean gpu=[1778879:rocm_qmm_batche]
2026-10-09T03:03:32+0900 sample 38: clean gpu=[1778879:rocm_qmm_batche]
2026-10-09T03:03:34+0900 sample 39: clean gpu=[1778879:rocm_qmm_batche]
2026-10-09T03:03:35+0900 sample 40: clean gpu=[1778879:rocm_qmm_batche]
2026-10-09T03:03:37+0900 sample 41: clean gpu=[1778879:rocm_qmm_batche]
2026-10-09T03:03:38+0900 sample 42: clean gpu=[1778879:rocm_qmm_batche]
2026-10-09T03:03:40+0900 sample 43: clean gpu=[1778879:rocm_qmm_batche]
2026-10-09T03:03:41+0900 sample 44: clean gpu=[1778879:rocm_qmm_batche]
2026-10-09T03:03:43+0900 sample 45: clean gpu=[1778879:rocm_qmm_batche]
2026-10-09T03:03:44+0900 sample 46: clean gpu=[1778879:rocm_qmm_batche]
2026-10-09T03:03:46+0900 sample 47: clean gpu=[1778879:rocm_qmm_batche]
2026-10-09T03:03:47+0900 sample 48: clean gpu=[1778879:rocm_qmm_batche]
2026-10-09T03:03:49+0900 sample 49: clean gpu=[1778879:rocm_qmm_batche]
2026-10-09T03:03:50+0900 sample 50: clean gpu=[1778879:rocm_qmm_batche]
2026-10-09T03:03:52+0900 sample 51: clean gpu=[1778879:rocm_qmm_batche]
2026-10-09T03:03:53+0900 sample 52: clean gpu=[1778879:rocm_qmm_batche]
2026-10-09T03:03:55+0900 sample 53: clean gpu=[1778879:rocm_qmm_batche]
2026-10-09T03:03:57+0900 sample 54: clean gpu=[1778879:rocm_qmm_batche]
2026-10-09T03:03:58+0900 sample 55: clean gpu=[1778879:rocm_qmm_batche]
2026-10-09T03:04:00+0900 sample 56: clean gpu=[1778879:rocm_qmm_batche]
2026-10-09T03:04:01+0900 sample 57: clean gpu=[1778879:rocm_qmm_batche]
2026-10-09T03:04:03+0900 sample 58: clean gpu=[1831006:qmm_batch_rows_]
2026-10-09T03:04:04+0900 sample 59: clean gpu=[1831006:qmm_batch_rows_]
2026-10-09T03:04:06+0900 sample 60: clean gpu=[1831006:qmm_batch_rows_]
2026-10-09T03:04:07+0900 sample 61: clean gpu=[1831006:qmm_batch_rows_]
2026-10-09T03:04:09+0900 sample 62: clean gpu=[1831006:qmm_batch_rows_]
2026-10-09T03:04:10+0900 sample 63: clean gpu=[1831006:qmm_batch_rows_]
2026-10-09T03:04:12+0900 sample 64: clean gpu=[1831006:qmm_batch_rows_]
2026-10-09T03:04:13+0900 sample 65: clean gpu=[1831006:?]
2026-10-09T03:04:15+0900 sample 66: clean gpu=[1837730:qmm_batch_rows_]
2026-10-09T03:04:16+0900 sample 67: clean gpu=[1837730:qmm_batch_rows_]
2026-10-09T03:04:18+0900 sample 68: clean gpu=[1837730:qmm_batch_rows_]
2026-10-09T03:04:19+0900 sample 69: clean gpu=[1837730:qmm_batch_rows_]
2026-10-09T03:04:21+0900 sample 70: clean gpu=[1837730:qmm_batch_rows_]
2026-10-09T03:04:22+0900 sample 71: clean gpu=[1837730:qmm_batch_rows_]
2026-10-09T03:04:24+0900 sample 72: clean gpu=[1837730:qmm_batch_rows_]
2026-10-09T03:04:25+0900 sample 73: clean gpu=[1845073:qmm_batch_rows_]
2026-10-09T03:04:27+0900 sample 74: clean gpu=[1845073:qmm_batch_rows_]
2026-10-09T03:04:28+0900 sample 75: clean gpu=[1845073:qmm_batch_rows_]
2026-10-09T03:04:30+0900 sample 76: clean gpu=[1845073:qmm_batch_rows_]
2026-10-09T03:04:31+0900 sample 77: clean gpu=[1845073:qmm_batch_rows_]
2026-10-09T03:04:33+0900 sample 78: clean gpu=[1845073:qmm_batch_rows_]
2026-10-09T03:04:34+0900 sample 79: clean gpu=[1845073:qmm_batch_rows_]
2026-10-09T03:04:36+0900 sample 80: clean gpu=[1845073:qmm_batch_rows_]
2026-10-09T03:04:37+0900 sample 81: clean gpu=[1852010:profile_batched]
2026-10-09T03:04:39+0900 sample 82: clean gpu=[1852010:profile_batched]
2026-10-09T03:04:40+0900 sample 83: clean gpu=[1852010:profile_batched]
2026-10-09T03:04:41+0900 sample 84: clean gpu=[1852010:profile_batched]
2026-10-09T03:04:43+0900 sample 85: clean gpu=[1852010:profile_batched]
2026-10-09T03:04:44+0900 sample 86: clean gpu=[1852010:profile_batched]
2026-10-09T03:04:46+0900 sample 87: clean gpu=[1852010:profile_batched]
2026-10-09T03:04:47+0900 sample 88: clean gpu=[1852010:profile_batched]
2026-10-09T03:04:49+0900 sample 89: clean gpu=[1852010:profile_batched]
2026-10-09T03:04:50+0900 sample 90: clean gpu=[1852010:profile_batched]
2026-10-09T03:04:52+0900 sample 91: clean gpu=[1852010:profile_batched]
2026-10-09T03:04:53+0900 sample 92: clean gpu=[1852010:profile_batched]
2026-10-09T03:04:55+0900 sample 93: clean gpu=[1852010:profile_batched]
2026-10-09T03:04:56+0900 sample 94: clean gpu=[1852010:profile_batched]
2026-10-09T03:04:58+0900 sample 95: clean gpu=[1852010:profile_batched]
2026-10-09T03:04:59+0900 sample 96: clean gpu=[1852010:profile_batched]
2026-10-09T03:05:01+0900 sample 97: clean gpu=[1852010:profile_batched]
2026-10-09T03:05:02+0900 sample 98: clean gpu=[1852010:profile_batched]
2026-10-09T03:05:04+0900 sample 99: clean gpu=[1852010:profile_batched]
2026-10-09T03:05:05+0900 sample 100: clean gpu=[1852010:profile_batched]
2026-10-09T03:05:07+0900 sample 101: clean gpu=[1852010:profile_batched]
2026-10-09T03:05:08+0900 sample 102: clean gpu=[1852010:profile_batched]
2026-10-09T03:05:10+0900 sample 103: clean gpu=[1852010:profile_batched]
2026-10-09T03:05:11+0900 sample 104: clean gpu=[1874109:profile_batched]
2026-10-09T03:05:13+0900 sample 105: clean gpu=[1874109:profile_batched]
2026-10-09T03:05:14+0900 sample 106: clean gpu=[1874109:profile_batched]
2026-10-09T03:05:16+0900 sample 107: clean gpu=[1874109:profile_batched]
2026-10-09T03:05:17+0900 sample 108: clean gpu=[1874109:profile_batched]
2026-10-09T03:05:19+0900 sample 109: clean gpu=[1874109:profile_batched]
2026-10-09T03:05:20+0900 sample 110: clean gpu=[1874109:profile_batched]
2026-10-09T03:05:22+0900 sample 111: clean gpu=[1874109:profile_batched]
2026-10-09T03:05:23+0900 sample 112: clean gpu=[1874109:profile_batched]
2026-10-09T03:05:25+0900 sample 113: clean gpu=[1874109:profile_batched]
2026-10-09T03:05:26+0900 sample 114: clean gpu=[1874109:profile_batched]
2026-10-09T03:05:28+0900 sample 115: clean gpu=[1874109:profile_batched]
2026-10-09T03:05:29+0900 sample 116: clean gpu=[1874109:profile_batched]
2026-10-09T03:05:31+0900 sample 117: clean gpu=[1874109:profile_batched]
2026-10-09T03:05:32+0900 sample 118: clean gpu=[1874109:profile_batched]
2026-10-09T03:05:33+0900 sample 119: clean gpu=[1874109:profile_batched]
2026-10-09T03:05:35+0900 sample 120: clean gpu=[1874109:profile_batched]
2026-10-09T03:05:36+0900 sample 121: clean gpu=[1874109:profile_batched]
2026-10-09T03:05:38+0900 sample 122: clean gpu=[1874109:profile_batched]
2026-10-09T03:05:39+0900 sample 123: clean gpu=[1874109:profile_batched]
2026-10-09T03:05:41+0900 sample 124: clean gpu=[1874109:profile_batched]
2026-10-09T03:05:42+0900 sample 125: clean gpu=[1874109:profile_batched]
2026-10-09T03:05:44+0900 sample 126: clean gpu=[1874109:profile_batched]
2026-10-09T03:05:45+0900 sample 127: clean gpu=[1874109:profile_batched]
2026-10-09T03:05:47+0900 sample 128: clean gpu=[1874109:profile_batched]
2026-10-09T03:05:48+0900 sample 129: clean gpu=[1898050:profile_batched]
2026-10-09T03:05:50+0900 sample 130: clean gpu=[1898050:profile_batched]
2026-10-09T03:05:51+0900 sample 131: clean gpu=[1898050:profile_batched]
2026-10-09T03:05:53+0900 sample 132: clean gpu=[1898050:profile_batched]
2026-10-09T03:05:54+0900 sample 133: clean gpu=[1898050:profile_batched]
2026-10-09T03:05:56+0900 sample 134: clean gpu=[1898050:profile_batched]
2026-10-09T03:05:57+0900 sample 135: clean gpu=[1898050:profile_batched]
2026-10-09T03:05:59+0900 sample 136: clean gpu=[1898050:profile_batched]
2026-10-09T03:06:00+0900 sample 137: clean gpu=[1898050:profile_batched]
2026-10-09T03:06:02+0900 sample 138: clean gpu=[1898050:profile_batched]
2026-10-09T03:06:03+0900 sample 139: clean gpu=[1898050:profile_batched]
2026-10-09T03:06:05+0900 sample 140: clean gpu=[1898050:profile_batched]
2026-10-09T03:06:06+0900 sample 141: clean gpu=[1898050:profile_batched]
2026-10-09T03:06:08+0900 sample 142: clean gpu=[1898050:profile_batched]
2026-10-09T03:06:09+0900 sample 143: clean gpu=[1898050:profile_batched]
2026-10-09T03:06:11+0900 sample 144: clean gpu=[1898050:profile_batched]
2026-10-09T03:06:12+0900 sample 145: clean gpu=[1898050:profile_batched]
2026-10-09T03:06:14+0900 sample 146: clean gpu=[1898050:profile_batched]
2026-10-09T03:06:15+0900 sample 147: clean gpu=[1898050:profile_batched]
2026-10-09T03:06:17+0900 sample 148: clean gpu=[1898050:profile_batched]
2026-10-09T03:06:18+0900 sample 149: clean gpu=[1898050:profile_batched]
2026-10-09T03:06:20+0900 sample 150: clean gpu=[1898050:profile_batched]
2026-10-09T03:06:21+0900 sample 151: clean gpu=[1898050:profile_batched]
2026-10-09T03:06:23+0900 sample 152: clean gpu=[1919828:profile_batched]
2026-10-09T03:06:24+0900 sample 153: clean gpu=[1919828:profile_batched]
2026-10-09T03:06:26+0900 sample 154: clean gpu=[1919828:profile_batched]
2026-10-09T03:06:27+0900 sample 155: clean gpu=[1919828:profile_batched]
2026-10-09T03:06:29+0900 sample 156: clean gpu=[1919828:profile_batched]
2026-10-09T03:06:30+0900 sample 157: clean gpu=[1919828:profile_batched]
2026-10-09T03:06:32+0900 sample 158: clean gpu=[1919828:profile_batched]
2026-10-09T03:06:33+0900 sample 159: clean gpu=[1919828:profile_batched]
2026-10-09T03:06:35+0900 sample 160: clean gpu=[1919828:profile_batched]
2026-10-09T03:06:36+0900 sample 161: clean gpu=[1919828:profile_batched]
2026-10-09T03:06:38+0900 sample 162: clean gpu=[1919828:profile_batched]
2026-10-09T03:06:39+0900 sample 163: clean gpu=[1919828:profile_batched]
2026-10-09T03:06:41+0900 sample 164: clean gpu=[1919828:profile_batched]
2026-10-09T03:06:42+0900 sample 165: clean gpu=[1919828:profile_batched]
2026-10-09T03:06:44+0900 sample 166: clean gpu=[1919828:profile_batched]
2026-10-09T03:06:45+0900 sample 167: clean gpu=[1919828:profile_batched]
2026-10-09T03:06:47+0900 sample 168: clean gpu=[1919828:profile_batched]
2026-10-09T03:06:48+0900 sample 169: clean gpu=[1919828:profile_batched]
2026-10-09T03:06:50+0900 sample 170: clean gpu=[1919828:profile_batched]
2026-10-09T03:06:51+0900 sample 171: clean gpu=[1919828:profile_batched]
2026-10-09T03:06:53+0900 sample 172: clean gpu=[1919828:profile_batched]
2026-10-09T03:06:54+0900 sample 173: clean gpu=[1919828:profile_batched]
2026-10-09T03:06:56+0900 sample 174: clean gpu=[1919828:profile_batched]
2026-10-09T03:06:57+0900 sample 175: clean gpu=[1919828:profile_batched]
2026-10-09T03:06:59+0900 sample 176: clean gpu=[1919828:profile_batched]
2026-10-09T03:07:00+0900 sample 177: clean gpu=[1943586:profile_batched]
2026-10-09T03:07:01+0900 sample 178: clean gpu=[1943586:profile_batched]
2026-10-09T03:07:03+0900 sample 179: clean gpu=[1943586:profile_batched]
2026-10-09T03:07:04+0900 sample 180: clean gpu=[1943586:profile_batched]
2026-10-09T03:07:06+0900 sample 181: clean gpu=[1943586:profile_batched]
2026-10-09T03:07:07+0900 sample 182: clean gpu=[1943586:profile_batched]
2026-10-09T03:07:09+0900 sample 183: clean gpu=[1943586:profile_batched]
2026-10-09T03:07:10+0900 sample 184: clean gpu=[1943586:profile_batched]
2026-10-09T03:07:12+0900 sample 185: clean gpu=[1943586:profile_batched]
2026-10-09T03:07:13+0900 sample 186: clean gpu=[1943586:profile_batched]
2026-10-09T03:07:15+0900 sample 187: clean gpu=[1943586:profile_batched]
2026-10-09T03:07:16+0900 sample 188: clean gpu=[1943586:profile_batched]
2026-10-09T03:07:18+0900 sample 189: clean gpu=[1943586:profile_batched]
2026-10-09T03:07:19+0900 sample 190: clean gpu=[1943586:profile_batched]
2026-10-09T03:07:21+0900 sample 191: clean gpu=[1943586:profile_batched]
2026-10-09T03:07:22+0900 sample 192: clean gpu=[1943586:profile_batched]
2026-10-09T03:07:24+0900 sample 193: clean gpu=[1943586:profile_batched]
2026-10-09T03:07:25+0900 sample 194: clean gpu=[1943586:profile_batched]
2026-10-09T03:07:27+0900 sample 195: clean gpu=[1943586:profile_batched]
2026-10-09T03:07:28+0900 sample 196: clean gpu=[1943586:profile_batched]
2026-10-09T03:07:30+0900 sample 197: clean gpu=[1943586:profile_batched]
2026-10-09T03:07:31+0900 sample 198: clean gpu=[1943586:profile_batched]
2026-10-09T03:07:33+0900 sample 199: clean gpu=[1943586:profile_batched]
2026-10-09T03:07:34+0900 sample 200: clean gpu=[1943586:profile_batched]
2026-10-09T03:07:36+0900 sample 201: clean gpu=[1943586:profile_batched]
2026-10-09T03:07:37+0900 sample 202: clean gpu=[1943586:profile_batched]
2026-10-09T03:07:39+0900 sample 203: clean gpu=[1943586:profile_batched]
2026-10-09T03:07:40+0900 sample 204: clean gpu=[1943586:profile_batched]
2026-10-09T03:07:42+0900 sample 205: clean gpu=[1943586:profile_batched]
2026-10-09T03:07:43+0900 sample 206: clean gpu=[1943586:profile_batched]
2026-10-09T03:07:45+0900 sample 207: clean gpu=[1943586:profile_batched]
2026-10-09T03:07:46+0900 sample 208: clean gpu=[1943586:profile_batched]
2026-10-09T03:07:48+0900 sample 209: clean gpu=[1943586:profile_batched]
2026-10-09T03:07:49+0900 sample 210: clean gpu=[1943586:profile_batched]
2026-10-09T03:07:51+0900 sample 211: clean gpu=[1943586:profile_batched]
2026-10-09T03:07:52+0900 sample 212: clean gpu=[1943586:profile_batched]
2026-10-09T03:07:54+0900 sample 213: clean gpu=[1943586:profile_batched]
2026-10-09T03:07:55+0900 sample 214: clean gpu=[1943586:profile_batched]
2026-10-09T03:07:56+0900 sample 215: clean gpu=[1943586:profile_batched]
2026-10-09T03:07:58+0900 sample 216: clean gpu=[1943586:profile_batched]
2026-10-09T03:07:59+0900 sample 217: clean gpu=[1943586:profile_batched]
2026-10-09T03:08:01+0900 sample 218: clean gpu=[1943586:profile_batched]
2026-10-09T03:08:02+0900 sample 219: clean gpu=[1943586:profile_batched]
2026-10-09T03:08:04+0900 sample 220: clean gpu=[1943586:profile_batched]
2026-10-09T03:08:05+0900 sample 221: clean gpu=[1943586:profile_batched]
2026-10-09T03:08:07+0900 sample 222: clean gpu=[1943586:profile_batched]
2026-10-09T03:08:08+0900 sample 223: clean gpu=[1943586:profile_batched]
2026-10-09T03:08:10+0900 sample 224: clean gpu=[1943586:profile_batched]
2026-10-09T03:08:11+0900 sample 225: clean gpu=[1943586:profile_batched]
2026-10-09T03:08:13+0900 sample 226: clean gpu=[1943586:profile_batched]
2026-10-09T03:08:14+0900 sample 227: clean gpu=[1943586:profile_batched]
2026-10-09T03:08:16+0900 sample 228: clean gpu=[1943586:profile_batched]
2026-10-09T03:08:17+0900 sample 229: clean gpu=[1943586:profile_batched]
2026-10-09T03:08:19+0900 sample 230: clean gpu=[1943586:profile_batched]
2026-10-09T03:08:20+0900 sample 231: clean gpu=[1943586:profile_batched]
2026-10-09T03:08:22+0900 sample 232: clean gpu=[1943586:profile_batched]
2026-10-09T03:08:23+0900 sample 233: clean gpu=[1943586:profile_batched]
2026-10-09T03:08:25+0900 sample 234: clean gpu=[1943586:profile_batched]
2026-10-09T03:08:26+0900 sample 235: clean gpu=[1943586:profile_batched]
2026-10-09T03:08:28+0900 sample 236: clean gpu=[1943586:profile_batched]
2026-10-09T03:08:29+0900 sample 237: clean gpu=[1943586:profile_batched]
2026-10-09T03:08:31+0900 sample 238: clean gpu=[1943586:profile_batched]
2026-10-09T03:08:32+0900 sample 239: clean gpu=[1943586:profile_batched]
2026-10-09T03:08:34+0900 sample 240: clean gpu=[1943586:profile_batched]
2026-10-09T03:08:35+0900 sample 241: clean gpu=[1943586:profile_batched]
2026-10-09T03:08:37+0900 sample 242: clean gpu=[1943586:profile_batched]
2026-10-09T03:08:38+0900 sample 243: clean gpu=[1943586:profile_batched]
2026-10-09T03:08:40+0900 sample 244: clean gpu=[1943586:profile_batched]
2026-10-09T03:08:41+0900 sample 245: clean gpu=[1943586:profile_batched]
2026-10-09T03:08:43+0900 sample 246: clean gpu=[1943586:profile_batched]
2026-10-09T03:08:44+0900 sample 247: clean gpu=[1943586:profile_batched]
2026-10-09T03:08:46+0900 sample 248: clean gpu=[1943586:profile_batched]
2026-10-09T03:08:47+0900 sample 249: clean gpu=[1943586:profile_batched]
2026-10-09T03:08:49+0900 sample 250: clean gpu=[1943586:profile_batched]
2026-10-09T03:08:50+0900 sample 251: clean gpu=[1943586:profile_batched]
2026-10-09T03:08:52+0900 sample 252: clean gpu=[1943586:profile_batched]
2026-10-09T03:08:53+0900 sample 253: clean gpu=[1943586:profile_batched]
2026-10-09T03:08:55+0900 sample 254: clean gpu=[1943586:profile_batched]
2026-10-09T03:08:56+0900 sample 255: clean gpu=[1943586:profile_batched]
2026-10-09T03:08:58+0900 sample 256: clean gpu=[1943586:profile_batched]
2026-10-09T03:08:59+0900 sample 257: clean gpu=[1943586:profile_batched]
2026-10-09T03:09:01+0900 sample 258: clean gpu=[1943586:profile_batched]
2026-10-09T03:09:02+0900 sample 259: clean gpu=[1943586:profile_batched]
2026-10-09T03:09:04+0900 sample 260: clean gpu=[1943586:profile_batched]
2026-10-09T03:09:05+0900 sample 261: clean gpu=[1943586:profile_batched]
2026-10-09T03:09:07+0900 sample 262: clean gpu=[1943586:profile_batched]
2026-10-09T03:09:08+0900 sample 263: clean gpu=[1943586:profile_batched]
2026-10-09T03:09:10+0900 sample 264: clean gpu=[1943586:profile_batched]
2026-10-09T03:09:11+0900 sample 265: clean gpu=[1943586:profile_batched]
2026-10-09T03:09:12+0900 sample 266: clean gpu=[1943586:profile_batched]
2026-10-09T03:09:14+0900 sample 267: clean gpu=[1943586:profile_batched]
2026-10-09T03:09:15+0900 sample 268: clean gpu=[1943586:profile_batched]
2026-10-09T03:09:17+0900 sample 269: clean gpu=[1943586:profile_batched]
2026-10-09T03:09:18+0900 sample 270: clean gpu=[1943586:profile_batched]
2026-10-09T03:09:20+0900 sample 271: clean gpu=[1943586:profile_batched]
2026-10-09T03:09:21+0900 sample 272: clean gpu=[1943586:profile_batched]
2026-10-09T03:09:23+0900 sample 273: clean gpu=[1943586:profile_batched]
2026-10-09T03:09:24+0900 sample 274: clean gpu=[1943586:profile_batched]
2026-10-09T03:09:26+0900 sample 275: clean gpu=[1943586:profile_batched]
2026-10-09T03:09:27+0900 sample 276: clean gpu=[1943586:profile_batched]
2026-10-09T03:09:29+0900 sample 277: clean gpu=[1943586:profile_batched]
2026-10-09T03:09:30+0900 sample 278: clean gpu=[1943586:profile_batched]
2026-10-09T03:09:32+0900 sample 279: clean gpu=[1943586:profile_batched]
2026-10-09T03:09:33+0900 sample 280: clean gpu=[1943586:profile_batched]
2026-10-09T03:09:35+0900 sample 281: clean gpu=[1943586:profile_batched]
2026-10-09T03:09:36+0900 sample 282: clean gpu=[1943586:profile_batched]
2026-10-09T03:09:38+0900 sample 283: clean gpu=[1943586:profile_batched]
2026-10-09T03:09:39+0900 sample 284: clean gpu=[1943586:profile_batched]
2026-10-09T03:09:41+0900 sample 285: clean gpu=[1943586:profile_batched]
2026-10-09T03:09:42+0900 sample 286: clean gpu=[1943586:profile_batched]
2026-10-09T03:09:44+0900 sample 287: clean gpu=[1943586:profile_batched]
2026-10-09T03:09:45+0900 sample 288: clean gpu=[1943586:profile_batched]
2026-10-09T03:09:47+0900 sample 289: clean gpu=[1943586:profile_batched]
2026-10-09T03:09:48+0900 sample 290: clean gpu=[1943586:profile_batched]
2026-10-09T03:09:50+0900 sample 291: clean gpu=[1943586:profile_batched]
2026-10-09T03:09:51+0900 sample 292: clean gpu=[1943586:profile_batched]
2026-10-09T03:09:53+0900 sample 293: clean gpu=[1943586:profile_batched]
2026-10-09T03:09:54+0900 sample 294: clean gpu=[1943586:profile_batched]
2026-10-09T03:09:56+0900 sample 295: clean gpu=[1943586:profile_batched]
2026-10-09T03:09:57+0900 sample 296: clean gpu=[1943586:profile_batched]
2026-10-09T03:09:59+0900 sample 297: clean gpu=[1943586:profile_batched]
2026-10-09T03:10:00+0900 sample 298: clean gpu=[1943586:profile_batched]
2026-10-09T03:10:02+0900 sample 299: clean gpu=[1943586:profile_batched]
2026-10-09T03:10:03+0900 sample 300: clean gpu=[1943586:profile_batched]
2026-10-09T03:10:05+0900 sample 301: clean gpu=[1943586:profile_batched]
2026-10-09T03:10:06+0900 sample 302: clean gpu=[1943586:profile_batched]
2026-10-09T03:10:08+0900 sample 303: clean gpu=[1943586:profile_batched]
2026-10-09T03:10:09+0900 sample 304: clean gpu=[1943586:profile_batched]
2026-10-09T03:10:11+0900 sample 305: clean gpu=[1943586:profile_batched]
2026-10-09T03:10:12+0900 sample 306: clean gpu=[1943586:profile_batched]
2026-10-09T03:10:13+0900 sample 307: clean gpu=[1943586:profile_batched]
2026-10-09T03:10:15+0900 sample 308: clean gpu=[1943586:profile_batched]
2026-10-09T03:10:16+0900 sample 309: clean gpu=[1943586:profile_batched]
2026-10-09T03:10:18+0900 sample 310: clean gpu=[1943586:profile_batched]
2026-10-09T03:10:19+0900 sample 311: clean gpu=[1943586:profile_batched]
2026-10-09T03:10:21+0900 sample 312: clean gpu=[1943586:profile_batched]
2026-10-09T03:10:22+0900 sample 313: clean gpu=[1943586:profile_batched]
2026-10-09T03:10:24+0900 sample 314: clean gpu=[1943586:profile_batched]
2026-10-09T03:10:25+0900 sample 315: clean gpu=[1943586:profile_batched]
2026-10-09T03:10:27+0900 sample 316: clean gpu=[1943586:profile_batched]
2026-10-09T03:10:28+0900 sample 317: clean gpu=[1943586:profile_batched]
2026-10-09T03:10:30+0900 sample 318: clean gpu=[1943586:profile_batched]
2026-10-09T03:10:31+0900 sample 319: clean gpu=[1943586:profile_batched]
2026-10-09T03:10:33+0900 sample 320: clean gpu=[1943586:profile_batched]
2026-10-09T03:10:34+0900 sample 321: clean gpu=[1943586:profile_batched]
2026-10-09T03:10:36+0900 sample 322: clean gpu=[1943586:profile_batched]
2026-10-09T03:10:37+0900 sample 323: clean gpu=[1943586:profile_batched]
2026-10-09T03:10:39+0900 sample 324: clean gpu=[1943586:profile_batched]
2026-10-09T03:10:40+0900 sample 325: clean gpu=[1943586:profile_batched]
2026-10-09T03:10:42+0900 sample 326: clean gpu=[1943586:profile_batched]
2026-10-09T03:10:43+0900 sample 327: clean gpu=[1943586:profile_batched]
2026-10-09T03:10:45+0900 sample 328: clean gpu=[1943586:profile_batched]
2026-10-09T03:10:46+0900 sample 329: clean gpu=[1943586:profile_batched]
2026-10-09T03:10:48+0900 sample 330: clean gpu=[1943586:profile_batched]
2026-10-09T03:10:49+0900 sample 331: clean gpu=[1943586:profile_batched]
2026-10-09T03:10:51+0900 sample 332: clean gpu=[1943586:profile_batched]
2026-10-09T03:10:52+0900 sample 333: clean gpu=[1943586:profile_batched]
2026-10-09T03:10:53+0900 sample 334: clean gpu=[1943586:profile_batched]
2026-10-09T03:10:55+0900 sample 335: clean gpu=[1943586:profile_batched]
2026-10-09T03:10:56+0900 sample 336: clean gpu=[1943586:profile_batched]
2026-10-09T03:10:58+0900 sample 337: clean gpu=[1943586:profile_batched]
2026-10-09T03:10:59+0900 sample 338: clean gpu=[1943586:profile_batched]
2026-10-09T03:11:01+0900 sample 339: clean gpu=[1943586:profile_batched]
2026-10-09T03:11:02+0900 sample 340: clean gpu=[1943586:profile_batched]
2026-10-09T03:11:04+0900 sample 341: clean gpu=[1943586:profile_batched]
2026-10-09T03:11:05+0900 sample 342: clean gpu=[1943586:profile_batched]
2026-10-09T03:11:07+0900 sample 343: clean gpu=[1943586:profile_batched]
2026-10-09T03:11:08+0900 sample 344: clean gpu=[1943586:profile_batched]
2026-10-09T03:11:10+0900 sample 345: clean gpu=[1943586:profile_batched]
2026-10-09T03:11:11+0900 sample 346: clean gpu=[1943586:profile_batched]
2026-10-09T03:11:13+0900 sample 347: clean gpu=[1943586:profile_batched]
2026-10-09T03:11:14+0900 sample 348: clean gpu=[1943586:profile_batched]
2026-10-09T03:11:16+0900 sample 349: clean gpu=[1943586:profile_batched]
2026-10-09T03:11:17+0900 sample 350: clean gpu=[1943586:profile_batched]
2026-10-09T03:11:19+0900 sample 351: clean gpu=[1943586:profile_batched]
2026-10-09T03:11:20+0900 sample 352: clean gpu=[1943586:profile_batched]
2026-10-09T03:11:22+0900 sample 353: clean gpu=[1943586:profile_batched]
2026-10-09T03:11:23+0900 sample 354: clean gpu=[1943586:profile_batched]
2026-10-09T03:11:25+0900 sample 355: clean gpu=[1943586:profile_batched]
2026-10-09T03:11:26+0900 sample 356: clean gpu=[1943586:profile_batched]
2026-10-09T03:11:28+0900 sample 357: clean gpu=[1943586:profile_batched]
2026-10-09T03:11:29+0900 sample 358: clean gpu=[1943586:profile_batched]
2026-10-09T03:11:31+0900 sample 359: clean gpu=[1943586:profile_batched]
2026-10-09T03:11:32+0900 sample 360: clean gpu=[1943586:profile_batched]
2026-10-09T03:11:34+0900 sample 361: clean gpu=[1943586:profile_batched]
2026-10-09T03:11:35+0900 sample 362: clean gpu=[1943586:profile_batched]
2026-10-09T03:11:37+0900 sample 363: clean gpu=[1943586:profile_batched]
2026-10-09T03:11:38+0900 sample 364: clean gpu=[1943586:profile_batched]
2026-10-09T03:11:40+0900 sample 365: clean gpu=[1943586:profile_batched]
2026-10-09T03:11:41+0900 sample 366: clean gpu=[1943586:profile_batched]
2026-10-09T03:11:42+0900 sample 367: clean gpu=[1943586:profile_batched]
2026-10-09T03:11:44+0900 sample 368: clean gpu=[1943586:profile_batched]
2026-10-09T03:11:45+0900 sample 369: clean gpu=[1943586:profile_batched]
2026-10-09T03:11:47+0900 sample 370: clean gpu=[1943586:profile_batched]
2026-10-09T03:11:48+0900 sample 371: clean gpu=[1943586:profile_batched]
2026-10-09T03:11:50+0900 sample 372: clean gpu=[1943586:profile_batched]
2026-10-09T03:11:51+0900 sample 373: clean gpu=[1943586:profile_batched]
2026-10-09T03:11:53+0900 sample 374: clean gpu=[1943586:profile_batched]
2026-10-09T03:11:54+0900 sample 375: clean gpu=[1943586:profile_batched]
2026-10-09T03:11:56+0900 sample 376: clean gpu=[1943586:profile_batched]
2026-10-09T03:11:57+0900 sample 377: clean gpu=[1943586:profile_batched]
2026-10-09T03:11:59+0900 sample 378: clean gpu=[1943586:profile_batched]
2026-10-09T03:12:00+0900 sample 379: clean gpu=[1943586:profile_batched]
2026-10-09T03:12:02+0900 sample 380: clean gpu=[1943586:profile_batched]
2026-10-09T03:12:03+0900 sample 381: clean gpu=[1943586:profile_batched]
2026-10-09T03:12:05+0900 sample 382: clean gpu=[1943586:profile_batched]
2026-10-09T03:12:06+0900 sample 383: clean gpu=[1943586:profile_batched]
2026-10-09T03:12:08+0900 sample 384: clean gpu=[1943586:profile_batched]
2026-10-09T03:12:09+0900 sample 385: clean gpu=[1943586:profile_batched]
2026-10-09T03:12:11+0900 sample 386: clean gpu=[1943586:profile_batched]
2026-10-09T03:12:12+0900 sample 387: clean gpu=[1943586:profile_batched]
2026-10-09T03:12:14+0900 sample 388: clean gpu=[1943586:profile_batched]
2026-10-09T03:12:15+0900 sample 389: clean gpu=[1943586:profile_batched]
2026-10-09T03:12:17+0900 sample 390: clean gpu=[1943586:profile_batched]
2026-10-09T03:12:18+0900 sample 391: clean gpu=[1943586:profile_batched]
2026-10-09T03:12:20+0900 sample 392: clean gpu=[1943586:profile_batched]
2026-10-09T03:12:21+0900 sample 393: clean gpu=[1943586:profile_batched]
2026-10-09T03:12:23+0900 sample 394: clean gpu=[1943586:profile_batched]
2026-10-09T03:12:24+0900 sample 395: clean gpu=[1943586:profile_batched]
2026-10-09T03:12:26+0900 sample 396: clean gpu=[1943586:profile_batched]
2026-10-09T03:12:27+0900 sample 397: clean gpu=[1943586:profile_batched]
2026-10-09T03:12:29+0900 sample 398: clean gpu=[1943586:profile_batched]
2026-10-09T03:12:30+0900 sample 399: clean gpu=[1943586:profile_batched]
2026-10-09T03:12:32+0900 sample 400: clean gpu=[2152500:profile_batched]
2026-10-09T03:12:33+0900 sample 401: clean gpu=[2152500:profile_batched]
2026-10-09T03:12:35+0900 sample 402: clean gpu=[2152500:profile_batched]
2026-10-09T03:12:36+0900 sample 403: clean gpu=[2152500:profile_batched]
2026-10-09T03:12:37+0900 sample 404: clean gpu=[2152500:profile_batched]
2026-10-09T03:12:39+0900 sample 405: clean gpu=[2152500:profile_batched]
2026-10-09T03:12:40+0900 sample 406: clean gpu=[2152500:profile_batched]
2026-10-09T03:12:42+0900 sample 407: clean gpu=[2152500:profile_batched]
2026-10-09T03:12:43+0900 sample 408: clean gpu=[2152500:profile_batched]
2026-10-09T03:12:45+0900 sample 409: clean gpu=[2152500:profile_batched]
2026-10-09T03:12:46+0900 sample 410: clean gpu=[2152500:profile_batched]
2026-10-09T03:12:48+0900 sample 411: clean gpu=[2152500:profile_batched]
2026-10-09T03:12:49+0900 sample 412: clean gpu=[2152500:profile_batched]
2026-10-09T03:12:51+0900 sample 413: clean gpu=[2152500:profile_batched]
2026-10-09T03:12:52+0900 sample 414: clean gpu=[2152500:profile_batched]
2026-10-09T03:12:54+0900 sample 415: clean gpu=[2152500:profile_batched]
2026-10-09T03:12:55+0900 sample 416: clean gpu=[2152500:profile_batched]
2026-10-09T03:12:57+0900 sample 417: clean gpu=[2152500:profile_batched]
2026-10-09T03:12:58+0900 sample 418: clean gpu=[2152500:profile_batched]
2026-10-09T03:13:00+0900 sample 419: clean gpu=[2152500:profile_batched]
2026-10-09T03:13:01+0900 sample 420: clean gpu=[2152500:profile_batched]
2026-10-09T03:13:03+0900 sample 421: clean gpu=[2152500:profile_batched]
2026-10-09T03:13:04+0900 sample 422: clean gpu=[2152500:profile_batched]
2026-10-09T03:13:06+0900 sample 423: clean gpu=[2152500:profile_batched]
2026-10-09T03:13:07+0900 sample 424: clean gpu=[2152500:profile_batched]
2026-10-09T03:13:09+0900 sample 425: clean gpu=[2152500:profile_batched]
2026-10-09T03:13:10+0900 sample 426: clean gpu=[2152500:profile_batched]
2026-10-09T03:13:12+0900 sample 427: clean gpu=[2152500:profile_batched]
2026-10-09T03:13:13+0900 sample 428: clean gpu=[2152500:profile_batched]
2026-10-09T03:13:15+0900 sample 429: clean gpu=[2152500:profile_batched]
2026-10-09T03:13:16+0900 sample 430: clean gpu=[2152500:profile_batched]
2026-10-09T03:13:18+0900 sample 431: clean gpu=[2152500:profile_batched]
2026-10-09T03:13:19+0900 sample 432: clean gpu=[2152500:profile_batched]
2026-10-09T03:13:21+0900 sample 433: clean gpu=[2152500:profile_batched]
2026-10-09T03:13:22+0900 sample 434: clean gpu=[2152500:profile_batched]
2026-10-09T03:13:24+0900 sample 435: clean gpu=[2152500:profile_batched]
2026-10-09T03:13:25+0900 sample 436: clean gpu=[2152500:profile_batched]
2026-10-09T03:13:26+0900 sample 437: clean gpu=[2152500:profile_batched]
2026-10-09T03:13:28+0900 sample 438: clean gpu=[2152500:profile_batched]
2026-10-09T03:13:29+0900 sample 439: clean gpu=[2152500:profile_batched]
2026-10-09T03:13:31+0900 sample 440: clean gpu=[2152500:profile_batched]
2026-10-09T03:13:32+0900 sample 441: clean gpu=[2152500:profile_batched]
2026-10-09T03:13:34+0900 sample 442: clean gpu=[2152500:profile_batched]
2026-10-09T03:13:35+0900 sample 443: clean gpu=[2152500:profile_batched]
2026-10-09T03:13:37+0900 sample 444: clean gpu=[2152500:profile_batched]
2026-10-09T03:13:38+0900 sample 445: clean gpu=[2152500:profile_batched]
2026-10-09T03:13:40+0900 sample 446: clean gpu=[2152500:profile_batched]
2026-10-09T03:13:41+0900 sample 447: clean gpu=[2152500:profile_batched]
2026-10-09T03:13:43+0900 sample 448: clean gpu=[2152500:profile_batched]
2026-10-09T03:13:44+0900 sample 449: clean gpu=[2152500:profile_batched]
2026-10-09T03:13:46+0900 sample 450: clean gpu=[2152500:profile_batched]
2026-10-09T03:13:47+0900 sample 451: clean gpu=[2152500:profile_batched]
2026-10-09T03:13:49+0900 sample 452: clean gpu=[2152500:profile_batched]
2026-10-09T03:13:50+0900 sample 453: clean gpu=[2152500:profile_batched]
2026-10-09T03:13:52+0900 sample 454: clean gpu=[2152500:profile_batched]
2026-10-09T03:13:53+0900 sample 455: clean gpu=[2152500:profile_batched]
2026-10-09T03:13:55+0900 sample 456: clean gpu=[2152500:profile_batched]
2026-10-09T03:13:56+0900 sample 457: clean gpu=[2152500:profile_batched]
2026-10-09T03:13:58+0900 sample 458: clean gpu=[2152500:profile_batched]
2026-10-09T03:13:59+0900 sample 459: clean gpu=[2152500:profile_batched]
2026-10-09T03:14:01+0900 sample 460: clean gpu=[2152500:profile_batched]
2026-10-09T03:14:02+0900 sample 461: clean gpu=[2152500:profile_batched]
2026-10-09T03:14:04+0900 sample 462: clean gpu=[2152500:profile_batched]
2026-10-09T03:14:05+0900 sample 463: clean gpu=[2152500:profile_batched]
2026-10-09T03:14:06+0900 sample 464: clean gpu=[2152500:profile_batched]
2026-10-09T03:14:08+0900 sample 465: clean gpu=[2152500:profile_batched]
2026-10-09T03:14:09+0900 sample 466: clean gpu=[2152500:profile_batched]
2026-10-09T03:14:11+0900 sample 467: clean gpu=[2152500:profile_batched]
2026-10-09T03:14:12+0900 sample 468: clean gpu=[2152500:profile_batched]
2026-10-09T03:14:14+0900 sample 469: clean gpu=[2152500:profile_batched]
2026-10-09T03:14:15+0900 sample 470: clean gpu=[2152500:profile_batched]
2026-10-09T03:14:17+0900 sample 471: clean gpu=[2152500:profile_batched]
2026-10-09T03:14:18+0900 sample 472: clean gpu=[2152500:profile_batched]
2026-10-09T03:14:20+0900 sample 473: clean gpu=[2152500:profile_batched]
2026-10-09T03:14:21+0900 sample 474: clean gpu=[2152500:profile_batched]
2026-10-09T03:14:23+0900 sample 475: clean gpu=[2152500:profile_batched]
2026-10-09T03:14:24+0900 sample 476: clean gpu=[2152500:profile_batched]
2026-10-09T03:14:26+0900 sample 477: clean gpu=[2152500:profile_batched]
2026-10-09T03:14:27+0900 sample 478: clean gpu=[2152500:profile_batched]
2026-10-09T03:14:29+0900 sample 479: clean gpu=[2152500:profile_batched]
2026-10-09T03:14:30+0900 sample 480: clean gpu=[2152500:profile_batched]
2026-10-09T03:14:32+0900 sample 481: clean gpu=[2152500:profile_batched]
2026-10-09T03:14:33+0900 sample 482: clean gpu=[2152500:profile_batched]
2026-10-09T03:14:35+0900 sample 483: clean gpu=[2152500:profile_batched]
2026-10-09T03:14:36+0900 sample 484: clean gpu=[2152500:profile_batched]
2026-10-09T03:14:38+0900 sample 485: clean gpu=[2152500:profile_batched]
2026-10-09T03:14:39+0900 sample 486: clean gpu=[2152500:profile_batched]
2026-10-09T03:14:41+0900 sample 487: clean gpu=[2152500:profile_batched]
2026-10-09T03:14:42+0900 sample 488: clean gpu=[2152500:profile_batched]
2026-10-09T03:14:44+0900 sample 489: clean gpu=[2152500:profile_batched]
2026-10-09T03:14:45+0900 sample 490: clean gpu=[2152500:profile_batched]
2026-10-09T03:14:47+0900 sample 491: clean gpu=[2152500:profile_batched]
2026-10-09T03:14:48+0900 sample 492: clean gpu=[2152500:profile_batched]
2026-10-09T03:14:50+0900 sample 493: clean gpu=[2152500:profile_batched]
2026-10-09T03:14:51+0900 sample 494: clean gpu=[2152500:profile_batched]
2026-10-09T03:14:53+0900 sample 495: clean gpu=[2152500:profile_batched]
2026-10-09T03:14:54+0900 sample 496: clean gpu=[2152500:profile_batched]
2026-10-09T03:14:56+0900 sample 497: clean gpu=[2152500:profile_batched]
2026-10-09T03:14:57+0900 sample 498: clean gpu=[2152500:profile_batched]
2026-10-09T03:14:58+0900 sample 499: clean gpu=[2152500:profile_batched]
2026-10-09T03:15:00+0900 sample 500: clean gpu=[2152500:profile_batched]
2026-10-09T03:15:01+0900 sample 501: clean gpu=[2152500:profile_batched]
2026-10-09T03:15:03+0900 sample 502: clean gpu=[2152500:profile_batched]
2026-10-09T03:15:04+0900 sample 503: clean gpu=[2152500:profile_batched]
2026-10-09T03:15:06+0900 sample 504: clean gpu=[2152500:profile_batched]
2026-10-09T03:15:07+0900 sample 505: clean gpu=[2152500:profile_batched]
2026-10-09T03:15:09+0900 sample 506: clean gpu=[2152500:profile_batched]
2026-10-09T03:15:10+0900 sample 507: clean gpu=[2152500:profile_batched]
2026-10-09T03:15:12+0900 sample 508: clean gpu=[2152500:profile_batched]
2026-10-09T03:15:13+0900 sample 509: clean gpu=[2152500:profile_batched]
2026-10-09T03:15:15+0900 sample 510: clean gpu=[2152500:profile_batched]
2026-10-09T03:15:16+0900 sample 511: clean gpu=[2152500:profile_batched]
2026-10-09T03:15:18+0900 sample 512: clean gpu=[2152500:profile_batched]
2026-10-09T03:15:19+0900 sample 513: clean gpu=[2152500:profile_batched]
2026-10-09T03:15:21+0900 sample 514: clean gpu=[2152500:profile_batched]
2026-10-09T03:15:22+0900 sample 515: clean gpu=[2152500:profile_batched]
2026-10-09T03:15:23+0900 sample 516: clean gpu=[2152500:profile_batched]
2026-10-09T03:15:25+0900 sample 517: clean gpu=[2152500:profile_batched]
2026-10-09T03:15:26+0900 sample 518: clean gpu=[2152500:profile_batched]
2026-10-09T03:15:28+0900 sample 519: clean gpu=[2152500:profile_batched]
2026-10-09T03:15:29+0900 sample 520: clean gpu=[2152500:profile_batched]
2026-10-09T03:15:31+0900 sample 521: clean gpu=[2152500:profile_batched]
2026-10-09T03:15:32+0900 sample 522: clean gpu=[2152500:profile_batched]
2026-10-09T03:15:34+0900 sample 523: clean gpu=[2152500:profile_batched]
2026-10-09T03:15:35+0900 sample 524: clean gpu=[2152500:profile_batched]
2026-10-09T03:15:37+0900 sample 525: clean gpu=[2152500:profile_batched]
2026-10-09T03:15:38+0900 sample 526: clean gpu=[2152500:profile_batched]
2026-10-09T03:15:40+0900 sample 527: clean gpu=[2152500:profile_batched]
2026-10-09T03:15:41+0900 sample 528: clean gpu=[2152500:profile_batched]
2026-10-09T03:15:43+0900 sample 529: clean gpu=[2152500:profile_batched]
2026-10-09T03:15:44+0900 sample 530: clean gpu=[2152500:profile_batched]
2026-10-09T03:15:46+0900 sample 531: clean gpu=[2152500:profile_batched]
2026-10-09T03:15:47+0900 sample 532: clean gpu=[2152500:profile_batched]
2026-10-09T03:15:49+0900 sample 533: clean gpu=[2152500:profile_batched]
2026-10-09T03:15:50+0900 sample 534: clean gpu=[2152500:profile_batched]
2026-10-09T03:15:52+0900 sample 535: clean gpu=[2152500:profile_batched]
2026-10-09T03:15:53+0900 sample 536: clean gpu=[2152500:profile_batched]
2026-10-09T03:15:55+0900 sample 537: clean gpu=[2152500:profile_batched]
2026-10-09T03:15:56+0900 sample 538: clean gpu=[2152500:profile_batched]
2026-10-09T03:15:58+0900 sample 539: clean gpu=[2152500:profile_batched]
2026-10-09T03:15:59+0900 sample 540: clean gpu=[2152500:profile_batched]
2026-10-09T03:16:01+0900 sample 541: clean gpu=[2152500:profile_batched]
2026-10-09T03:16:02+0900 sample 542: clean gpu=[2152500:profile_batched]
2026-10-09T03:16:04+0900 sample 543: clean gpu=[2152500:profile_batched]
2026-10-09T03:16:05+0900 sample 544: clean gpu=[2152500:profile_batched]
2026-10-09T03:16:07+0900 sample 545: clean gpu=[2152500:profile_batched]
2026-10-09T03:16:08+0900 sample 546: clean gpu=[2152500:profile_batched]
2026-10-09T03:16:10+0900 sample 547: clean gpu=[2152500:profile_batched]
2026-10-09T03:16:11+0900 sample 548: clean gpu=[2152500:profile_batched]
2026-10-09T03:16:13+0900 sample 549: clean gpu=[2152500:profile_batched]
2026-10-09T03:16:14+0900 sample 550: clean gpu=[2152500:profile_batched]
2026-10-09T03:16:15+0900 sample 551: clean gpu=[2152500:profile_batched]
2026-10-09T03:16:17+0900 sample 552: clean gpu=[2152500:profile_batched]
2026-10-09T03:16:18+0900 sample 553: clean gpu=[2152500:profile_batched]
2026-10-09T03:16:20+0900 sample 554: clean gpu=[2152500:profile_batched]
2026-10-09T03:16:21+0900 sample 555: clean gpu=[2152500:profile_batched]
2026-10-09T03:16:23+0900 sample 556: clean gpu=[2152500:profile_batched]
2026-10-09T03:16:24+0900 sample 557: clean gpu=[2152500:profile_batched]
2026-10-09T03:16:26+0900 sample 558: clean gpu=[2152500:profile_batched]
2026-10-09T03:16:27+0900 sample 559: clean gpu=[2152500:profile_batched]
2026-10-09T03:16:29+0900 sample 560: clean gpu=[2152500:profile_batched]
2026-10-09T03:16:30+0900 sample 561: clean gpu=[2152500:profile_batched]
2026-10-09T03:16:32+0900 sample 562: clean gpu=[2152500:profile_batched]
2026-10-09T03:16:33+0900 sample 563: clean gpu=[2152500:profile_batched]
2026-10-09T03:16:35+0900 sample 564: clean gpu=[2152500:profile_batched]
2026-10-09T03:16:36+0900 sample 565: clean gpu=[2152500:profile_batched]
2026-10-09T03:16:38+0900 sample 566: clean gpu=[2152500:profile_batched]
2026-10-09T03:16:39+0900 sample 567: clean gpu=[2152500:profile_batched]
2026-10-09T03:16:41+0900 sample 568: clean gpu=[2152500:profile_batched]
2026-10-09T03:16:42+0900 sample 569: clean gpu=[2152500:profile_batched]
2026-10-09T03:16:44+0900 sample 570: clean gpu=[2152500:profile_batched]
2026-10-09T03:16:45+0900 sample 571: clean gpu=[2152500:profile_batched]
2026-10-09T03:16:47+0900 sample 572: clean gpu=[2152500:profile_batched]
2026-10-09T03:16:48+0900 sample 573: clean gpu=[2152500:profile_batched]
2026-10-09T03:16:49+0900 sample 574: clean gpu=[2152500:profile_batched]
2026-10-09T03:16:51+0900 sample 575: clean gpu=[2152500:profile_batched]
2026-10-09T03:16:52+0900 sample 576: clean gpu=[2152500:profile_batched]
2026-10-09T03:16:54+0900 sample 577: clean gpu=[2152500:profile_batched]
2026-10-09T03:16:55+0900 sample 578: clean gpu=[2152500:profile_batched]
2026-10-09T03:16:57+0900 sample 579: clean gpu=[2152500:profile_batched]
2026-10-09T03:16:58+0900 sample 580: clean gpu=[2152500:profile_batched]
2026-10-09T03:17:00+0900 sample 581: clean gpu=[2152500:profile_batched]
2026-10-09T03:17:01+0900 sample 582: clean gpu=[2152500:profile_batched]
2026-10-09T03:17:03+0900 sample 583: clean gpu=[2152500:profile_batched]
2026-10-09T03:17:04+0900 sample 584: clean gpu=[2152500:profile_batched]
2026-10-09T03:17:06+0900 sample 585: clean gpu=[2152500:profile_batched]
2026-10-09T03:17:07+0900 sample 586: clean gpu=[2152500:profile_batched]
2026-10-09T03:17:09+0900 sample 587: clean gpu=[2152500:profile_batched]
2026-10-09T03:17:10+0900 sample 588: clean gpu=[2152500:profile_batched]
2026-10-09T03:17:12+0900 sample 589: clean gpu=[2152500:profile_batched]
2026-10-09T03:17:13+0900 sample 590: clean gpu=[2152500:profile_batched]
2026-10-09T03:17:15+0900 sample 591: clean gpu=[2152500:profile_batched]
2026-10-09T03:17:16+0900 sample 592: clean gpu=[2152500:profile_batched]
2026-10-09T03:17:18+0900 sample 593: clean gpu=[2152500:profile_batched]
2026-10-09T03:17:19+0900 sample 594: clean gpu=[2152500:profile_batched]
2026-10-09T03:17:21+0900 sample 595: clean gpu=[2152500:profile_batched]
2026-10-09T03:17:22+0900 sample 596: clean gpu=[2152500:profile_batched]
2026-10-09T03:17:24+0900 sample 597: clean gpu=[2152500:profile_batched]
2026-10-09T03:17:25+0900 sample 598: clean gpu=[2152500:profile_batched]
2026-10-09T03:17:26+0900 sample 599: clean gpu=[2152500:profile_batched]
2026-10-09T03:17:28+0900 sample 600: clean gpu=[2152500:profile_batched]
2026-10-09T03:17:29+0900 sample 601: clean gpu=[2152500:profile_batched]
2026-10-09T03:17:31+0900 sample 602: clean gpu=[2152500:profile_batched]
2026-10-09T03:17:32+0900 sample 603: clean gpu=[2152500:profile_batched]
2026-10-09T03:17:34+0900 sample 604: clean gpu=[2152500:profile_batched]
2026-10-09T03:17:35+0900 sample 605: clean gpu=[2152500:profile_batched]
2026-10-09T03:17:37+0900 sample 606: clean gpu=[2152500:profile_batched]
2026-10-09T03:17:38+0900 sample 607: clean gpu=[2152500:profile_batched]
2026-10-09T03:17:40+0900 sample 608: clean gpu=[2152500:profile_batched]
2026-10-09T03:17:41+0900 sample 609: clean gpu=[2152500:profile_batched]
2026-10-09T03:17:43+0900 sample 610: clean gpu=[2152500:profile_batched]
2026-10-09T03:17:44+0900 sample 611: clean gpu=[2152500:profile_batched]
2026-10-09T03:17:46+0900 sample 612: clean gpu=[2152500:profile_batched]
2026-10-09T03:17:47+0900 sample 613: clean gpu=[2152500:profile_batched]
2026-10-09T03:17:49+0900 sample 614: clean gpu=[2152500:profile_batched]
2026-10-09T03:17:50+0900 sample 615: clean gpu=[2152500:profile_batched]
2026-10-09T03:17:52+0900 sample 616: clean gpu=[2152500:profile_batched]
2026-10-09T03:17:53+0900 sample 617: clean gpu=[2152500:profile_batched]
2026-10-09T03:17:54+0900 sample 618: clean gpu=[2152500:profile_batched]
2026-10-09T03:17:56+0900 sample 619: clean gpu=[2152500:profile_batched]
2026-10-09T03:17:57+0900 sample 620: clean gpu=[2152500:profile_batched]
2026-10-09T03:17:59+0900 sample 621: clean gpu=[2152500:profile_batched]
2026-10-09T03:18:00+0900 sample 622: clean gpu=[2152500:profile_batched]
2026-10-09T03:18:02+0900 sample 623: clean gpu=[2359122:profile_batched]
2026-10-09T03:18:03+0900 sample 624: clean gpu=[2359122:profile_batched]
2026-10-09T03:18:05+0900 sample 625: clean gpu=[2359122:profile_batched]
2026-10-09T03:18:06+0900 sample 626: clean gpu=[2359122:profile_batched]
2026-10-09T03:18:08+0900 sample 627: clean gpu=[2359122:profile_batched]
2026-10-09T03:18:09+0900 sample 628: clean gpu=[2359122:profile_batched]
2026-10-09T03:18:11+0900 sample 629: clean gpu=[2359122:profile_batched]
2026-10-09T03:18:12+0900 sample 630: clean gpu=[2359122:profile_batched]
2026-10-09T03:18:14+0900 sample 631: clean gpu=[2359122:profile_batched]
2026-10-09T03:18:15+0900 sample 632: clean gpu=[2359122:profile_batched]
2026-10-09T03:18:16+0900 sample 633: clean gpu=[2359122:profile_batched]
2026-10-09T03:18:18+0900 sample 634: clean gpu=[2359122:profile_batched]
2026-10-09T03:18:19+0900 sample 635: clean gpu=[2359122:profile_batched]
2026-10-09T03:18:21+0900 sample 636: clean gpu=[2359122:profile_batched]
2026-10-09T03:18:22+0900 sample 637: clean gpu=[2359122:profile_batched]
2026-10-09T03:18:24+0900 sample 638: clean gpu=[2359122:profile_batched]
2026-10-09T03:18:25+0900 sample 639: clean gpu=[2359122:profile_batched]
2026-10-09T03:18:27+0900 sample 640: clean gpu=[2359122:profile_batched]
2026-10-09T03:18:28+0900 sample 641: clean gpu=[2359122:profile_batched]
2026-10-09T03:18:30+0900 sample 642: clean gpu=[2359122:profile_batched]
2026-10-09T03:18:31+0900 sample 643: clean gpu=[2359122:profile_batched]
2026-10-09T03:18:33+0900 sample 644: clean gpu=[2359122:profile_batched]
2026-10-09T03:18:34+0900 sample 645: clean gpu=[2359122:profile_batched]
2026-10-09T03:18:36+0900 sample 646: clean gpu=[2359122:profile_batched]
2026-10-09T03:18:37+0900 sample 647: clean gpu=[2359122:profile_batched]
2026-10-09T03:18:39+0900 sample 648: clean gpu=[2359122:profile_batched]
2026-10-09T03:18:40+0900 sample 649: clean gpu=[2359122:profile_batched]
2026-10-09T03:18:42+0900 sample 650: clean gpu=[2359122:profile_batched]
2026-10-09T03:18:43+0900 sample 651: clean gpu=[2359122:profile_batched]
2026-10-09T03:18:44+0900 sample 652: clean gpu=[2359122:profile_batched]
2026-10-09T03:18:46+0900 sample 653: clean gpu=[2359122:profile_batched]
2026-10-09T03:18:47+0900 sample 654: clean gpu=[2359122:profile_batched]
2026-10-09T03:18:49+0900 sample 655: clean gpu=[2359122:profile_batched]
2026-10-09T03:18:50+0900 sample 656: clean gpu=[2359122:profile_batched]
2026-10-09T03:18:52+0900 sample 657: clean gpu=[2359122:profile_batched]
2026-10-09T03:18:53+0900 sample 658: clean gpu=[2359122:profile_batched]
2026-10-09T03:18:55+0900 sample 659: clean gpu=[2359122:profile_batched]
2026-10-09T03:18:56+0900 sample 660: clean gpu=[2359122:profile_batched]
2026-10-09T03:18:58+0900 sample 661: clean gpu=[2359122:profile_batched]
2026-10-09T03:18:59+0900 sample 662: clean gpu=[2359122:profile_batched]
2026-10-09T03:19:01+0900 sample 663: clean gpu=[2359122:profile_batched]
2026-10-09T03:19:02+0900 sample 664: clean gpu=[2359122:profile_batched]
2026-10-09T03:19:04+0900 sample 665: clean gpu=[2359122:profile_batched]
2026-10-09T03:19:05+0900 sample 666: clean gpu=[2359122:profile_batched]
2026-10-09T03:19:07+0900 sample 667: clean gpu=[2359122:profile_batched]
2026-10-09T03:19:08+0900 sample 668: clean gpu=[2359122:profile_batched]
2026-10-09T03:19:09+0900 sample 669: clean gpu=[2359122:profile_batched]
2026-10-09T03:19:11+0900 sample 670: clean gpu=[2359122:profile_batched]
2026-10-09T03:19:12+0900 sample 671: clean gpu=[2359122:profile_batched]
2026-10-09T03:19:14+0900 sample 672: clean gpu=[2359122:profile_batched]
2026-10-09T03:19:15+0900 sample 673: clean gpu=[2359122:profile_batched]
2026-10-09T03:19:17+0900 sample 674: clean gpu=[2359122:profile_batched]
2026-10-09T03:19:18+0900 sample 675: clean gpu=[2359122:profile_batched]
2026-10-09T03:19:20+0900 sample 676: clean gpu=[2359122:profile_batched]
2026-10-09T03:19:21+0900 sample 677: clean gpu=[2359122:profile_batched]
2026-10-09T03:19:23+0900 sample 678: clean gpu=[2359122:profile_batched]
2026-10-09T03:19:24+0900 sample 679: clean gpu=[2359122:profile_batched]
2026-10-09T03:19:26+0900 sample 680: clean gpu=[2359122:profile_batched]
2026-10-09T03:19:27+0900 sample 681: clean gpu=[2359122:profile_batched]
2026-10-09T03:19:29+0900 sample 682: clean gpu=[2359122:profile_batched]
2026-10-09T03:19:30+0900 sample 683: clean gpu=[2359122:profile_batched]
2026-10-09T03:19:32+0900 sample 684: clean gpu=[2359122:profile_batched]
2026-10-09T03:19:33+0900 sample 685: clean gpu=[2359122:profile_batched]
2026-10-09T03:19:35+0900 sample 686: clean gpu=[2359122:profile_batched]
2026-10-09T03:19:36+0900 sample 687: clean gpu=[2359122:profile_batched]
2026-10-09T03:19:38+0900 sample 688: clean gpu=[2359122:profile_batched]
2026-10-09T03:19:39+0900 sample 689: clean gpu=[2359122:profile_batched]
2026-10-09T03:19:41+0900 sample 690: clean gpu=[2359122:profile_batched]
2026-10-09T03:19:42+0900 sample 691: clean gpu=[2359122:profile_batched]
2026-10-09T03:19:44+0900 sample 692: clean gpu=[2359122:profile_batched]
2026-10-09T03:19:45+0900 sample 693: clean gpu=[2359122:profile_batched]
2026-10-09T03:19:47+0900 sample 694: clean gpu=[2359122:profile_batched]
2026-10-09T03:19:48+0900 sample 695: clean gpu=[2359122:profile_batched]
2026-10-09T03:19:50+0900 sample 696: clean gpu=[2359122:profile_batched]
2026-10-09T03:19:51+0900 sample 697: clean gpu=[2359122:profile_batched]
2026-10-09T03:19:53+0900 sample 698: clean gpu=[2359122:profile_batched]
2026-10-09T03:19:54+0900 sample 699: clean gpu=[2359122:profile_batched]
2026-10-09T03:19:56+0900 sample 700: clean gpu=[2359122:profile_batched]
2026-10-09T03:19:57+0900 sample 701: clean gpu=[2359122:profile_batched]
2026-10-09T03:19:59+0900 sample 702: clean gpu=[2359122:profile_batched]
2026-10-09T03:20:00+0900 sample 703: clean gpu=[2359122:profile_batched]
2026-10-09T03:20:01+0900 sample 704: clean gpu=[2359122:profile_batched]
2026-10-09T03:20:03+0900 sample 705: clean gpu=[2359122:profile_batched]
2026-10-09T03:20:04+0900 sample 706: clean gpu=[2359122:profile_batched]
2026-10-09T03:20:06+0900 sample 707: clean gpu=[2359122:profile_batched]
2026-10-09T03:20:07+0900 sample 708: clean gpu=[2359122:profile_batched]
2026-10-09T03:20:09+0900 sample 709: clean gpu=[2359122:profile_batched]
2026-10-09T03:20:10+0900 sample 710: clean gpu=[2359122:profile_batched]
2026-10-09T03:20:12+0900 sample 711: clean gpu=[2359122:profile_batched]
2026-10-09T03:20:13+0900 sample 712: clean gpu=[2359122:profile_batched]
2026-10-09T03:20:15+0900 sample 713: clean gpu=[2359122:profile_batched]
2026-10-09T03:20:16+0900 sample 714: clean gpu=[2359122:profile_batched]
2026-10-09T03:20:18+0900 sample 715: clean gpu=[2359122:profile_batched]
2026-10-09T03:20:19+0900 sample 716: clean gpu=[2359122:profile_batched]
2026-10-09T03:20:21+0900 sample 717: clean gpu=[2359122:profile_batched]
2026-10-09T03:20:22+0900 sample 718: clean gpu=[2359122:profile_batched]
2026-10-09T03:20:24+0900 sample 719: clean gpu=[2359122:profile_batched]
2026-10-09T03:20:25+0900 sample 720: clean gpu=[2359122:profile_batched]
2026-10-09T03:20:27+0900 sample 721: clean gpu=[2359122:profile_batched]
2026-10-09T03:20:28+0900 sample 722: clean gpu=[2359122:profile_batched]
2026-10-09T03:20:30+0900 sample 723: clean gpu=[2359122:profile_batched]
2026-10-09T03:20:31+0900 sample 724: clean gpu=[2359122:profile_batched]
2026-10-09T03:20:33+0900 sample 725: clean gpu=[2359122:profile_batched]
2026-10-09T03:20:34+0900 sample 726: clean gpu=[2359122:profile_batched]
2026-10-09T03:20:36+0900 sample 727: clean gpu=[2359122:profile_batched]
2026-10-09T03:20:37+0900 sample 728: clean gpu=[2359122:profile_batched]
2026-10-09T03:20:39+0900 sample 729: clean gpu=[2359122:profile_batched]
2026-10-09T03:20:40+0900 sample 730: clean gpu=[2359122:profile_batched]
2026-10-09T03:20:41+0900 sample 731: clean gpu=[2359122:profile_batched]
2026-10-09T03:20:43+0900 sample 732: clean gpu=[2359122:profile_batched]
2026-10-09T03:20:44+0900 sample 733: clean gpu=[2359122:profile_batched]
2026-10-09T03:20:46+0900 sample 734: clean gpu=[2359122:profile_batched]
2026-10-09T03:20:47+0900 sample 735: clean gpu=[2359122:profile_batched]
2026-10-09T03:20:49+0900 sample 736: clean gpu=[2359122:profile_batched]
2026-10-09T03:20:50+0900 sample 737: clean gpu=[2359122:profile_batched]
2026-10-09T03:20:52+0900 sample 738: clean gpu=[2359122:profile_batched]
2026-10-09T03:20:53+0900 sample 739: clean gpu=[2359122:profile_batched]
2026-10-09T03:20:55+0900 sample 740: clean gpu=[2359122:profile_batched]
2026-10-09T03:20:56+0900 sample 741: clean gpu=[2359122:profile_batched]
2026-10-09T03:20:58+0900 sample 742: clean gpu=[2359122:profile_batched]
2026-10-09T03:20:59+0900 sample 743: clean gpu=[2359122:profile_batched]
2026-10-09T03:21:01+0900 sample 744: clean gpu=[2359122:profile_batched]
2026-10-09T03:21:02+0900 sample 745: clean gpu=[2359122:profile_batched]
2026-10-09T03:21:04+0900 sample 746: clean gpu=[2359122:profile_batched]
2026-10-09T03:21:05+0900 sample 747: clean gpu=[2359122:profile_batched]
2026-10-09T03:21:07+0900 sample 748: clean gpu=[2359122:profile_batched]
2026-10-09T03:21:08+0900 sample 749: clean gpu=[2359122:profile_batched]
2026-10-09T03:21:10+0900 sample 750: clean gpu=[2359122:profile_batched]
2026-10-09T03:21:11+0900 sample 751: clean gpu=[2359122:profile_batched]
2026-10-09T03:21:13+0900 sample 752: clean gpu=[2359122:profile_batched]
2026-10-09T03:21:14+0900 sample 753: clean gpu=[2359122:profile_batched]
2026-10-09T03:21:16+0900 sample 754: clean gpu=[2359122:profile_batched]
2026-10-09T03:21:17+0900 sample 755: clean gpu=[2359122:profile_batched]
2026-10-09T03:21:19+0900 sample 756: clean gpu=[2359122:profile_batched]
2026-10-09T03:21:20+0900 sample 757: clean gpu=[2359122:profile_batched]
2026-10-09T03:21:21+0900 sample 758: clean gpu=[2359122:profile_batched]
2026-10-09T03:21:23+0900 sample 759: clean gpu=[2359122:profile_batched]
2026-10-09T03:21:24+0900 sample 760: clean gpu=[2359122:profile_batched]
2026-10-09T03:21:26+0900 sample 761: clean gpu=[2359122:profile_batched]
2026-10-09T03:21:27+0900 sample 762: clean gpu=[2359122:profile_batched]
2026-10-09T03:21:29+0900 sample 763: clean gpu=[2359122:profile_batched]
2026-10-09T03:21:30+0900 sample 764: clean gpu=[2359122:profile_batched]
2026-10-09T03:21:32+0900 sample 765: clean gpu=[2359122:profile_batched]
2026-10-09T03:21:33+0900 sample 766: clean gpu=[2359122:profile_batched]
2026-10-09T03:21:35+0900 sample 767: clean gpu=[2359122:profile_batched]
2026-10-09T03:21:36+0900 sample 768: clean gpu=[2359122:profile_batched]
2026-10-09T03:21:38+0900 sample 769: clean gpu=[2359122:profile_batched]
2026-10-09T03:21:39+0900 sample 770: clean gpu=[2359122:profile_batched]
2026-10-09T03:21:41+0900 sample 771: clean gpu=[2359122:profile_batched]
2026-10-09T03:21:42+0900 sample 772: clean gpu=[2359122:profile_batched]
2026-10-09T03:21:44+0900 sample 773: clean gpu=[2359122:profile_batched]
2026-10-09T03:21:45+0900 sample 774: clean gpu=[2359122:profile_batched]
2026-10-09T03:21:47+0900 sample 775: clean gpu=[2359122:profile_batched]
2026-10-09T03:21:48+0900 sample 776: clean gpu=[2359122:profile_batched]
2026-10-09T03:21:50+0900 sample 777: clean gpu=[2359122:profile_batched]
2026-10-09T03:21:51+0900 sample 778: clean gpu=[2359122:profile_batched]
2026-10-09T03:21:52+0900 sample 779: clean gpu=[2359122:profile_batched]
2026-10-09T03:21:54+0900 sample 780: clean gpu=[2359122:profile_batched]
2026-10-09T03:21:55+0900 sample 781: clean gpu=[2359122:profile_batched]
2026-10-09T03:21:57+0900 sample 782: clean gpu=[2359122:profile_batched]
2026-10-09T03:21:58+0900 sample 783: clean gpu=[2359122:profile_batched]
2026-10-09T03:22:00+0900 sample 784: clean gpu=[2359122:profile_batched]
2026-10-09T03:22:01+0900 sample 785: clean gpu=[2359122:profile_batched]
2026-10-09T03:22:03+0900 sample 786: clean gpu=[2359122:profile_batched]
2026-10-09T03:22:04+0900 sample 787: clean gpu=[2359122:profile_batched]
2026-10-09T03:22:06+0900 sample 788: clean gpu=[2359122:profile_batched]
2026-10-09T03:22:07+0900 sample 789: clean gpu=[2359122:profile_batched]
2026-10-09T03:22:09+0900 sample 790: clean gpu=[2359122:profile_batched]
2026-10-09T03:22:10+0900 sample 791: clean gpu=[2359122:profile_batched]
2026-10-09T03:22:12+0900 sample 792: clean gpu=[2359122:profile_batched]
2026-10-09T03:22:13+0900 sample 793: clean gpu=[2359122:profile_batched]
2026-10-09T03:22:15+0900 sample 794: clean gpu=[2359122:profile_batched]
2026-10-09T03:22:16+0900 sample 795: clean gpu=[2359122:profile_batched]
2026-10-09T03:22:18+0900 sample 796: clean gpu=[2359122:profile_batched]
2026-10-09T03:22:19+0900 sample 797: clean gpu=[2359122:profile_batched]
2026-10-09T03:22:21+0900 sample 798: clean gpu=[2359122:profile_batched]
2026-10-09T03:22:22+0900 sample 799: clean gpu=[2359122:profile_batched]
2026-10-09T03:22:24+0900 sample 800: clean gpu=[2359122:profile_batched]
2026-10-09T03:22:25+0900 sample 801: clean gpu=[2359122:profile_batched]
2026-10-09T03:22:27+0900 sample 802: clean gpu=[2359122:profile_batched]
2026-10-09T03:22:28+0900 sample 803: clean gpu=[2359122:profile_batched]
2026-10-09T03:22:30+0900 sample 804: clean gpu=[2359122:profile_batched]
2026-10-09T03:22:31+0900 sample 805: clean gpu=[2359122:profile_batched]
2026-10-09T03:22:32+0900 sample 806: clean gpu=[2359122:profile_batched]
2026-10-09T03:22:34+0900 sample 807: clean gpu=[2359122:profile_batched]
2026-10-09T03:22:35+0900 sample 808: clean gpu=[2359122:profile_batched]
2026-10-09T03:22:37+0900 sample 809: clean gpu=[2359122:profile_batched]
2026-10-09T03:22:38+0900 sample 810: clean gpu=[2359122:profile_batched]
2026-10-09T03:22:40+0900 sample 811: clean gpu=[2359122:profile_batched]
2026-10-09T03:22:41+0900 sample 812: clean gpu=[2359122:profile_batched]
2026-10-09T03:22:43+0900 sample 813: clean gpu=[2359122:profile_batched]
2026-10-09T03:22:44+0900 sample 814: clean gpu=[2359122:profile_batched]
2026-10-09T03:22:46+0900 sample 815: clean gpu=[2359122:profile_batched]
2026-10-09T03:22:47+0900 sample 816: clean gpu=[2359122:profile_batched]
2026-10-09T03:22:49+0900 sample 817: clean gpu=[2359122:profile_batched]
2026-10-09T03:22:50+0900 sample 818: clean gpu=[2359122:profile_batched]
2026-10-09T03:22:52+0900 sample 819: clean gpu=[2359122:profile_batched]
2026-10-09T03:22:53+0900 sample 820: clean gpu=[2359122:profile_batched]
2026-10-09T03:22:55+0900 sample 821: clean gpu=[2359122:profile_batched]
2026-10-09T03:22:56+0900 sample 822: clean gpu=[2359122:profile_batched]
2026-10-09T03:22:58+0900 sample 823: clean gpu=[2359122:profile_batched]
2026-10-09T03:22:59+0900 sample 824: clean gpu=[2359122:profile_batched]
2026-10-09T03:23:01+0900 sample 825: clean gpu=[2359122:profile_batched]
2026-10-09T03:23:02+0900 sample 826: clean gpu=[2359122:profile_batched]
2026-10-09T03:23:04+0900 sample 827: clean gpu=[2359122:profile_batched]
2026-10-09T03:23:05+0900 sample 828: clean gpu=[2359122:profile_batched]
2026-10-09T03:23:06+0900 sample 829: clean gpu=[2359122:profile_batched]
2026-10-09T03:23:08+0900 sample 830: clean gpu=[2359122:profile_batched]
2026-10-09T03:23:09+0900 sample 831: clean gpu=[2359122:profile_batched]
2026-10-09T03:23:11+0900 sample 832: clean gpu=[2359122:profile_batched]
2026-10-09T03:23:12+0900 sample 833: clean gpu=[2359122:profile_batched]
2026-10-09T03:23:14+0900 sample 834: clean gpu=[2359122:profile_batched]
2026-10-09T03:23:15+0900 sample 835: clean gpu=[2359122:profile_batched]
2026-10-09T03:23:17+0900 sample 836: clean gpu=[2359122:profile_batched]
2026-10-09T03:23:18+0900 sample 837: clean gpu=[2359122:profile_batched]
2026-10-09T03:23:20+0900 sample 838: clean gpu=[2359122:profile_batched]
2026-10-09T03:23:21+0900 sample 839: clean gpu=[2359122:profile_batched]
2026-10-09T03:23:23+0900 sample 840: clean gpu=[2359122:profile_batched]
2026-10-09T03:23:24+0900 sample 841: clean gpu=[2359122:profile_batched]
2026-10-09T03:23:26+0900 sample 842: clean gpu=[2359122:profile_batched]
2026-10-09T03:23:27+0900 sample 843: clean gpu=[2359122:profile_batched]
2026-10-09T03:23:29+0900 sample 844: clean gpu=[2564217:profile_batched]
2026-10-09T03:23:30+0900 sample 845: clean gpu=[2564217:profile_batched]
2026-10-09T03:23:32+0900 sample 846: clean gpu=[2564217:profile_batched]
2026-10-09T03:23:33+0900 sample 847: clean gpu=[2564217:profile_batched]
2026-10-09T03:23:35+0900 sample 848: clean gpu=[2564217:profile_batched]
2026-10-09T03:23:36+0900 sample 849: clean gpu=[2564217:profile_batched]
2026-10-09T03:23:37+0900 sample 850: clean gpu=[2564217:profile_batched]
2026-10-09T03:23:39+0900 sample 851: clean gpu=[2564217:profile_batched]
2026-10-09T03:23:40+0900 sample 852: clean gpu=[2564217:profile_batched]
2026-10-09T03:23:42+0900 sample 853: clean gpu=[2564217:profile_batched]
2026-10-09T03:23:43+0900 sample 854: clean gpu=[2564217:profile_batched]
2026-10-09T03:23:45+0900 sample 855: clean gpu=[2564217:profile_batched]
2026-10-09T03:23:46+0900 sample 856: clean gpu=[2564217:profile_batched]
2026-10-09T03:23:48+0900 sample 857: clean gpu=[2564217:profile_batched]
2026-10-09T03:23:49+0900 sample 858: clean gpu=[2564217:profile_batched]
2026-10-09T03:23:51+0900 sample 859: clean gpu=[2564217:profile_batched]
2026-10-09T03:23:52+0900 sample 860: clean gpu=[2564217:profile_batched]
2026-10-09T03:23:54+0900 sample 861: clean gpu=[2564217:profile_batched]
2026-10-09T03:23:55+0900 sample 862: clean gpu=[2564217:profile_batched]
2026-10-09T03:23:56+0900 sample 863: clean gpu=[2564217:profile_batched]
2026-10-09T03:23:58+0900 sample 864: clean gpu=[2564217:profile_batched]
2026-10-09T03:23:59+0900 sample 865: clean gpu=[2564217:profile_batched]
2026-10-09T03:24:01+0900 sample 866: clean gpu=[2564217:profile_batched]
2026-10-09T03:24:02+0900 sample 867: clean gpu=[2564217:profile_batched]
2026-10-09T03:24:04+0900 sample 868: clean gpu=[2564217:profile_batched]
2026-10-09T03:24:05+0900 sample 869: clean gpu=[2564217:profile_batched]
2026-10-09T03:24:07+0900 sample 870: clean gpu=[2564217:profile_batched]
2026-10-09T03:24:08+0900 sample 871: clean gpu=[2564217:profile_batched]
2026-10-09T03:24:10+0900 sample 872: clean gpu=[2564217:profile_batched]
2026-10-09T03:24:11+0900 sample 873: clean gpu=[2564217:profile_batched]
2026-10-09T03:24:13+0900 sample 874: clean gpu=[2564217:profile_batched]
2026-10-09T03:24:14+0900 sample 875: clean gpu=[2564217:profile_batched]
2026-10-09T03:24:16+0900 sample 876: clean gpu=[2564217:profile_batched]
2026-10-09T03:24:17+0900 sample 877: clean gpu=[2564217:profile_batched]
2026-10-09T03:24:19+0900 sample 878: clean gpu=[2564217:profile_batched]
2026-10-09T03:24:20+0900 sample 879: clean gpu=[2564217:profile_batched]
2026-10-09T03:24:22+0900 sample 880: clean gpu=[2564217:profile_batched]
2026-10-09T03:24:23+0900 sample 881: clean gpu=[2564217:profile_batched]
2026-10-09T03:24:24+0900 sample 882: clean gpu=[2564217:profile_batched]
2026-10-09T03:24:26+0900 sample 883: clean gpu=[2564217:profile_batched]
2026-10-09T03:24:27+0900 sample 884: clean gpu=[2564217:profile_batched]
2026-10-09T03:24:29+0900 sample 885: clean gpu=[2564217:profile_batched]
2026-10-09T03:24:30+0900 sample 886: clean gpu=[2564217:profile_batched]
2026-10-09T03:24:32+0900 sample 887: clean gpu=[2564217:profile_batched]
2026-10-09T03:24:33+0900 sample 888: clean gpu=[2564217:profile_batched]
2026-10-09T03:24:35+0900 sample 889: clean gpu=[2564217:profile_batched]
2026-10-09T03:24:36+0900 sample 890: clean gpu=[2564217:profile_batched]
2026-10-09T03:24:38+0900 sample 891: clean gpu=[2564217:profile_batched]
2026-10-09T03:24:39+0900 sample 892: clean gpu=[2564217:profile_batched]
2026-10-09T03:24:41+0900 sample 893: clean gpu=[2564217:profile_batched]
2026-10-09T03:24:42+0900 sample 894: clean gpu=[2564217:profile_batched]
2026-10-09T03:24:44+0900 sample 895: clean gpu=[2564217:profile_batched]
2026-10-09T03:24:45+0900 sample 896: clean gpu=[2564217:profile_batched]
2026-10-09T03:24:47+0900 sample 897: clean gpu=[2564217:profile_batched]
2026-10-09T03:24:48+0900 sample 898: clean gpu=[2564217:profile_batched]
2026-10-09T03:24:50+0900 sample 899: clean gpu=[2564217:profile_batched]
2026-10-09T03:24:51+0900 sample 900: clean gpu=[2564217:profile_batched]
2026-10-09T03:24:53+0900 sample 901: clean gpu=[2564217:profile_batched]
2026-10-09T03:24:54+0900 sample 902: clean gpu=[2564217:profile_batched]
2026-10-09T03:24:56+0900 sample 903: clean gpu=[2564217:profile_batched]
2026-10-09T03:24:57+0900 sample 904: clean gpu=[2564217:profile_batched]
2026-10-09T03:24:59+0900 sample 905: clean gpu=[2564217:profile_batched]
2026-10-09T03:25:00+0900 sample 906: clean gpu=[2564217:profile_batched]
2026-10-09T03:25:01+0900 sample 907: clean gpu=[2564217:profile_batched]
2026-10-09T03:25:03+0900 sample 908: clean gpu=[2564217:profile_batched]
2026-10-09T03:25:04+0900 sample 909: clean gpu=[2564217:profile_batched]
2026-10-09T03:25:06+0900 sample 910: clean gpu=[2564217:profile_batched]
2026-10-09T03:25:07+0900 sample 911: clean gpu=[2564217:profile_batched]
2026-10-09T03:25:09+0900 sample 912: clean gpu=[2564217:profile_batched]
2026-10-09T03:25:10+0900 sample 913: clean gpu=[2564217:profile_batched]
2026-10-09T03:25:12+0900 sample 914: clean gpu=[2564217:profile_batched]
2026-10-09T03:25:13+0900 sample 915: clean gpu=[2564217:profile_batched]
2026-10-09T03:25:15+0900 sample 916: clean gpu=[2564217:profile_batched]
2026-10-09T03:25:16+0900 sample 917: clean gpu=[2564217:profile_batched]
2026-10-09T03:25:18+0900 sample 918: clean gpu=[2564217:profile_batched]
2026-10-09T03:25:19+0900 sample 919: clean gpu=[2564217:profile_batched]
2026-10-09T03:25:21+0900 sample 920: clean gpu=[2564217:profile_batched]
2026-10-09T03:25:22+0900 sample 921: clean gpu=[2564217:profile_batched]
2026-10-09T03:25:24+0900 sample 922: clean gpu=[2564217:profile_batched]
2026-10-09T03:25:25+0900 sample 923: clean gpu=[2564217:profile_batched]
2026-10-09T03:25:27+0900 sample 924: clean gpu=[2564217:profile_batched]
2026-10-09T03:25:28+0900 sample 925: clean gpu=[2564217:profile_batched]
2026-10-09T03:25:30+0900 sample 926: clean gpu=[2564217:profile_batched]
2026-10-09T03:25:31+0900 sample 927: clean gpu=[2564217:profile_batched]
2026-10-09T03:25:33+0900 sample 928: clean gpu=[2564217:profile_batched]
2026-10-09T03:25:34+0900 sample 929: clean gpu=[2564217:profile_batched]
2026-10-09T03:25:36+0900 sample 930: clean gpu=[2564217:profile_batched]
2026-10-09T03:25:37+0900 sample 931: clean gpu=[2564217:profile_batched]
2026-10-09T03:25:39+0900 sample 932: clean gpu=[2564217:profile_batched]
2026-10-09T03:25:40+0900 sample 933: clean gpu=[2564217:profile_batched]
2026-10-09T03:25:42+0900 sample 934: clean gpu=[2564217:profile_batched]
2026-10-09T03:25:43+0900 sample 935: clean gpu=[2564217:profile_batched]
2026-10-09T03:25:45+0900 sample 936: clean gpu=[2564217:profile_batched]
2026-10-09T03:25:46+0900 sample 937: clean gpu=[2564217:profile_batched]
2026-10-09T03:25:47+0900 sample 938: clean gpu=[2564217:profile_batched]
2026-10-09T03:25:49+0900 sample 939: clean gpu=[2564217:profile_batched]
2026-10-09T03:25:50+0900 sample 940: clean gpu=[2564217:profile_batched]
2026-10-09T03:25:52+0900 sample 941: clean gpu=[2564217:profile_batched]
2026-10-09T03:25:53+0900 sample 942: clean gpu=[2564217:profile_batched]
2026-10-09T03:25:55+0900 sample 943: clean gpu=[2564217:profile_batched]
2026-10-09T03:25:56+0900 sample 944: clean gpu=[2564217:profile_batched]
2026-10-09T03:25:58+0900 sample 945: clean gpu=[2564217:profile_batched]
2026-10-09T03:25:59+0900 sample 946: clean gpu=[2564217:profile_batched]
2026-10-09T03:26:01+0900 sample 947: clean gpu=[2564217:profile_batched]
2026-10-09T03:26:02+0900 sample 948: clean gpu=[2564217:profile_batched]
2026-10-09T03:26:04+0900 sample 949: clean gpu=[2564217:profile_batched]
2026-10-09T03:26:05+0900 sample 950: clean gpu=[2564217:profile_batched]
2026-10-09T03:26:07+0900 sample 951: clean gpu=[2564217:profile_batched]
2026-10-09T03:26:08+0900 sample 952: clean gpu=[2564217:profile_batched]
2026-10-09T03:26:10+0900 sample 953: clean gpu=[2564217:profile_batched]
2026-10-09T03:26:11+0900 sample 954: clean gpu=[2564217:profile_batched]
2026-10-09T03:26:13+0900 sample 955: clean gpu=[2564217:profile_batched]
2026-10-09T03:26:14+0900 sample 956: clean gpu=[2564217:profile_batched]
2026-10-09T03:26:16+0900 sample 957: clean gpu=[2564217:profile_batched]
2026-10-09T03:26:17+0900 sample 958: clean gpu=[2564217:profile_batched]
2026-10-09T03:26:19+0900 sample 959: clean gpu=[2564217:profile_batched]
2026-10-09T03:26:20+0900 sample 960: clean gpu=[2564217:profile_batched]
2026-10-09T03:26:22+0900 sample 961: clean gpu=[2564217:profile_batched]
2026-10-09T03:26:23+0900 sample 962: clean gpu=[2564217:profile_batched]
2026-10-09T03:26:25+0900 sample 963: clean gpu=[2564217:profile_batched]
2026-10-09T03:26:26+0900 sample 964: clean gpu=[2564217:profile_batched]
2026-10-09T03:26:28+0900 sample 965: clean gpu=[2564217:profile_batched]
2026-10-09T03:26:29+0900 sample 966: clean gpu=[2564217:profile_batched]
2026-10-09T03:26:31+0900 sample 967: clean gpu=[2564217:profile_batched]
2026-10-09T03:26:32+0900 sample 968: clean gpu=[2564217:profile_batched]
2026-10-09T03:26:34+0900 sample 969: clean gpu=[2564217:profile_batched]
2026-10-09T03:26:35+0900 sample 970: clean gpu=[2564217:profile_batched]
2026-10-09T03:26:37+0900 sample 971: clean gpu=[2564217:profile_batched]
2026-10-09T03:26:38+0900 sample 972: clean gpu=[2564217:profile_batched]
2026-10-09T03:26:39+0900 sample 973: clean gpu=[2564217:profile_batched]
2026-10-09T03:26:41+0900 sample 974: clean gpu=[2564217:profile_batched]
2026-10-09T03:26:42+0900 sample 975: clean gpu=[2564217:profile_batched]
2026-10-09T03:26:44+0900 sample 976: clean gpu=[2564217:profile_batched]
2026-10-09T03:26:45+0900 sample 977: clean gpu=[2564217:profile_batched]
2026-10-09T03:26:47+0900 sample 978: clean gpu=[2564217:profile_batched]
2026-10-09T03:26:48+0900 sample 979: clean gpu=[2564217:profile_batched]
2026-10-09T03:26:50+0900 sample 980: clean gpu=[2564217:profile_batched]
2026-10-09T03:26:51+0900 sample 981: clean gpu=[2564217:profile_batched]
2026-10-09T03:26:53+0900 sample 982: clean gpu=[2564217:profile_batched]
2026-10-09T03:26:54+0900 sample 983: clean gpu=[2564217:profile_batched]
2026-10-09T03:26:56+0900 sample 984: clean gpu=[2564217:profile_batched]
2026-10-09T03:26:57+0900 sample 985: clean gpu=[2564217:profile_batched]
2026-10-09T03:26:59+0900 sample 986: clean gpu=[2564217:profile_batched]
2026-10-09T03:27:00+0900 sample 987: clean gpu=[2564217:profile_batched]
2026-10-09T03:27:02+0900 sample 988: clean gpu=[2564217:profile_batched]
2026-10-09T03:27:03+0900 sample 989: clean gpu=[2564217:profile_batched]
2026-10-09T03:27:05+0900 sample 990: clean gpu=[2564217:profile_batched]
2026-10-09T03:27:06+0900 sample 991: clean gpu=[2564217:profile_batched]
2026-10-09T03:27:08+0900 sample 992: clean gpu=[2564217:profile_batched]
2026-10-09T03:27:09+0900 sample 993: clean gpu=[2564217:profile_batched]
2026-10-09T03:27:11+0900 sample 994: clean gpu=[2564217:profile_batched]
2026-10-09T03:27:12+0900 sample 995: clean gpu=[2564217:profile_batched]
2026-10-09T03:27:14+0900 sample 996: clean gpu=[2564217:profile_batched]
2026-10-09T03:27:15+0900 sample 997: clean gpu=[2564217:profile_batched]
2026-10-09T03:27:17+0900 sample 998: clean gpu=[2564217:profile_batched]
2026-10-09T03:27:18+0900 sample 999: clean gpu=[2564217:profile_batched]
2026-10-09T03:27:19+0900 sample 1000: clean gpu=[2564217:profile_batched]
2026-10-09T03:27:21+0900 sample 1001: clean gpu=[2564217:profile_batched]
2026-10-09T03:27:22+0900 sample 1002: clean gpu=[2564217:profile_batched]
2026-10-09T03:27:24+0900 sample 1003: clean gpu=[2564217:profile_batched]
2026-10-09T03:27:25+0900 sample 1004: clean gpu=[2564217:profile_batched]
2026-10-09T03:27:27+0900 sample 1005: clean gpu=[2564217:profile_batched]
2026-10-09T03:27:28+0900 sample 1006: clean gpu=[2564217:profile_batched]
2026-10-09T03:27:29+0900 sample 1007: clean gpu=[2564217:profile_batched]
2026-10-09T03:27:31+0900 sample 1008: clean gpu=[2564217:profile_batched]
2026-10-09T03:27:32+0900 sample 1009: clean gpu=[2564217:profile_batched]
2026-10-09T03:27:34+0900 sample 1010: clean gpu=[2564217:profile_batched]
2026-10-09T03:27:35+0900 sample 1011: clean gpu=[2564217:profile_batched]
2026-10-09T03:27:37+0900 sample 1012: clean gpu=[2564217:profile_batched]
2026-10-09T03:27:38+0900 sample 1013: clean gpu=[2564217:profile_batched]
2026-10-09T03:27:40+0900 sample 1014: clean gpu=[2564217:profile_batched]
2026-10-09T03:27:41+0900 sample 1015: clean gpu=[2564217:profile_batched]
2026-10-09T03:27:43+0900 sample 1016: clean gpu=[2564217:profile_batched]
2026-10-09T03:27:44+0900 sample 1017: clean gpu=[2564217:profile_batched]
2026-10-09T03:27:46+0900 sample 1018: clean gpu=[2564217:profile_batched]
2026-10-09T03:27:47+0900 sample 1019: clean gpu=[2564217:profile_batched]
2026-10-09T03:27:49+0900 sample 1020: clean gpu=[2564217:profile_batched]
2026-10-09T03:27:50+0900 sample 1021: clean gpu=[2564217:profile_batched]
2026-10-09T03:27:52+0900 sample 1022: clean gpu=[2564217:profile_batched]
2026-10-09T03:27:53+0900 sample 1023: clean gpu=[2564217:profile_batched]
2026-10-09T03:27:55+0900 sample 1024: clean gpu=[2564217:profile_batched]
2026-10-09T03:27:56+0900 sample 1025: clean gpu=[2564217:profile_batched]
2026-10-09T03:27:58+0900 sample 1026: clean gpu=[2564217:profile_batched]
2026-10-09T03:27:59+0900 sample 1027: clean gpu=[2564217:profile_batched]
2026-10-09T03:28:01+0900 sample 1028: clean gpu=[2564217:profile_batched]
2026-10-09T03:28:02+0900 sample 1029: clean gpu=[2564217:profile_batched]
2026-10-09T03:28:04+0900 sample 1030: clean gpu=[2564217:profile_batched]
2026-10-09T03:28:05+0900 sample 1031: clean gpu=[2564217:profile_batched]
2026-10-09T03:28:07+0900 sample 1032: clean gpu=[2564217:profile_batched]
2026-10-09T03:28:08+0900 sample 1033: clean gpu=[2564217:profile_batched]
2026-10-09T03:28:10+0900 sample 1034: clean gpu=[2564217:profile_batched]
2026-10-09T03:28:11+0900 sample 1035: clean gpu=[2564217:profile_batched]
2026-10-09T03:28:12+0900 sample 1036: clean gpu=[2564217:profile_batched]
2026-10-09T03:28:14+0900 sample 1037: clean gpu=[2564217:profile_batched]
2026-10-09T03:28:15+0900 sample 1038: clean gpu=[2564217:profile_batched]
2026-10-09T03:28:17+0900 sample 1039: clean gpu=[2564217:profile_batched]
2026-10-09T03:28:18+0900 sample 1040: clean gpu=[2564217:profile_batched]
2026-10-09T03:28:20+0900 sample 1041: clean gpu=[2564217:profile_batched]
2026-10-09T03:28:21+0900 sample 1042: clean gpu=[2564217:profile_batched]
2026-10-09T03:28:23+0900 sample 1043: clean gpu=[2564217:profile_batched]
2026-10-09T03:28:24+0900 sample 1044: clean gpu=[2564217:profile_batched]
2026-10-09T03:28:26+0900 sample 1045: clean gpu=[2564217:profile_batched]
2026-10-09T03:28:27+0900 sample 1046: clean gpu=[2564217:profile_batched]
2026-10-09T03:28:29+0900 sample 1047: clean gpu=[2564217:profile_batched]
2026-10-09T03:28:30+0900 sample 1048: clean gpu=[2564217:profile_batched]
2026-10-09T03:28:32+0900 sample 1049: clean gpu=[2564217:profile_batched]
2026-10-09T03:28:33+0900 sample 1050: clean gpu=[2564217:profile_batched]
2026-10-09T03:28:35+0900 sample 1051: clean gpu=[2564217:profile_batched]
2026-10-09T03:28:36+0900 sample 1052: clean gpu=[2564217:profile_batched]
2026-10-09T03:28:38+0900 sample 1053: clean gpu=[2564217:profile_batched]
2026-10-09T03:28:39+0900 sample 1054: clean gpu=[2564217:profile_batched]
2026-10-09T03:28:41+0900 sample 1055: clean gpu=[2564217:profile_batched]
2026-10-09T03:28:42+0900 sample 1056: clean gpu=[2564217:profile_batched]
2026-10-09T03:28:44+0900 sample 1057: clean gpu=[2564217:profile_batched]
2026-10-09T03:28:45+0900 sample 1058: clean gpu=[2564217:profile_batched]
2026-10-09T03:28:47+0900 sample 1059: clean gpu=[2564217:profile_batched]
2026-10-09T03:28:48+0900 sample 1060: clean gpu=[2564217:profile_batched]
2026-10-09T03:28:50+0900 sample 1061: clean gpu=[2564217:profile_batched]
2026-10-09T03:28:51+0900 sample 1062: clean gpu=[2564217:profile_batched]
2026-10-09T03:28:53+0900 sample 1063: clean gpu=[2564217:profile_batched]
2026-10-09T03:28:54+0900 sample 1064: clean gpu=[2564217:profile_batched]
2026-10-09T03:28:56+0900 sample 1065: clean gpu=[2564217:profile_batched]
2026-10-09T03:28:57+0900 sample 1066: clean gpu=[2564217:profile_batched]
2026-10-09T03:28:59+0900 sample 1067: clean gpu=[2564217:profile_batched]
2026-10-09T03:29:00+0900 sample 1068: clean gpu=[2564217:profile_batched]
2026-10-09T03:29:01+0900 monitor: 1068 samples
2026-10-09T03:29:01+0900 attempt 1: CLEAN, exit 0
