2026-10-08T21:23:37+0900 waiting for guard lock /tmp/mlxcel-rocm-gpu-guard.lock
2026-10-08T21:33:41+0900 acquired guard lock /tmp/mlxcel-rocm-gpu-guard.lock after 604s
2026-10-08T21:33:41+0900 waiting for 60s of idle GPU and no compiler
2026-10-08T21:35:10+0900 idle for 60s: kfd proc empty and no compiler in every 1 Hz sample
2026-10-08T21:35:10+0900 attempt 1/6: start: <meas>/run_all.sh <meas>/s1
2026-10-08T21:35:10+0900 sample 1: clean gpu=[]
2026-10-08T21:35:12+0900 sample 2: clean gpu=[3690570:mlxcel-server]
2026-10-08T21:35:13+0900 sample 3: clean gpu=[3690570:mlxcel-server]
2026-10-08T21:35:15+0900 sample 4: clean gpu=[3690570:mlxcel-server]
2026-10-08T21:35:16+0900 sample 5: clean gpu=[3690570:mlxcel-server]
2026-10-08T21:35:18+0900 sample 6: clean gpu=[3690570:mlxcel-server]
2026-10-08T21:35:19+0900 sample 7: clean gpu=[3690570:mlxcel-server]
2026-10-08T21:35:21+0900 sample 8: clean gpu=[3690570:mlxcel-server]
2026-10-08T21:35:22+0900 sample 9: clean gpu=[3690570:mlxcel-server]
2026-10-08T21:35:24+0900 sample 10: clean gpu=[3690570:mlxcel-server]
2026-10-08T21:35:25+0900 sample 11: clean gpu=[3690570:mlxcel-server]
2026-10-08T21:35:27+0900 sample 12: clean gpu=[3690570:mlxcel-server]
2026-10-08T21:35:28+0900 sample 13: clean gpu=[3690570:mlxcel-server]
2026-10-08T21:35:30+0900 sample 14: clean gpu=[3690570:mlxcel-server]
2026-10-08T21:35:31+0900 sample 15: clean gpu=[3690570:mlxcel-server]
2026-10-08T21:35:33+0900 sample 16: clean gpu=[3690570:mlxcel-server]
2026-10-08T21:35:34+0900 sample 17: clean gpu=[3690570:mlxcel-server]
2026-10-08T21:35:36+0900 sample 18: clean gpu=[3690570:mlxcel-server]
2026-10-08T21:35:37+0900 sample 19: clean gpu=[3690570:mlxcel-server]
2026-10-08T21:35:39+0900 sample 20: clean gpu=[3690570:mlxcel-server]
2026-10-08T21:35:40+0900 sample 21: clean gpu=[3690570:mlxcel-server]
2026-10-08T21:35:42+0900 sample 22: clean gpu=[3690570:mlxcel-server]
2026-10-08T21:35:44+0900 sample 23: clean gpu=[3690570:mlxcel-server]
2026-10-08T21:35:45+0900 sample 24: clean gpu=[3690570:mlxcel-server]
2026-10-08T21:35:47+0900 sample 25: clean gpu=[3690570:mlxcel-server]
2026-10-08T21:35:48+0900 sample 26: clean gpu=[3690570:mlxcel-server]
2026-10-08T21:35:50+0900 sample 27: clean gpu=[3690570:mlxcel-server]
2026-10-08T21:35:51+0900 sample 28: clean gpu=[3690570:mlxcel-server]
2026-10-08T21:35:53+0900 sample 29: clean gpu=[3690570:mlxcel-server]
2026-10-08T21:35:54+0900 sample 30: clean gpu=[3690570:mlxcel-server]
2026-10-08T21:35:56+0900 sample 31: clean gpu=[3690570:mlxcel-server]
2026-10-08T21:35:58+0900 sample 32: clean gpu=[3690570:mlxcel-server]
2026-10-08T21:35:59+0900 sample 33: clean gpu=[3690570:mlxcel-server]
2026-10-08T21:36:01+0900 sample 34: clean gpu=[3690570:mlxcel-server]
2026-10-08T21:36:02+0900 sample 35: clean gpu=[3690570:mlxcel-server]
2026-10-08T21:36:04+0900 sample 36: clean gpu=[3690570:mlxcel-server]
2026-10-08T21:36:05+0900 sample 37: clean gpu=[3690570:mlxcel-server]
2026-10-08T21:36:07+0900 sample 38: clean gpu=[3690570:mlxcel-server]
2026-10-08T21:36:08+0900 sample 39: clean gpu=[3690570:mlxcel-server]
2026-10-08T21:36:10+0900 sample 40: clean gpu=[3690570:mlxcel-server]
2026-10-08T21:36:11+0900 sample 41: clean gpu=[3690570:mlxcel-server]
2026-10-08T21:36:13+0900 sample 42: clean gpu=[3690570:mlxcel-server]
2026-10-08T21:36:14+0900 sample 43: clean gpu=[3690570:mlxcel-server]
2026-10-08T21:36:16+0900 sample 44: clean gpu=[3690570:mlxcel-server]
2026-10-08T21:36:17+0900 sample 45: clean gpu=[3690570:mlxcel-server]
2026-10-08T21:36:19+0900 sample 46: clean gpu=[3690570:mlxcel-server]
2026-10-08T21:36:20+0900 sample 47: clean gpu=[3690570:mlxcel-server]
2026-10-08T21:36:22+0900 sample 48: clean gpu=[3690570:mlxcel-server]
2026-10-08T21:36:23+0900 sample 49: clean gpu=[3690570:mlxcel-server]
2026-10-08T21:36:25+0900 sample 50: clean gpu=[3690570:mlxcel-server]
2026-10-08T21:36:26+0900 sample 51: clean gpu=[3690570:mlxcel-server]
2026-10-08T21:36:28+0900 sample 52: clean gpu=[3690570:mlxcel-server]
2026-10-08T21:36:29+0900 sample 53: clean gpu=[3690570:mlxcel-server]
2026-10-08T21:36:31+0900 sample 54: clean gpu=[3690570:mlxcel-server]
2026-10-08T21:36:32+0900 sample 55: clean gpu=[3690570:mlxcel-server]
2026-10-08T21:36:34+0900 sample 56: clean gpu=[3690570:mlxcel-server]
2026-10-08T21:36:35+0900 sample 57: clean gpu=[3690570:mlxcel-server]
2026-10-08T21:36:37+0900 sample 58: clean gpu=[3690570:mlxcel-server]
2026-10-08T21:36:38+0900 sample 59: clean gpu=[3690570:mlxcel-server]
2026-10-08T21:36:40+0900 sample 60: clean gpu=[3690570:mlxcel-server]
2026-10-08T21:36:41+0900 sample 61: clean gpu=[3690570:mlxcel-server]
2026-10-08T21:36:43+0900 sample 62: clean gpu=[3690570:mlxcel-server]
2026-10-08T21:36:44+0900 sample 63: clean gpu=[3690570:mlxcel-server]
2026-10-08T21:36:46+0900 sample 64: clean gpu=[3690570:mlxcel-server]
2026-10-08T21:36:47+0900 sample 65: clean gpu=[3690570:mlxcel-server]
2026-10-08T21:36:49+0900 sample 66: clean gpu=[3690570:mlxcel-server]
2026-10-08T21:36:50+0900 sample 67: clean gpu=[3690570:mlxcel-server]
2026-10-08T21:36:52+0900 sample 68: clean gpu=[3690570:mlxcel-server]
2026-10-08T21:36:53+0900 sample 69: clean gpu=[3690570:mlxcel-server]
2026-10-08T21:36:55+0900 sample 70: clean gpu=[3690570:mlxcel-server]
2026-10-08T21:36:56+0900 sample 71: clean gpu=[3690570:mlxcel-server]
2026-10-08T21:36:58+0900 sample 72: clean gpu=[3690570:mlxcel-server]
2026-10-08T21:36:59+0900 sample 73: clean gpu=[3690570:mlxcel-server]
2026-10-08T21:37:01+0900 sample 74: clean gpu=[3690570:mlxcel-server]
2026-10-08T21:37:02+0900 sample 75: clean gpu=[3690570:mlxcel-server]
2026-10-08T21:37:04+0900 sample 76: clean gpu=[3690570:mlxcel-server]
2026-10-08T21:37:05+0900 sample 77: clean gpu=[3690570:mlxcel-server]
2026-10-08T21:37:07+0900 sample 78: clean gpu=[3690570:mlxcel-server]
2026-10-08T21:37:08+0900 sample 79: clean gpu=[3690570:mlxcel-server]
2026-10-08T21:37:10+0900 sample 80: clean gpu=[3690570:mlxcel-server]
2026-10-08T21:37:11+0900 sample 81: clean gpu=[3690570:mlxcel-server]
2026-10-08T21:37:13+0900 sample 82: clean gpu=[3690570:mlxcel-server]
2026-10-08T21:37:14+0900 sample 83: clean gpu=[3690570:mlxcel-server]
2026-10-08T21:37:16+0900 sample 84: clean gpu=[3690570:mlxcel-server]
2026-10-08T21:37:17+0900 sample 85: clean gpu=[3690570:mlxcel-server]
2026-10-08T21:37:19+0900 sample 86: clean gpu=[3690570:mlxcel-server]
2026-10-08T21:37:20+0900 sample 87: clean gpu=[3690570:mlxcel-server]
2026-10-08T21:37:22+0900 sample 88: clean gpu=[3690570:mlxcel-server]
2026-10-08T21:37:23+0900 sample 89: clean gpu=[3690570:mlxcel-server]
2026-10-08T21:37:25+0900 sample 90: clean gpu=[3690570:mlxcel-server]
2026-10-08T21:37:26+0900 sample 91: clean gpu=[3690570:mlxcel-server]
2026-10-08T21:37:28+0900 sample 92: clean gpu=[3690570:mlxcel-server]
2026-10-08T21:37:29+0900 sample 93: clean gpu=[3690570:mlxcel-server]
2026-10-08T21:37:31+0900 sample 94: clean gpu=[3690570:mlxcel-server]
2026-10-08T21:37:32+0900 sample 95: clean gpu=[3690570:mlxcel-server]
2026-10-08T21:37:34+0900 sample 96: clean gpu=[3690570:mlxcel-server]
2026-10-08T21:37:35+0900 sample 97: clean gpu=[3690570:mlxcel-server]
2026-10-08T21:37:37+0900 sample 98: clean gpu=[3690570:mlxcel-server]
2026-10-08T21:37:38+0900 sample 99: clean gpu=[3690570:mlxcel-server]
2026-10-08T21:37:40+0900 sample 100: clean gpu=[3690570:mlxcel-server]
2026-10-08T21:37:41+0900 sample 101: clean gpu=[3690570:mlxcel-server]
2026-10-08T21:37:43+0900 sample 102: clean gpu=[3690570:mlxcel-server]
2026-10-08T21:37:44+0900 sample 103: clean gpu=[3690570:mlxcel-server]
2026-10-08T21:37:46+0900 sample 104: clean gpu=[3690570:mlxcel-server]
2026-10-08T21:37:47+0900 sample 105: clean gpu=[3690570:mlxcel-server]
2026-10-08T21:37:49+0900 sample 106: clean gpu=[3690570:mlxcel-server]
2026-10-08T21:37:50+0900 sample 107: clean gpu=[3690570:mlxcel-server]
2026-10-08T21:37:52+0900 sample 108: clean gpu=[3690570:mlxcel-server]
2026-10-08T21:37:53+0900 sample 109: clean gpu=[3690570:mlxcel-server]
2026-10-08T21:37:55+0900 sample 110: clean gpu=[3690570:mlxcel-server]
2026-10-08T21:37:56+0900 sample 111: clean gpu=[3690570:mlxcel-server]
2026-10-08T21:37:58+0900 sample 112: clean gpu=[3690570:mlxcel-server]
2026-10-08T21:37:59+0900 sample 113: clean gpu=[3690570:mlxcel-server]
2026-10-08T21:38:01+0900 sample 114: clean gpu=[3690570:mlxcel-server]
2026-10-08T21:38:02+0900 sample 115: clean gpu=[3690570:mlxcel-server]
2026-10-08T21:38:04+0900 sample 116: clean gpu=[3690570:mlxcel-server]
2026-10-08T21:38:05+0900 sample 117: clean gpu=[3690570:mlxcel-server]
2026-10-08T21:38:07+0900 sample 118: clean gpu=[3690570:mlxcel-server]
2026-10-08T21:38:08+0900 sample 119: clean gpu=[3690570:mlxcel-server]
2026-10-08T21:38:10+0900 sample 120: clean gpu=[3690570:mlxcel-server]
2026-10-08T21:38:11+0900 sample 121: clean gpu=[3690570:mlxcel-server]
2026-10-08T21:38:13+0900 sample 122: clean gpu=[3690570:mlxcel-server]
2026-10-08T21:38:14+0900 sample 123: clean gpu=[3690570:mlxcel-server]
2026-10-08T21:38:16+0900 sample 124: clean gpu=[3690570:mlxcel-server]
2026-10-08T21:38:17+0900 sample 125: clean gpu=[3690570:mlxcel-server]
2026-10-08T21:38:19+0900 sample 126: clean gpu=[3690570:mlxcel-server]
2026-10-08T21:38:20+0900 sample 127: clean gpu=[3690570:mlxcel-server]
2026-10-08T21:38:22+0900 sample 128: clean gpu=[3690570:mlxcel-server]
2026-10-08T21:38:23+0900 sample 129: clean gpu=[3690570:mlxcel-server]
2026-10-08T21:38:25+0900 sample 130: clean gpu=[3690570:mlxcel-server]
2026-10-08T21:38:26+0900 sample 131: clean gpu=[3690570:mlxcel-server]
2026-10-08T21:38:28+0900 sample 132: clean gpu=[3690570:mlxcel-server]
2026-10-08T21:38:29+0900 sample 133: clean gpu=[3690570:mlxcel-server]
2026-10-08T21:38:31+0900 sample 134: clean gpu=[3690570:mlxcel-server]
2026-10-08T21:38:32+0900 sample 135: clean gpu=[3690570:mlxcel-server]
2026-10-08T21:38:34+0900 sample 136: clean gpu=[3690570:mlxcel-server]
2026-10-08T21:38:35+0900 sample 137: clean gpu=[3690570:mlxcel-server]
2026-10-08T21:38:37+0900 sample 138: clean gpu=[3690570:mlxcel-server]
2026-10-08T21:38:38+0900 sample 139: clean gpu=[3690570:mlxcel-server]
2026-10-08T21:38:39+0900 sample 140: clean gpu=[3690570:mlxcel-server]
2026-10-08T21:38:41+0900 sample 141: clean gpu=[3690570:mlxcel-server]
2026-10-08T21:38:42+0900 sample 142: clean gpu=[3690570:mlxcel-server]
2026-10-08T21:38:44+0900 sample 143: clean gpu=[3690570:mlxcel-server]
2026-10-08T21:38:45+0900 sample 144: clean gpu=[3690570:mlxcel-server]
2026-10-08T21:38:47+0900 sample 145: clean gpu=[3690570:mlxcel-server]
2026-10-08T21:38:48+0900 sample 146: clean gpu=[3690570:mlxcel-server]
2026-10-08T21:38:50+0900 sample 147: clean gpu=[3690570:mlxcel-server]
2026-10-08T21:38:52+0900 sample 148: clean gpu=[3690570:mlxcel-server]
2026-10-08T21:38:53+0900 sample 149: clean gpu=[3690570:mlxcel-server]
2026-10-08T21:38:55+0900 sample 150: clean gpu=[3690570:mlxcel-server]
2026-10-08T21:38:56+0900 sample 151: clean gpu=[3690570:mlxcel-server]
2026-10-08T21:38:58+0900 sample 152: clean gpu=[3690570:mlxcel-server]
2026-10-08T21:38:59+0900 sample 153: clean gpu=[3690570:mlxcel-server]
2026-10-08T21:39:01+0900 sample 154: clean gpu=[3690570:mlxcel-server]
2026-10-08T21:39:02+0900 sample 155: clean gpu=[3690570:mlxcel-server]
2026-10-08T21:39:04+0900 sample 156: clean gpu=[3690570:mlxcel-server]
2026-10-08T21:39:05+0900 sample 157: clean gpu=[3690570:mlxcel-server]
2026-10-08T21:39:07+0900 sample 158: clean gpu=[3690570:mlxcel-server]
2026-10-08T21:39:08+0900 sample 159: clean gpu=[3690570:mlxcel-server]
2026-10-08T21:39:10+0900 sample 160: clean gpu=[3690570:mlxcel-server]
2026-10-08T21:39:11+0900 sample 161: clean gpu=[3690570:mlxcel-server]
2026-10-08T21:39:13+0900 sample 162: clean gpu=[3690570:mlxcel-server]
2026-10-08T21:39:14+0900 sample 163: clean gpu=[3690570:mlxcel-server]
2026-10-08T21:39:16+0900 sample 164: clean gpu=[3690570:mlxcel-server]
2026-10-08T21:39:17+0900 sample 165: clean gpu=[3690570:mlxcel-server]
2026-10-08T21:39:19+0900 sample 166: clean gpu=[3690570:mlxcel-server]
2026-10-08T21:39:20+0900 sample 167: clean gpu=[3690570:mlxcel-server]
2026-10-08T21:39:22+0900 sample 168: clean gpu=[3690570:mlxcel-server]
2026-10-08T21:39:23+0900 sample 169: clean gpu=[3690570:mlxcel-server]
2026-10-08T21:39:25+0900 sample 170: clean gpu=[3690570:mlxcel-server]
2026-10-08T21:39:26+0900 sample 171: clean gpu=[3690570:mlxcel-server]
2026-10-08T21:39:28+0900 sample 172: clean gpu=[3690570:mlxcel-server]
2026-10-08T21:39:29+0900 sample 173: clean gpu=[3690570:mlxcel-server]
2026-10-08T21:39:31+0900 sample 174: clean gpu=[3690570:mlxcel-server]
2026-10-08T21:39:32+0900 sample 175: clean gpu=[3690570:mlxcel-server]
2026-10-08T21:39:34+0900 sample 176: clean gpu=[3690570:mlxcel-server]
2026-10-08T21:39:35+0900 sample 177: clean gpu=[3690570:mlxcel-server]
2026-10-08T21:39:37+0900 sample 178: clean gpu=[3690570:mlxcel-server]
2026-10-08T21:39:38+0900 sample 179: clean gpu=[3690570:mlxcel-server]
2026-10-08T21:39:40+0900 sample 180: clean gpu=[3690570:mlxcel-server]
2026-10-08T21:39:41+0900 sample 181: clean gpu=[3690570:mlxcel-server]
2026-10-08T21:39:43+0900 sample 182: clean gpu=[3690570:mlxcel-server]
2026-10-08T21:39:44+0900 sample 183: clean gpu=[3690570:mlxcel-server]
2026-10-08T21:39:46+0900 sample 184: clean gpu=[3690570:mlxcel-server]
2026-10-08T21:39:47+0900 sample 185: clean gpu=[3690570:mlxcel-server]
2026-10-08T21:39:49+0900 sample 186: clean gpu=[3690570:mlxcel-server]
2026-10-08T21:39:50+0900 sample 187: clean gpu=[3690570:mlxcel-server]
2026-10-08T21:39:52+0900 sample 188: clean gpu=[3690570:mlxcel-server]
2026-10-08T21:39:53+0900 sample 189: clean gpu=[3690570:mlxcel-server]
2026-10-08T21:39:55+0900 sample 190: clean gpu=[3690570:mlxcel-server]
2026-10-08T21:39:56+0900 sample 191: clean gpu=[3690570:mlxcel-server]
2026-10-08T21:39:58+0900 sample 192: clean gpu=[3690570:mlxcel-server]
2026-10-08T21:39:59+0900 sample 193: clean gpu=[3690570:mlxcel-server]
2026-10-08T21:40:01+0900 sample 194: clean gpu=[3690570:mlxcel-server]
2026-10-08T21:40:02+0900 sample 195: clean gpu=[3690570:mlxcel-server]
2026-10-08T21:40:04+0900 sample 196: clean gpu=[3690570:mlxcel-server]
2026-10-08T21:40:05+0900 sample 197: clean gpu=[3690570:mlxcel-server]
2026-10-08T21:40:07+0900 sample 198: clean gpu=[3690570:mlxcel-server]
2026-10-08T21:40:08+0900 sample 199: clean gpu=[3690570:mlxcel-server]
2026-10-08T21:40:09+0900 sample 200: clean gpu=[3690570:mlxcel-server]
2026-10-08T21:40:11+0900 sample 201: clean gpu=[3690570:mlxcel-server]
2026-10-08T21:40:12+0900 sample 202: clean gpu=[3690570:mlxcel-server]
2026-10-08T21:40:14+0900 sample 203: clean gpu=[3690570:mlxcel-server]
2026-10-08T21:40:15+0900 sample 204: clean gpu=[3690570:mlxcel-server]
2026-10-08T21:40:17+0900 sample 205: clean gpu=[3690570:mlxcel-server]
2026-10-08T21:40:18+0900 sample 206: clean gpu=[3690570:mlxcel-server]
2026-10-08T21:40:20+0900 sample 207: clean gpu=[3690570:mlxcel-server]
2026-10-08T21:40:21+0900 sample 208: clean gpu=[3690570:mlxcel-server]
2026-10-08T21:40:23+0900 sample 209: clean gpu=[3690570:mlxcel-server]
2026-10-08T21:40:24+0900 sample 210: clean gpu=[3690570:mlxcel-server]
2026-10-08T21:40:26+0900 sample 211: clean gpu=[3690570:mlxcel-server]
2026-10-08T21:40:27+0900 sample 212: clean gpu=[3690570:mlxcel-server]
2026-10-08T21:40:29+0900 sample 213: clean gpu=[3690570:mlxcel-server]
2026-10-08T21:40:30+0900 sample 214: clean gpu=[3690570:mlxcel-server]
2026-10-08T21:40:32+0900 sample 215: clean gpu=[3690570:mlxcel-server]
2026-10-08T21:40:33+0900 sample 216: clean gpu=[3690570:mlxcel-server]
2026-10-08T21:40:35+0900 sample 217: clean gpu=[3690570:mlxcel-server]
2026-10-08T21:40:36+0900 sample 218: clean gpu=[3690570:mlxcel-server]
2026-10-08T21:40:38+0900 sample 219: clean gpu=[3690570:mlxcel-server]
2026-10-08T21:40:39+0900 sample 220: clean gpu=[3690570:mlxcel-server]
2026-10-08T21:40:41+0900 sample 221: clean gpu=[3690570:mlxcel-server]
2026-10-08T21:40:42+0900 sample 222: clean gpu=[3690570:mlxcel-server]
2026-10-08T21:40:44+0900 sample 223: clean gpu=[3690570:mlxcel-server]
2026-10-08T21:40:45+0900 sample 224: clean gpu=[3690570:mlxcel-server]
2026-10-08T21:40:47+0900 sample 225: clean gpu=[3690570:mlxcel-server]
2026-10-08T21:40:48+0900 sample 226: clean gpu=[3690570:mlxcel-server]
2026-10-08T21:40:50+0900 sample 227: clean gpu=[3690570:mlxcel-server]
2026-10-08T21:40:51+0900 sample 228: clean gpu=[3690570:mlxcel-server]
2026-10-08T21:40:53+0900 sample 229: clean gpu=[3690570:mlxcel-server]
2026-10-08T21:40:54+0900 sample 230: clean gpu=[3690570:mlxcel-server]
2026-10-08T21:40:56+0900 sample 231: clean gpu=[3690570:mlxcel-server]
2026-10-08T21:40:57+0900 sample 232: clean gpu=[3690570:mlxcel-server]
2026-10-08T21:40:59+0900 sample 233: clean gpu=[3690570:mlxcel-server]
2026-10-08T21:41:00+0900 sample 234: clean gpu=[3690570:mlxcel-server]
2026-10-08T21:41:02+0900 sample 235: clean gpu=[3690570:mlxcel-server]
2026-10-08T21:41:03+0900 sample 236: clean gpu=[3690570:mlxcel-server]
2026-10-08T21:41:05+0900 sample 237: clean gpu=[3690570:mlxcel-server]
2026-10-08T21:41:06+0900 sample 238: clean gpu=[3690570:mlxcel-server]
2026-10-08T21:41:08+0900 sample 239: clean gpu=[3690570:mlxcel-server]
2026-10-08T21:41:09+0900 sample 240: clean gpu=[3690570:mlxcel-server]
2026-10-08T21:41:11+0900 sample 241: clean gpu=[3690570:mlxcel-server]
2026-10-08T21:41:12+0900 sample 242: clean gpu=[3690570:mlxcel-server]
2026-10-08T21:41:14+0900 sample 243: clean gpu=[3690570:mlxcel-server]
2026-10-08T21:41:15+0900 sample 244: clean gpu=[3690570:mlxcel-server]
2026-10-08T21:41:17+0900 sample 245: clean gpu=[3690570:mlxcel-server]
2026-10-08T21:41:18+0900 sample 246: clean gpu=[3690570:mlxcel-server]
2026-10-08T21:41:20+0900 sample 247: clean gpu=[3690570:mlxcel-server]
2026-10-08T21:41:21+0900 sample 248: clean gpu=[3690570:mlxcel-server]
2026-10-08T21:41:23+0900 sample 249: clean gpu=[3690570:mlxcel-server]
2026-10-08T21:41:24+0900 sample 250: clean gpu=[3690570:mlxcel-server]
2026-10-08T21:41:26+0900 sample 251: clean gpu=[3690570:mlxcel-server]
2026-10-08T21:41:27+0900 sample 252: clean gpu=[3690570:mlxcel-server]
2026-10-08T21:41:29+0900 sample 253: clean gpu=[3690570:mlxcel-server]
2026-10-08T21:41:30+0900 sample 254: clean gpu=[3690570:mlxcel-server]
2026-10-08T21:41:32+0900 sample 255: clean gpu=[3690570:mlxcel-server]
2026-10-08T21:41:33+0900 sample 256: clean gpu=[3690570:mlxcel-server]
2026-10-08T21:41:35+0900 sample 257: clean gpu=[3690570:mlxcel-server]
2026-10-08T21:41:36+0900 sample 258: clean gpu=[3690570:mlxcel-server]
2026-10-08T21:41:37+0900 sample 259: clean gpu=[3690570:mlxcel-server]
2026-10-08T21:41:39+0900 sample 260: clean gpu=[3690570:mlxcel-server]
2026-10-08T21:41:40+0900 sample 261: clean gpu=[3690570:mlxcel-server]
2026-10-08T21:41:42+0900 sample 262: clean gpu=[3690570:mlxcel-server]
2026-10-08T21:41:43+0900 sample 263: clean gpu=[3690570:mlxcel-server]
2026-10-08T21:41:45+0900 sample 264: clean gpu=[3690570:mlxcel-server]
2026-10-08T21:41:46+0900 sample 265: clean gpu=[3690570:mlxcel-server]
2026-10-08T21:41:48+0900 sample 266: clean gpu=[3690570:mlxcel-server]
2026-10-08T21:41:49+0900 sample 267: clean gpu=[3690570:mlxcel-server]
2026-10-08T21:41:51+0900 sample 268: clean gpu=[3690570:mlxcel-server]
2026-10-08T21:41:52+0900 sample 269: clean gpu=[3690570:mlxcel-server]
2026-10-08T21:41:54+0900 sample 270: clean gpu=[3690570:mlxcel-server]
2026-10-08T21:41:55+0900 sample 271: clean gpu=[3690570:mlxcel-server]
2026-10-08T21:41:57+0900 sample 272: clean gpu=[3690570:mlxcel-server]
2026-10-08T21:41:58+0900 sample 273: clean gpu=[3690570:mlxcel-server]
2026-10-08T21:42:00+0900 sample 274: clean gpu=[3690570:mlxcel-server]
2026-10-08T21:42:01+0900 sample 275: clean gpu=[3690570:mlxcel-server]
2026-10-08T21:42:03+0900 sample 276: clean gpu=[3690570:mlxcel-server]
2026-10-08T21:42:04+0900 sample 277: clean gpu=[3690570:mlxcel-server]
2026-10-08T21:42:06+0900 sample 278: clean gpu=[3690570:mlxcel-server]
2026-10-08T21:42:07+0900 sample 279: clean gpu=[3690570:mlxcel-server]
2026-10-08T21:42:09+0900 sample 280: clean gpu=[3690570:mlxcel-server]
2026-10-08T21:42:10+0900 sample 281: clean gpu=[3690570:mlxcel-server]
2026-10-08T21:42:12+0900 sample 282: clean gpu=[3690570:mlxcel-server]
2026-10-08T21:42:13+0900 sample 283: clean gpu=[3690570:mlxcel-server]
2026-10-08T21:42:15+0900 sample 284: clean gpu=[3690570:mlxcel-server]
2026-10-08T21:42:16+0900 sample 285: clean gpu=[3690570:mlxcel-server]
2026-10-08T21:42:18+0900 sample 286: clean gpu=[3690570:mlxcel-server]
2026-10-08T21:42:19+0900 sample 287: clean gpu=[3690570:mlxcel-server]
2026-10-08T21:42:21+0900 sample 288: clean gpu=[3690570:mlxcel-server]
2026-10-08T21:42:22+0900 sample 289: clean gpu=[3690570:mlxcel-server]
2026-10-08T21:42:24+0900 sample 290: clean gpu=[3690570:mlxcel-server]
2026-10-08T21:42:25+0900 sample 291: clean gpu=[3690570:mlxcel-server]
2026-10-08T21:42:27+0900 sample 292: clean gpu=[3690570:mlxcel-server]
2026-10-08T21:42:28+0900 sample 293: clean gpu=[3690570:mlxcel-server]
2026-10-08T21:42:30+0900 sample 294: clean gpu=[3690570:mlxcel-server]
2026-10-08T21:42:31+0900 sample 295: clean gpu=[3690570:mlxcel-server]
2026-10-08T21:42:33+0900 sample 296: clean gpu=[3690570:mlxcel-server]
2026-10-08T21:42:34+0900 sample 297: clean gpu=[3690570:mlxcel-server]
2026-10-08T21:42:36+0900 sample 298: clean gpu=[3690570:mlxcel-server]
2026-10-08T21:42:37+0900 sample 299: clean gpu=[3690570:mlxcel-server]
2026-10-08T21:42:38+0900 sample 300: clean gpu=[3690570:mlxcel-server]
2026-10-08T21:42:40+0900 sample 301: clean gpu=[3690570:mlxcel-server]
2026-10-08T21:42:41+0900 sample 302: clean gpu=[3690570:mlxcel-server]
2026-10-08T21:42:43+0900 sample 303: clean gpu=[3690570:mlxcel-server]
2026-10-08T21:42:44+0900 sample 304: clean gpu=[3690570:mlxcel-server]
2026-10-08T21:42:46+0900 sample 305: clean gpu=[3690570:mlxcel-server]
2026-10-08T21:42:47+0900 sample 306: clean gpu=[3690570:mlxcel-server]
2026-10-08T21:42:49+0900 sample 307: clean gpu=[3690570:mlxcel-server]
2026-10-08T21:42:50+0900 sample 308: clean gpu=[3690570:mlxcel-server]
2026-10-08T21:42:52+0900 sample 309: clean gpu=[3690570:mlxcel-server]
2026-10-08T21:42:53+0900 sample 310: clean gpu=[3690570:mlxcel-server]
2026-10-08T21:42:55+0900 sample 311: clean gpu=[3690570:mlxcel-server]
2026-10-08T21:42:56+0900 sample 312: clean gpu=[3690570:mlxcel-server]
2026-10-08T21:42:58+0900 sample 313: clean gpu=[3690570:mlxcel-server]
2026-10-08T21:42:59+0900 sample 314: clean gpu=[3690570:mlxcel-server]
2026-10-08T21:43:01+0900 sample 315: clean gpu=[3690570:mlxcel-server]
2026-10-08T21:43:02+0900 sample 316: clean gpu=[3690570:mlxcel-server]
2026-10-08T21:43:04+0900 sample 317: clean gpu=[3690570:mlxcel-server]
2026-10-08T21:43:05+0900 sample 318: clean gpu=[3690570:mlxcel-server]
2026-10-08T21:43:07+0900 sample 319: clean gpu=[3690570:mlxcel-server]
2026-10-08T21:43:08+0900 sample 320: clean gpu=[3690570:mlxcel-server]
2026-10-08T21:43:10+0900 sample 321: clean gpu=[3690570:mlxcel-server]
2026-10-08T21:43:11+0900 sample 322: clean gpu=[3690570:mlxcel-server]
2026-10-08T21:43:13+0900 sample 323: clean gpu=[3690570:mlxcel-server]
2026-10-08T21:43:14+0900 sample 324: clean gpu=[3690570:mlxcel-server]
2026-10-08T21:43:16+0900 sample 325: clean gpu=[3690570:mlxcel-server]
2026-10-08T21:43:17+0900 sample 326: clean gpu=[3690570:mlxcel-server]
2026-10-08T21:43:19+0900 sample 327: clean gpu=[3690570:mlxcel-server]
2026-10-08T21:43:20+0900 sample 328: clean gpu=[3690570:mlxcel-server]
2026-10-08T21:43:22+0900 sample 329: clean gpu=[3690570:mlxcel-server]
2026-10-08T21:43:23+0900 sample 330: clean gpu=[3690570:mlxcel-server]
2026-10-08T21:43:25+0900 sample 331: clean gpu=[3690570:mlxcel-server]
2026-10-08T21:43:26+0900 sample 332: clean gpu=[3690570:mlxcel-server]
2026-10-08T21:43:28+0900 sample 333: clean gpu=[3690570:mlxcel-server]
2026-10-08T21:43:29+0900 sample 334: clean gpu=[3690570:mlxcel-server]
2026-10-08T21:43:31+0900 sample 335: clean gpu=[3690570:mlxcel-server]
2026-10-08T21:43:32+0900 sample 336: clean gpu=[3690570:mlxcel-server]
2026-10-08T21:43:34+0900 sample 337: clean gpu=[3690570:mlxcel-server]
2026-10-08T21:43:35+0900 sample 338: clean gpu=[3690570:mlxcel-server]
2026-10-08T21:43:37+0900 sample 339: clean gpu=[3690570:mlxcel-server]
2026-10-08T21:43:38+0900 sample 340: clean gpu=[3690570:mlxcel-server]
2026-10-08T21:43:40+0900 sample 341: clean gpu=[3690570:mlxcel-server]
2026-10-08T21:43:41+0900 sample 342: clean gpu=[3690570:mlxcel-server]
2026-10-08T21:43:43+0900 sample 343: clean gpu=[3690570:mlxcel-server]
2026-10-08T21:43:44+0900 sample 344: clean gpu=[3690570:mlxcel-server]
2026-10-08T21:43:46+0900 sample 345: clean gpu=[3690570:mlxcel-server]
2026-10-08T21:43:47+0900 sample 346: clean gpu=[3690570:mlxcel-server]
2026-10-08T21:43:49+0900 sample 347: clean gpu=[3690570:mlxcel-server]
2026-10-08T21:43:50+0900 sample 348: clean gpu=[3690570:mlxcel-server]
2026-10-08T21:43:52+0900 sample 349: clean gpu=[3690570:mlxcel-server]
2026-10-08T21:43:53+0900 sample 350: clean gpu=[3690570:mlxcel-server]
2026-10-08T21:43:55+0900 sample 351: clean gpu=[3690570:mlxcel-server]
2026-10-08T21:43:56+0900 sample 352: clean gpu=[3690570:mlxcel-server]
2026-10-08T21:43:57+0900 sample 353: clean gpu=[3690570:mlxcel-server]
2026-10-08T21:43:59+0900 sample 354: clean gpu=[3690570:mlxcel-server]
2026-10-08T21:44:00+0900 sample 355: clean gpu=[3690570:mlxcel-server]
2026-10-08T21:44:02+0900 sample 356: clean gpu=[3690570:mlxcel-server]
2026-10-08T21:44:03+0900 sample 357: clean gpu=[3690570:mlxcel-server]
2026-10-08T21:44:05+0900 sample 358: clean gpu=[3690570:mlxcel-server]
2026-10-08T21:44:06+0900 sample 359: clean gpu=[3690570:mlxcel-server]
2026-10-08T21:44:08+0900 sample 360: clean gpu=[3690570:mlxcel-server]
2026-10-08T21:44:09+0900 sample 361: clean gpu=[3690570:mlxcel-server]
2026-10-08T21:44:11+0900 sample 362: clean gpu=[3690570:mlxcel-server]
2026-10-08T21:44:12+0900 sample 363: clean gpu=[3690570:mlxcel-server]
2026-10-08T21:44:14+0900 sample 364: clean gpu=[3690570:mlxcel-server]
2026-10-08T21:44:15+0900 sample 365: clean gpu=[3690570:mlxcel-server]
2026-10-08T21:44:17+0900 sample 366: clean gpu=[3690570:mlxcel-server]
2026-10-08T21:44:18+0900 sample 367: clean gpu=[3690570:mlxcel-server]
2026-10-08T21:44:20+0900 sample 368: clean gpu=[3690570:mlxcel-server]
2026-10-08T21:44:21+0900 sample 369: clean gpu=[3690570:mlxcel-server]
2026-10-08T21:44:23+0900 sample 370: clean gpu=[3690570:mlxcel-server]
2026-10-08T21:44:24+0900 sample 371: clean gpu=[3690570:mlxcel-server]
2026-10-08T21:44:26+0900 sample 372: clean gpu=[3690570:mlxcel-server]
2026-10-08T21:44:27+0900 sample 373: clean gpu=[3690570:mlxcel-server]
2026-10-08T21:44:29+0900 sample 374: clean gpu=[3690570:mlxcel-server]
2026-10-08T21:44:30+0900 sample 375: clean gpu=[3690570:mlxcel-server]
2026-10-08T21:44:32+0900 sample 376: clean gpu=[3690570:mlxcel-server]
2026-10-08T21:44:33+0900 sample 377: clean gpu=[3690570:mlxcel-server]
2026-10-08T21:44:35+0900 sample 378: clean gpu=[3690570:mlxcel-server]
2026-10-08T21:44:36+0900 sample 379: clean gpu=[3690570:mlxcel-server]
2026-10-08T21:44:38+0900 sample 380: clean gpu=[3690570:mlxcel-server]
2026-10-08T21:44:39+0900 sample 381: clean gpu=[3690570:mlxcel-server]
2026-10-08T21:44:41+0900 sample 382: clean gpu=[3690570:mlxcel-server]
2026-10-08T21:44:42+0900 sample 383: clean gpu=[3690570:mlxcel-server]
2026-10-08T21:44:43+0900 sample 384: clean gpu=[3690570:mlxcel-server]
2026-10-08T21:44:45+0900 sample 385: clean gpu=[3690570:mlxcel-server]
2026-10-08T21:44:46+0900 sample 386: clean gpu=[3690570:mlxcel-server]
2026-10-08T21:44:48+0900 sample 387: clean gpu=[3690570:mlxcel-server]
2026-10-08T21:44:49+0900 sample 388: clean gpu=[3690570:mlxcel-server]
2026-10-08T21:44:51+0900 sample 389: clean gpu=[3690570:mlxcel-server]
2026-10-08T21:44:52+0900 sample 390: clean gpu=[3690570:mlxcel-server]
2026-10-08T21:44:54+0900 sample 391: clean gpu=[3690570:mlxcel-server]
2026-10-08T21:44:55+0900 sample 392: clean gpu=[3690570:mlxcel-server]
2026-10-08T21:44:57+0900 sample 393: clean gpu=[3690570:mlxcel-server]
2026-10-08T21:44:58+0900 sample 394: clean gpu=[3690570:mlxcel-server]
2026-10-08T21:45:00+0900 sample 395: clean gpu=[3690570:mlxcel-server]
2026-10-08T21:45:01+0900 sample 396: clean gpu=[3690570:mlxcel-server]
2026-10-08T21:45:03+0900 sample 397: clean gpu=[3690570:mlxcel-server]
2026-10-08T21:45:04+0900 sample 398: clean gpu=[3690570:mlxcel-server]
2026-10-08T21:45:06+0900 sample 399: clean gpu=[3690570:mlxcel-server]
2026-10-08T21:45:07+0900 sample 400: clean gpu=[3690570:mlxcel-server]
2026-10-08T21:45:09+0900 sample 401: clean gpu=[3690570:mlxcel-server]
2026-10-08T21:45:10+0900 sample 402: clean gpu=[3690570:mlxcel-server]
2026-10-08T21:45:12+0900 sample 403: clean gpu=[3690570:mlxcel-server]
2026-10-08T21:45:13+0900 sample 404: clean gpu=[3690570:mlxcel-server]
2026-10-08T21:45:15+0900 sample 405: clean gpu=[3690570:mlxcel-server]
2026-10-08T21:45:16+0900 sample 406: clean gpu=[3690570:mlxcel-server]
2026-10-08T21:45:18+0900 sample 407: clean gpu=[3690570:mlxcel-server]
2026-10-08T21:45:19+0900 sample 408: clean gpu=[3690570:mlxcel-server]
2026-10-08T21:45:21+0900 sample 409: clean gpu=[3690570:mlxcel-server]
2026-10-08T21:45:22+0900 sample 410: clean gpu=[3690570:mlxcel-server]
2026-10-08T21:45:24+0900 sample 411: clean gpu=[3690570:mlxcel-server]
2026-10-08T21:45:25+0900 sample 412: clean gpu=[3690570:mlxcel-server]
2026-10-08T21:45:27+0900 sample 413: clean gpu=[3690570:mlxcel-server]
2026-10-08T21:45:28+0900 sample 414: clean gpu=[3690570:mlxcel-server]
2026-10-08T21:45:30+0900 sample 415: clean gpu=[3690570:mlxcel-server]
2026-10-08T21:45:31+0900 sample 416: clean gpu=[3690570:mlxcel-server]
2026-10-08T21:45:33+0900 sample 417: clean gpu=[3690570:mlxcel-server]
2026-10-08T21:45:34+0900 sample 418: clean gpu=[3690570:mlxcel-server]
2026-10-08T21:45:36+0900 sample 419: clean gpu=[3690570:mlxcel-server]
2026-10-08T21:45:37+0900 sample 420: clean gpu=[3690570:mlxcel-server]
2026-10-08T21:45:39+0900 sample 421: clean gpu=[3690570:mlxcel-server]
2026-10-08T21:45:40+0900 sample 422: clean gpu=[3690570:mlxcel-server]
2026-10-08T21:45:42+0900 sample 423: clean gpu=[3690570:mlxcel-server]
2026-10-08T21:45:43+0900 sample 424: clean gpu=[3690570:mlxcel-server]
2026-10-08T21:45:45+0900 sample 425: clean gpu=[3690570:mlxcel-server]
2026-10-08T21:45:47+0900 sample 426: clean gpu=[3690570:mlxcel-server]
2026-10-08T21:45:48+0900 sample 427: clean gpu=[3690570:mlxcel-server]
2026-10-08T21:45:50+0900 sample 428: clean gpu=[3690570:mlxcel-server]
2026-10-08T21:45:51+0900 sample 429: clean gpu=[3690570:mlxcel-server]
2026-10-08T21:45:53+0900 sample 430: clean gpu=[3690570:mlxcel-server]
2026-10-08T21:45:54+0900 sample 431: clean gpu=[3690570:mlxcel-server]
2026-10-08T21:45:56+0900 sample 432: clean gpu=[3690570:mlxcel-server]
2026-10-08T21:45:57+0900 sample 433: clean gpu=[3690570:mlxcel-server]
2026-10-08T21:45:59+0900 sample 434: clean gpu=[3690570:mlxcel-server]
2026-10-08T21:46:00+0900 sample 435: clean gpu=[3690570:mlxcel-server]
2026-10-08T21:46:02+0900 sample 436: clean gpu=[3690570:mlxcel-server]
2026-10-08T21:46:03+0900 sample 437: clean gpu=[3690570:mlxcel-server]
2026-10-08T21:46:05+0900 sample 438: clean gpu=[3690570:mlxcel-server]
2026-10-08T21:46:07+0900 sample 439: clean gpu=[3690570:mlxcel-server]
2026-10-08T21:46:08+0900 sample 440: clean gpu=[3690570:mlxcel-server]
2026-10-08T21:46:10+0900 sample 441: clean gpu=[3690570:mlxcel-server]
2026-10-08T21:46:11+0900 sample 442: clean gpu=[3690570:mlxcel-server]
2026-10-08T21:46:13+0900 sample 443: clean gpu=[3690570:mlxcel-server]
2026-10-08T21:46:14+0900 sample 444: clean gpu=[3690570:mlxcel-server]
2026-10-08T21:46:16+0900 sample 445: clean gpu=[3690570:mlxcel-server]
2026-10-08T21:46:17+0900 sample 446: clean gpu=[3690570:mlxcel-server]
2026-10-08T21:46:19+0900 sample 447: clean gpu=[3690570:mlxcel-server]
2026-10-08T21:46:20+0900 sample 448: clean gpu=[3690570:mlxcel-server]
2026-10-08T21:46:22+0900 sample 449: clean gpu=[3690570:mlxcel-server]
2026-10-08T21:46:23+0900 sample 450: clean gpu=[3690570:mlxcel-server]
2026-10-08T21:46:25+0900 sample 451: clean gpu=[3690570:mlxcel-server]
2026-10-08T21:46:26+0900 sample 452: clean gpu=[3690570:mlxcel-server]
2026-10-08T21:46:28+0900 sample 453: clean gpu=[3690570:mlxcel-server]
2026-10-08T21:46:29+0900 sample 454: clean gpu=[3690570:mlxcel-server]
2026-10-08T21:46:31+0900 sample 455: clean gpu=[3690570:mlxcel-server]
2026-10-08T21:46:32+0900 sample 456: clean gpu=[3690570:mlxcel-server]
2026-10-08T21:46:34+0900 sample 457: clean gpu=[3690570:mlxcel-server]
2026-10-08T21:46:35+0900 sample 458: clean gpu=[3690570:mlxcel-server]
2026-10-08T21:46:37+0900 sample 459: clean gpu=[3690570:mlxcel-server]
2026-10-08T21:46:38+0900 sample 460: clean gpu=[3690570:mlxcel-server]
2026-10-08T21:46:40+0900 sample 461: clean gpu=[3690570:mlxcel-server]
2026-10-08T21:46:41+0900 sample 462: clean gpu=[3690570:mlxcel-server]
2026-10-08T21:46:42+0900 sample 463: clean gpu=[3690570:mlxcel-server]
2026-10-08T21:46:44+0900 sample 464: clean gpu=[3690570:mlxcel-server]
2026-10-08T21:46:45+0900 sample 465: clean gpu=[3690570:mlxcel-server]
2026-10-08T21:46:47+0900 sample 466: clean gpu=[3690570:mlxcel-server]
2026-10-08T21:46:48+0900 sample 467: clean gpu=[3690570:mlxcel-server]
2026-10-08T21:46:50+0900 sample 468: clean gpu=[3690570:mlxcel-server]
2026-10-08T21:46:51+0900 sample 469: clean gpu=[3690570:mlxcel-server]
2026-10-08T21:46:53+0900 sample 470: clean gpu=[3690570:mlxcel-server]
2026-10-08T21:46:54+0900 sample 471: clean gpu=[3690570:mlxcel-server]
2026-10-08T21:46:56+0900 sample 472: clean gpu=[3690570:mlxcel-server]
2026-10-08T21:46:57+0900 sample 473: clean gpu=[3690570:mlxcel-server]
2026-10-08T21:46:59+0900 sample 474: clean gpu=[3690570:mlxcel-server]
2026-10-08T21:47:00+0900 sample 475: clean gpu=[3690570:mlxcel-server]
2026-10-08T21:47:02+0900 sample 476: clean gpu=[3690570:mlxcel-server]
2026-10-08T21:47:03+0900 sample 477: clean gpu=[3690570:mlxcel-server]
2026-10-08T21:47:05+0900 sample 478: clean gpu=[3690570:mlxcel-server]
2026-10-08T21:47:06+0900 sample 479: clean gpu=[3690570:mlxcel-server]
2026-10-08T21:47:08+0900 sample 480: clean gpu=[3690570:mlxcel-server]
2026-10-08T21:47:09+0900 sample 481: clean gpu=[3690570:mlxcel-server]
2026-10-08T21:47:11+0900 sample 482: clean gpu=[3690570:mlxcel-server]
2026-10-08T21:47:12+0900 sample 483: clean gpu=[3690570:mlxcel-server]
2026-10-08T21:47:14+0900 sample 484: clean gpu=[3690570:mlxcel-server]
2026-10-08T21:47:15+0900 sample 485: clean gpu=[3690570:mlxcel-server]
2026-10-08T21:47:17+0900 sample 486: clean gpu=[3690570:mlxcel-server]
2026-10-08T21:47:18+0900 sample 487: clean gpu=[3690570:mlxcel-server]
2026-10-08T21:47:20+0900 sample 488: clean gpu=[3690570:mlxcel-server]
2026-10-08T21:47:21+0900 sample 489: clean gpu=[3690570:mlxcel-server]
2026-10-08T21:47:23+0900 sample 490: clean gpu=[3690570:mlxcel-server]
2026-10-08T21:47:24+0900 sample 491: clean gpu=[3690570:mlxcel-server]
2026-10-08T21:47:26+0900 sample 492: clean gpu=[3690570:mlxcel-server]
2026-10-08T21:47:27+0900 sample 493: clean gpu=[3690570:mlxcel-server]
2026-10-08T21:47:29+0900 sample 494: clean gpu=[3690570:mlxcel-server]
2026-10-08T21:47:30+0900 sample 495: clean gpu=[3690570:mlxcel-server]
2026-10-08T21:47:31+0900 sample 496: clean gpu=[3690570:mlxcel-server]
2026-10-08T21:47:33+0900 sample 497: clean gpu=[3690570:mlxcel-server]
2026-10-08T21:47:34+0900 sample 498: clean gpu=[3690570:mlxcel-server]
2026-10-08T21:47:36+0900 sample 499: clean gpu=[3690570:mlxcel-server]
2026-10-08T21:47:37+0900 sample 500: clean gpu=[3690570:mlxcel-server]
2026-10-08T21:47:39+0900 sample 501: clean gpu=[3690570:mlxcel-server]
2026-10-08T21:47:40+0900 sample 502: clean gpu=[3690570:mlxcel-server]
2026-10-08T21:47:42+0900 sample 503: clean gpu=[3690570:mlxcel-server]
2026-10-08T21:47:43+0900 sample 504: clean gpu=[3690570:mlxcel-server]
2026-10-08T21:47:45+0900 sample 505: clean gpu=[3690570:mlxcel-server]
2026-10-08T21:47:46+0900 sample 506: clean gpu=[3690570:mlxcel-server]
2026-10-08T21:47:48+0900 sample 507: clean gpu=[3690570:mlxcel-server]
2026-10-08T21:47:49+0900 sample 508: clean gpu=[3690570:mlxcel-server]
2026-10-08T21:47:51+0900 sample 509: clean gpu=[3690570:mlxcel-server]
2026-10-08T21:47:52+0900 sample 510: clean gpu=[3690570:mlxcel-server]
2026-10-08T21:47:54+0900 sample 511: clean gpu=[3690570:mlxcel-server]
2026-10-08T21:47:55+0900 sample 512: clean gpu=[3690570:mlxcel-server]
2026-10-08T21:47:57+0900 sample 513: clean gpu=[3690570:mlxcel-server]
2026-10-08T21:47:58+0900 sample 514: clean gpu=[3690570:mlxcel-server]
2026-10-08T21:48:00+0900 sample 515: clean gpu=[3690570:mlxcel-server]
2026-10-08T21:48:01+0900 sample 516: clean gpu=[3690570:mlxcel-server]
2026-10-08T21:48:03+0900 sample 517: clean gpu=[3690570:mlxcel-server]
2026-10-08T21:48:04+0900 sample 518: clean gpu=[3690570:mlxcel-server]
2026-10-08T21:48:06+0900 sample 519: clean gpu=[3690570:mlxcel-server]
2026-10-08T21:48:07+0900 sample 520: clean gpu=[3690570:mlxcel-server]
2026-10-08T21:48:09+0900 sample 521: clean gpu=[3690570:mlxcel-server]
2026-10-08T21:48:10+0900 sample 522: clean gpu=[3690570:mlxcel-server]
2026-10-08T21:48:12+0900 sample 523: clean gpu=[3690570:mlxcel-server]
2026-10-08T21:48:13+0900 sample 524: clean gpu=[3690570:mlxcel-server]
2026-10-08T21:48:15+0900 sample 525: clean gpu=[3690570:mlxcel-server]
2026-10-08T21:48:16+0900 sample 526: clean gpu=[3690570:mlxcel-server]
2026-10-08T21:48:18+0900 sample 527: clean gpu=[3690570:mlxcel-server]
2026-10-08T21:48:19+0900 sample 528: clean gpu=[3690570:mlxcel-server]
2026-10-08T21:48:21+0900 sample 529: clean gpu=[3690570:mlxcel-server]
2026-10-08T21:48:22+0900 sample 530: clean gpu=[3690570:mlxcel-server]
2026-10-08T21:48:24+0900 sample 531: clean gpu=[3690570:mlxcel-server]
2026-10-08T21:48:25+0900 sample 532: clean gpu=[3690570:mlxcel-server]
2026-10-08T21:48:27+0900 sample 533: clean gpu=[3690570:mlxcel-server]
2026-10-08T21:48:28+0900 sample 534: clean gpu=[3690570:mlxcel-server]
2026-10-08T21:48:29+0900 sample 535: clean gpu=[3690570:mlxcel-server]
2026-10-08T21:48:31+0900 sample 536: clean gpu=[3690570:mlxcel-server]
2026-10-08T21:48:32+0900 sample 537: clean gpu=[3690570:mlxcel-server]
2026-10-08T21:48:34+0900 sample 538: clean gpu=[3690570:mlxcel-server]
2026-10-08T21:48:35+0900 sample 539: clean gpu=[3690570:mlxcel-server]
2026-10-08T21:48:37+0900 sample 540: clean gpu=[3690570:mlxcel-server]
2026-10-08T21:48:38+0900 sample 541: clean gpu=[3690570:mlxcel-server]
2026-10-08T21:48:40+0900 sample 542: clean gpu=[3690570:mlxcel-server]
2026-10-08T21:48:41+0900 sample 543: clean gpu=[3690570:mlxcel-server]
2026-10-08T21:48:43+0900 sample 544: clean gpu=[3690570:mlxcel-server]
2026-10-08T21:48:44+0900 sample 545: clean gpu=[3690570:mlxcel-server]
2026-10-08T21:48:46+0900 sample 546: clean gpu=[3690570:mlxcel-server]
2026-10-08T21:48:47+0900 sample 547: clean gpu=[3690570:mlxcel-server]
2026-10-08T21:48:49+0900 sample 548: clean gpu=[3690570:mlxcel-server]
2026-10-08T21:48:50+0900 sample 549: clean gpu=[3690570:mlxcel-server]
2026-10-08T21:48:52+0900 sample 550: clean gpu=[3690570:mlxcel-server]
2026-10-08T21:48:53+0900 sample 551: clean gpu=[3690570:mlxcel-server]
2026-10-08T21:48:55+0900 sample 552: clean gpu=[3690570:mlxcel-server]
2026-10-08T21:48:56+0900 sample 553: clean gpu=[3690570:mlxcel-server]
2026-10-08T21:48:58+0900 sample 554: clean gpu=[3690570:mlxcel-server]
2026-10-08T21:48:59+0900 sample 555: clean gpu=[3690570:mlxcel-server]
2026-10-08T21:49:01+0900 sample 556: clean gpu=[3690570:mlxcel-server]
2026-10-08T21:49:02+0900 sample 557: clean gpu=[3690570:mlxcel-server]
2026-10-08T21:49:04+0900 sample 558: clean gpu=[3690570:mlxcel-server]
2026-10-08T21:49:05+0900 sample 559: clean gpu=[3690570:mlxcel-server]
2026-10-08T21:49:07+0900 sample 560: clean gpu=[3690570:mlxcel-server]
2026-10-08T21:49:08+0900 sample 561: clean gpu=[3690570:mlxcel-server]
2026-10-08T21:49:10+0900 sample 562: clean gpu=[3690570:mlxcel-server]
2026-10-08T21:49:11+0900 sample 563: clean gpu=[3690570:mlxcel-server]
2026-10-08T21:49:13+0900 sample 564: clean gpu=[3690570:mlxcel-server]
2026-10-08T21:49:14+0900 sample 565: clean gpu=[3690570:mlxcel-server]
2026-10-08T21:49:16+0900 sample 566: clean gpu=[3690570:mlxcel-server]
2026-10-08T21:49:17+0900 sample 567: clean gpu=[3690570:mlxcel-server]
2026-10-08T21:49:19+0900 sample 568: clean gpu=[3690570:mlxcel-server]
2026-10-08T21:49:20+0900 sample 569: clean gpu=[3690570:mlxcel-server]
2026-10-08T21:49:22+0900 sample 570: clean gpu=[3690570:mlxcel-server]
2026-10-08T21:49:23+0900 sample 571: clean gpu=[3690570:mlxcel-server]
2026-10-08T21:49:25+0900 sample 572: clean gpu=[3690570:mlxcel-server]
2026-10-08T21:49:26+0900 sample 573: clean gpu=[3690570:mlxcel-server]
2026-10-08T21:49:28+0900 sample 574: clean gpu=[3690570:mlxcel-server]
2026-10-08T21:49:29+0900 sample 575: clean gpu=[3690570:mlxcel-server]
2026-10-08T21:49:31+0900 sample 576: clean gpu=[3690570:mlxcel-server]
2026-10-08T21:49:32+0900 sample 577: clean gpu=[3690570:mlxcel-server]
2026-10-08T21:49:33+0900 sample 578: clean gpu=[3690570:mlxcel-server]
2026-10-08T21:49:35+0900 sample 579: clean gpu=[3690570:mlxcel-server]
2026-10-08T21:49:36+0900 sample 580: clean gpu=[3690570:mlxcel-server]
2026-10-08T21:49:38+0900 sample 581: clean gpu=[3690570:mlxcel-server]
2026-10-08T21:49:39+0900 sample 582: clean gpu=[3690570:mlxcel-server]
2026-10-08T21:49:41+0900 sample 583: clean gpu=[3690570:mlxcel-server]
2026-10-08T21:49:42+0900 sample 584: clean gpu=[3690570:mlxcel-server]
2026-10-08T21:49:44+0900 sample 585: clean gpu=[3690570:mlxcel-server]
2026-10-08T21:49:45+0900 sample 586: clean gpu=[3690570:mlxcel-server]
2026-10-08T21:49:47+0900 sample 587: clean gpu=[3690570:mlxcel-server]
2026-10-08T21:49:48+0900 sample 588: clean gpu=[3690570:mlxcel-server]
2026-10-08T21:49:50+0900 sample 589: clean gpu=[3690570:mlxcel-server]
2026-10-08T21:49:51+0900 sample 590: clean gpu=[3690570:mlxcel-server]
2026-10-08T21:49:53+0900 sample 591: clean gpu=[3690570:mlxcel-server]
2026-10-08T21:49:54+0900 sample 592: clean gpu=[3690570:mlxcel-server]
2026-10-08T21:49:56+0900 sample 593: clean gpu=[3690570:mlxcel-server]
2026-10-08T21:49:58+0900 sample 594: clean gpu=[3690570:mlxcel-server]
2026-10-08T21:49:59+0900 sample 595: clean gpu=[3690570:mlxcel-server]
2026-10-08T21:50:00+0900 sample 596: clean gpu=[3690570:mlxcel-server]
2026-10-08T21:50:02+0900 sample 597: clean gpu=[3690570:mlxcel-server]
2026-10-08T21:50:03+0900 sample 598: clean gpu=[3690570:mlxcel-server]
2026-10-08T21:50:05+0900 sample 599: clean gpu=[3690570:mlxcel-server]
2026-10-08T21:50:06+0900 sample 600: clean gpu=[3690570:mlxcel-server]
2026-10-08T21:50:08+0900 sample 601: clean gpu=[3690570:mlxcel-server]
2026-10-08T21:50:09+0900 sample 602: clean gpu=[3690570:mlxcel-server]
2026-10-08T21:50:11+0900 sample 603: clean gpu=[3690570:mlxcel-server]
2026-10-08T21:50:12+0900 sample 604: clean gpu=[3690570:mlxcel-server]
2026-10-08T21:50:14+0900 sample 605: clean gpu=[3690570:mlxcel-server]
2026-10-08T21:50:15+0900 sample 606: clean gpu=[3690570:mlxcel-server]
2026-10-08T21:50:17+0900 sample 607: clean gpu=[3690570:mlxcel-server]
2026-10-08T21:50:18+0900 sample 608: clean gpu=[3690570:mlxcel-server]
2026-10-08T21:50:20+0900 sample 609: clean gpu=[3690570:mlxcel-server]
2026-10-08T21:50:21+0900 sample 610: clean gpu=[3690570:mlxcel-server]
2026-10-08T21:50:23+0900 sample 611: clean gpu=[3690570:mlxcel-server]
2026-10-08T21:50:24+0900 sample 612: clean gpu=[3690570:mlxcel-server]
2026-10-08T21:50:26+0900 sample 613: clean gpu=[3690570:mlxcel-server]
2026-10-08T21:50:27+0900 sample 614: clean gpu=[3690570:mlxcel-server]
2026-10-08T21:50:29+0900 sample 615: clean gpu=[3690570:mlxcel-server]
2026-10-08T21:50:30+0900 sample 616: clean gpu=[3690570:mlxcel-server]
2026-10-08T21:50:32+0900 sample 617: clean gpu=[3690570:mlxcel-server]
2026-10-08T21:50:33+0900 sample 618: clean gpu=[3690570:mlxcel-server]
2026-10-08T21:50:35+0900 sample 619: clean gpu=[3690570:mlxcel-server]
2026-10-08T21:50:36+0900 sample 620: clean gpu=[3690570:mlxcel-server]
2026-10-08T21:50:38+0900 sample 621: clean gpu=[3690570:mlxcel-server]
2026-10-08T21:50:39+0900 sample 622: clean gpu=[3690570:mlxcel-server]
2026-10-08T21:50:41+0900 sample 623: clean gpu=[3690570:mlxcel-server]
2026-10-08T21:50:42+0900 sample 624: clean gpu=[3690570:mlxcel-server]
2026-10-08T21:50:44+0900 sample 625: clean gpu=[3690570:mlxcel-server]
2026-10-08T21:50:45+0900 sample 626: clean gpu=[3690570:mlxcel-server]
2026-10-08T21:50:47+0900 sample 627: clean gpu=[3690570:mlxcel-server]
2026-10-08T21:50:48+0900 sample 628: clean gpu=[3690570:mlxcel-server]
2026-10-08T21:50:50+0900 sample 629: clean gpu=[3690570:mlxcel-server]
2026-10-08T21:50:51+0900 sample 630: clean gpu=[3690570:mlxcel-server]
2026-10-08T21:50:53+0900 sample 631: clean gpu=[3690570:mlxcel-server]
2026-10-08T21:50:54+0900 sample 632: clean gpu=[3690570:mlxcel-server]
2026-10-08T21:50:56+0900 sample 633: clean gpu=[3690570:mlxcel-server]
2026-10-08T21:50:57+0900 sample 634: clean gpu=[3690570:mlxcel-server]
2026-10-08T21:50:59+0900 sample 635: clean gpu=[3690570:mlxcel-server]
2026-10-08T21:51:00+0900 sample 636: clean gpu=[3690570:mlxcel-server]
2026-10-08T21:51:02+0900 sample 637: clean gpu=[3690570:mlxcel-server]
2026-10-08T21:51:03+0900 sample 638: clean gpu=[3690570:mlxcel-server]
2026-10-08T21:51:05+0900 sample 639: clean gpu=[3690570:mlxcel-server]
2026-10-08T21:51:06+0900 sample 640: clean gpu=[3690570:mlxcel-server]
2026-10-08T21:51:07+0900 sample 641: clean gpu=[3690570:mlxcel-server]
2026-10-08T21:51:09+0900 sample 642: clean gpu=[3690570:mlxcel-server]
2026-10-08T21:51:10+0900 sample 643: clean gpu=[3690570:mlxcel-server]
2026-10-08T21:51:12+0900 sample 644: clean gpu=[3690570:mlxcel-server]
2026-10-08T21:51:13+0900 sample 645: clean gpu=[3690570:mlxcel-server]
2026-10-08T21:51:15+0900 sample 646: clean gpu=[3690570:mlxcel-server]
2026-10-08T21:51:16+0900 sample 647: clean gpu=[3690570:mlxcel-server]
2026-10-08T21:51:18+0900 sample 648: clean gpu=[3690570:mlxcel-server]
2026-10-08T21:51:19+0900 sample 649: clean gpu=[3690570:mlxcel-server]
2026-10-08T21:51:21+0900 sample 650: clean gpu=[3690570:mlxcel-server]
2026-10-08T21:51:22+0900 sample 651: clean gpu=[3690570:mlxcel-server]
2026-10-08T21:51:24+0900 sample 652: clean gpu=[3690570:mlxcel-server]
2026-10-08T21:51:25+0900 sample 653: clean gpu=[3690570:mlxcel-server]
2026-10-08T21:51:27+0900 sample 654: clean gpu=[3690570:mlxcel-server]
2026-10-08T21:51:28+0900 sample 655: clean gpu=[3690570:mlxcel-server]
2026-10-08T21:51:30+0900 sample 656: clean gpu=[3690570:mlxcel-server]
2026-10-08T21:51:31+0900 sample 657: clean gpu=[3690570:mlxcel-server]
2026-10-08T21:51:33+0900 sample 658: clean gpu=[3690570:mlxcel-server]
2026-10-08T21:51:34+0900 sample 659: clean gpu=[3690570:mlxcel-server]
2026-10-08T21:51:35+0900 sample 660: clean gpu=[3690570:mlxcel-server]
2026-10-08T21:51:37+0900 sample 661: clean gpu=[3690570:mlxcel-server]
2026-10-08T21:51:38+0900 sample 662: clean gpu=[3690570:mlxcel-server]
2026-10-08T21:51:40+0900 sample 663: clean gpu=[3690570:mlxcel-server]
2026-10-08T21:51:41+0900 sample 664: clean gpu=[3690570:mlxcel-server]
2026-10-08T21:51:43+0900 sample 665: clean gpu=[3690570:mlxcel-server]
2026-10-08T21:51:44+0900 sample 666: clean gpu=[3690570:mlxcel-server]
2026-10-08T21:51:46+0900 sample 667: clean gpu=[3690570:mlxcel-server]
2026-10-08T21:51:47+0900 sample 668: clean gpu=[3690570:mlxcel-server]
2026-10-08T21:51:49+0900 sample 669: clean gpu=[3690570:mlxcel-server]
2026-10-08T21:51:50+0900 sample 670: clean gpu=[3690570:mlxcel-server]
2026-10-08T21:51:52+0900 sample 671: clean gpu=[3690570:mlxcel-server]
2026-10-08T21:51:53+0900 sample 672: clean gpu=[3690570:mlxcel-server]
2026-10-08T21:51:55+0900 sample 673: clean gpu=[128468:mlxcel-server]
2026-10-08T21:51:56+0900 sample 674: clean gpu=[128468:mlxcel-server]
2026-10-08T21:51:58+0900 sample 675: clean gpu=[128468:mlxcel-server]
2026-10-08T21:51:59+0900 sample 676: clean gpu=[128468:mlxcel-server]
2026-10-08T21:52:01+0900 sample 677: clean gpu=[128468:mlxcel-server]
2026-10-08T21:52:02+0900 sample 678: clean gpu=[128468:mlxcel-server]
2026-10-08T21:52:04+0900 sample 679: clean gpu=[128468:mlxcel-server]
2026-10-08T21:52:05+0900 sample 680: clean gpu=[128468:mlxcel-server]
2026-10-08T21:52:07+0900 sample 681: clean gpu=[128468:mlxcel-server]
2026-10-08T21:52:08+0900 sample 682: clean gpu=[128468:mlxcel-server]
2026-10-08T21:52:10+0900 sample 683: clean gpu=[128468:mlxcel-server]
2026-10-08T21:52:11+0900 sample 684: clean gpu=[128468:mlxcel-server]
2026-10-08T21:52:13+0900 sample 685: clean gpu=[128468:mlxcel-server]
2026-10-08T21:52:14+0900 sample 686: clean gpu=[128468:mlxcel-server]
2026-10-08T21:52:15+0900 sample 687: clean gpu=[128468:mlxcel-server]
2026-10-08T21:52:17+0900 sample 688: clean gpu=[128468:mlxcel-server]
2026-10-08T21:52:19+0900 sample 689: clean gpu=[128468:mlxcel-server]
2026-10-08T21:52:20+0900 sample 690: clean gpu=[128468:mlxcel-server]
2026-10-08T21:52:22+0900 sample 691: clean gpu=[128468:mlxcel-server]
2026-10-08T21:52:23+0900 sample 692: clean gpu=[128468:mlxcel-server]
2026-10-08T21:52:25+0900 sample 693: clean gpu=[128468:mlxcel-server]
2026-10-08T21:52:26+0900 sample 694: clean gpu=[128468:mlxcel-server]
2026-10-08T21:52:28+0900 sample 695: clean gpu=[128468:mlxcel-server]
2026-10-08T21:52:29+0900 sample 696: clean gpu=[128468:mlxcel-server]
2026-10-08T21:52:31+0900 sample 697: clean gpu=[128468:mlxcel-server]
2026-10-08T21:52:32+0900 sample 698: clean gpu=[128468:mlxcel-server]
2026-10-08T21:52:34+0900 sample 699: clean gpu=[128468:mlxcel-server]
2026-10-08T21:52:35+0900 sample 700: clean gpu=[128468:mlxcel-server]
2026-10-08T21:52:37+0900 sample 701: clean gpu=[128468:mlxcel-server]
2026-10-08T21:52:38+0900 sample 702: clean gpu=[128468:mlxcel-server]
2026-10-08T21:52:40+0900 sample 703: clean gpu=[128468:mlxcel-server]
2026-10-08T21:52:41+0900 sample 704: clean gpu=[128468:mlxcel-server]
2026-10-08T21:52:43+0900 sample 705: clean gpu=[128468:mlxcel-server]
2026-10-08T21:52:44+0900 sample 706: clean gpu=[128468:mlxcel-server]
2026-10-08T21:52:46+0900 sample 707: clean gpu=[128468:mlxcel-server]
2026-10-08T21:52:47+0900 sample 708: clean gpu=[128468:mlxcel-server]
2026-10-08T21:52:49+0900 sample 709: clean gpu=[128468:mlxcel-server]
2026-10-08T21:52:51+0900 sample 710: clean gpu=[128468:mlxcel-server]
2026-10-08T21:52:52+0900 sample 711: clean gpu=[128468:mlxcel-server]
2026-10-08T21:52:54+0900 sample 712: clean gpu=[128468:mlxcel-server]
2026-10-08T21:52:55+0900 sample 713: clean gpu=[128468:mlxcel-server]
2026-10-08T21:52:57+0900 sample 714: clean gpu=[128468:mlxcel-server]
2026-10-08T21:52:58+0900 sample 715: clean gpu=[128468:mlxcel-server]
2026-10-08T21:53:00+0900 sample 716: clean gpu=[128468:mlxcel-server]
2026-10-08T21:53:01+0900 sample 717: clean gpu=[128468:mlxcel-server]
2026-10-08T21:53:03+0900 sample 718: clean gpu=[128468:mlxcel-server]
2026-10-08T21:53:04+0900 sample 719: clean gpu=[128468:mlxcel-server]
2026-10-08T21:53:06+0900 sample 720: clean gpu=[128468:mlxcel-server]
2026-10-08T21:53:08+0900 sample 721: clean gpu=[128468:mlxcel-server]
2026-10-08T21:53:09+0900 sample 722: clean gpu=[128468:mlxcel-server]
2026-10-08T21:53:11+0900 sample 723: clean gpu=[128468:mlxcel-server]
2026-10-08T21:53:12+0900 sample 724: clean gpu=[128468:mlxcel-server]
2026-10-08T21:53:14+0900 sample 725: clean gpu=[128468:mlxcel-server]
2026-10-08T21:53:15+0900 sample 726: clean gpu=[128468:mlxcel-server]
2026-10-08T21:53:17+0900 sample 727: clean gpu=[128468:mlxcel-server]
2026-10-08T21:53:18+0900 sample 728: clean gpu=[128468:mlxcel-server]
2026-10-08T21:53:19+0900 sample 729: clean gpu=[128468:mlxcel-server]
2026-10-08T21:53:21+0900 sample 730: clean gpu=[128468:mlxcel-server]
2026-10-08T21:53:23+0900 sample 731: clean gpu=[128468:mlxcel-server]
2026-10-08T21:53:24+0900 sample 732: clean gpu=[128468:mlxcel-server]
2026-10-08T21:53:26+0900 sample 733: clean gpu=[128468:mlxcel-server]
2026-10-08T21:53:27+0900 sample 734: clean gpu=[128468:mlxcel-server]
2026-10-08T21:53:29+0900 sample 735: clean gpu=[128468:mlxcel-server]
2026-10-08T21:53:30+0900 sample 736: clean gpu=[128468:mlxcel-server]
2026-10-08T21:53:32+0900 sample 737: clean gpu=[128468:mlxcel-server]
2026-10-08T21:53:33+0900 sample 738: clean gpu=[128468:mlxcel-server]
2026-10-08T21:53:35+0900 sample 739: clean gpu=[128468:mlxcel-server]
2026-10-08T21:53:36+0900 sample 740: clean gpu=[128468:mlxcel-server]
2026-10-08T21:53:38+0900 sample 741: clean gpu=[128468:mlxcel-server]
2026-10-08T21:53:39+0900 sample 742: clean gpu=[128468:mlxcel-server]
2026-10-08T21:53:40+0900 sample 743: clean gpu=[128468:mlxcel-server]
2026-10-08T21:53:42+0900 sample 744: clean gpu=[128468:mlxcel-server]
2026-10-08T21:53:43+0900 sample 745: clean gpu=[128468:mlxcel-server]
2026-10-08T21:53:45+0900 sample 746: clean gpu=[128468:mlxcel-server]
2026-10-08T21:53:46+0900 sample 747: clean gpu=[128468:mlxcel-server]
2026-10-08T21:53:48+0900 sample 748: clean gpu=[128468:mlxcel-server]
2026-10-08T21:53:49+0900 sample 749: clean gpu=[128468:mlxcel-server]
2026-10-08T21:53:51+0900 sample 750: clean gpu=[128468:mlxcel-server]
2026-10-08T21:53:52+0900 sample 751: clean gpu=[128468:mlxcel-server]
2026-10-08T21:53:54+0900 sample 752: clean gpu=[128468:mlxcel-server]
2026-10-08T21:53:55+0900 sample 753: clean gpu=[128468:mlxcel-server]
2026-10-08T21:53:57+0900 sample 754: clean gpu=[128468:mlxcel-server]
2026-10-08T21:53:58+0900 sample 755: clean gpu=[128468:mlxcel-server]
2026-10-08T21:54:00+0900 sample 756: clean gpu=[128468:mlxcel-server]
2026-10-08T21:54:01+0900 sample 757: clean gpu=[128468:mlxcel-server]
2026-10-08T21:54:03+0900 sample 758: clean gpu=[128468:mlxcel-server]
2026-10-08T21:54:04+0900 sample 759: clean gpu=[128468:mlxcel-server]
2026-10-08T21:54:05+0900 sample 760: clean gpu=[128468:mlxcel-server]
2026-10-08T21:54:07+0900 sample 761: clean gpu=[128468:mlxcel-server]
2026-10-08T21:54:08+0900 sample 762: clean gpu=[128468:mlxcel-server]
2026-10-08T21:54:10+0900 sample 763: clean gpu=[128468:mlxcel-server]
2026-10-08T21:54:11+0900 sample 764: clean gpu=[128468:mlxcel-server]
2026-10-08T21:54:13+0900 sample 765: clean gpu=[128468:mlxcel-server]
2026-10-08T21:54:14+0900 sample 766: clean gpu=[128468:mlxcel-server]
2026-10-08T21:54:16+0900 sample 767: clean gpu=[128468:mlxcel-server]
2026-10-08T21:54:17+0900 sample 768: clean gpu=[128468:mlxcel-server]
2026-10-08T21:54:19+0900 sample 769: clean gpu=[128468:mlxcel-server]
2026-10-08T21:54:20+0900 sample 770: clean gpu=[128468:mlxcel-server]
2026-10-08T21:54:22+0900 sample 771: clean gpu=[128468:mlxcel-server]
2026-10-08T21:54:23+0900 sample 772: clean gpu=[128468:mlxcel-server]
2026-10-08T21:54:25+0900 sample 773: clean gpu=[128468:mlxcel-server]
2026-10-08T21:54:26+0900 sample 774: clean gpu=[128468:mlxcel-server]
2026-10-08T21:54:28+0900 sample 775: clean gpu=[128468:mlxcel-server]
2026-10-08T21:54:29+0900 sample 776: clean gpu=[128468:mlxcel-server]
2026-10-08T21:54:31+0900 sample 777: clean gpu=[128468:mlxcel-server]
2026-10-08T21:54:32+0900 sample 778: clean gpu=[128468:mlxcel-server]
2026-10-08T21:54:34+0900 sample 779: clean gpu=[128468:mlxcel-server]
2026-10-08T21:54:35+0900 sample 780: clean gpu=[128468:mlxcel-server]
2026-10-08T21:54:37+0900 sample 781: clean gpu=[]
2026-10-08T21:54:38+0900 sample 782: clean gpu=[230523:mlxcel-server]
2026-10-08T21:54:40+0900 sample 783: clean gpu=[230523:mlxcel-server]
2026-10-08T21:54:41+0900 sample 784: clean gpu=[230523:mlxcel-server]
2026-10-08T21:54:43+0900 sample 785: clean gpu=[230523:mlxcel-server]
2026-10-08T21:54:44+0900 sample 786: clean gpu=[230523:mlxcel-server]
2026-10-08T21:54:46+0900 sample 787: clean gpu=[230523:mlxcel-server]
2026-10-08T21:54:47+0900 sample 788: clean gpu=[230523:mlxcel-server]
2026-10-08T21:54:49+0900 sample 789: clean gpu=[230523:mlxcel-server]
2026-10-08T21:54:50+0900 sample 790: clean gpu=[230523:mlxcel-server]
2026-10-08T21:54:52+0900 sample 791: clean gpu=[230523:mlxcel-server]
2026-10-08T21:54:53+0900 sample 792: clean gpu=[230523:mlxcel-server]
2026-10-08T21:54:55+0900 sample 793: clean gpu=[230523:mlxcel-server]
2026-10-08T21:54:56+0900 sample 794: clean gpu=[230523:mlxcel-server]
2026-10-08T21:54:58+0900 sample 795: clean gpu=[230523:mlxcel-server]
2026-10-08T21:54:59+0900 sample 796: clean gpu=[230523:mlxcel-server]
2026-10-08T21:55:01+0900 sample 797: clean gpu=[230523:mlxcel-server]
2026-10-08T21:55:03+0900 sample 798: clean gpu=[230523:mlxcel-server]
2026-10-08T21:55:04+0900 sample 799: clean gpu=[230523:mlxcel-server]
2026-10-08T21:55:06+0900 sample 800: clean gpu=[230523:mlxcel-server]
2026-10-08T21:55:07+0900 sample 801: clean gpu=[230523:mlxcel-server]
2026-10-08T21:55:09+0900 sample 802: clean gpu=[230523:mlxcel-server]
2026-10-08T21:55:10+0900 sample 803: clean gpu=[230523:mlxcel-server]
2026-10-08T21:55:11+0900 sample 804: clean gpu=[230523:mlxcel-server]
2026-10-08T21:55:13+0900 sample 805: clean gpu=[230523:mlxcel-server]
2026-10-08T21:55:14+0900 sample 806: clean gpu=[230523:mlxcel-server]
2026-10-08T21:55:16+0900 sample 807: clean gpu=[230523:mlxcel-server]
2026-10-08T21:55:17+0900 sample 808: clean gpu=[230523:mlxcel-server]
2026-10-08T21:55:19+0900 sample 809: clean gpu=[230523:mlxcel-server]
2026-10-08T21:55:20+0900 sample 810: clean gpu=[230523:mlxcel-server]
2026-10-08T21:55:22+0900 sample 811: clean gpu=[230523:mlxcel-server]
2026-10-08T21:55:23+0900 sample 812: clean gpu=[230523:mlxcel-server]
2026-10-08T21:55:25+0900 sample 813: clean gpu=[230523:mlxcel-server]
2026-10-08T21:55:26+0900 sample 814: clean gpu=[230523:mlxcel-server]
2026-10-08T21:55:28+0900 sample 815: clean gpu=[230523:mlxcel-server]
2026-10-08T21:55:29+0900 sample 816: clean gpu=[230523:mlxcel-server]
2026-10-08T21:55:31+0900 sample 817: clean gpu=[230523:mlxcel-server]
2026-10-08T21:55:32+0900 sample 818: clean gpu=[230523:mlxcel-server]
2026-10-08T21:55:34+0900 sample 819: clean gpu=[230523:mlxcel-server]
2026-10-08T21:55:35+0900 sample 820: clean gpu=[230523:mlxcel-server]
2026-10-08T21:55:37+0900 sample 821: clean gpu=[230523:mlxcel-server]
2026-10-08T21:55:38+0900 sample 822: clean gpu=[230523:mlxcel-server]
2026-10-08T21:55:40+0900 sample 823: clean gpu=[230523:mlxcel-server]
2026-10-08T21:55:42+0900 sample 824: clean gpu=[230523:mlxcel-server]
2026-10-08T21:55:43+0900 sample 825: clean gpu=[230523:mlxcel-server]
2026-10-08T21:55:45+0900 sample 826: clean gpu=[230523:mlxcel-server]
2026-10-08T21:55:46+0900 sample 827: clean gpu=[230523:mlxcel-server]
2026-10-08T21:55:48+0900 sample 828: clean gpu=[230523:mlxcel-server]
2026-10-08T21:55:49+0900 sample 829: clean gpu=[230523:mlxcel-server]
2026-10-08T21:55:51+0900 sample 830: clean gpu=[230523:mlxcel-server]
2026-10-08T21:55:52+0900 sample 831: clean gpu=[230523:mlxcel-server]
2026-10-08T21:55:54+0900 sample 832: clean gpu=[230523:mlxcel-server]
2026-10-08T21:55:56+0900 sample 833: clean gpu=[230523:mlxcel-server]
2026-10-08T21:55:57+0900 sample 834: clean gpu=[230523:mlxcel-server]
2026-10-08T21:55:58+0900 sample 835: clean gpu=[230523:mlxcel-server]
2026-10-08T21:56:00+0900 sample 836: clean gpu=[230523:mlxcel-server]
2026-10-08T21:56:02+0900 sample 837: clean gpu=[230523:mlxcel-server]
2026-10-08T21:56:03+0900 sample 838: clean gpu=[230523:mlxcel-server]
2026-10-08T21:56:05+0900 sample 839: clean gpu=[230523:mlxcel-server]
2026-10-08T21:56:06+0900 sample 840: clean gpu=[230523:mlxcel-server]
2026-10-08T21:56:08+0900 sample 841: clean gpu=[230523:mlxcel-server]
2026-10-08T21:56:09+0900 sample 842: clean gpu=[230523:mlxcel-server]
2026-10-08T21:56:11+0900 sample 843: clean gpu=[230523:mlxcel-server]
2026-10-08T21:56:12+0900 sample 844: clean gpu=[230523:mlxcel-server]
2026-10-08T21:56:14+0900 sample 845: clean gpu=[230523:mlxcel-server]
2026-10-08T21:56:15+0900 sample 846: clean gpu=[230523:mlxcel-server]
2026-10-08T21:56:17+0900 sample 847: clean gpu=[230523:mlxcel-server]
2026-10-08T21:56:18+0900 sample 848: clean gpu=[230523:mlxcel-server]
2026-10-08T21:56:20+0900 sample 849: clean gpu=[230523:mlxcel-server]
2026-10-08T21:56:21+0900 sample 850: clean gpu=[230523:mlxcel-server]
2026-10-08T21:56:23+0900 sample 851: clean gpu=[230523:mlxcel-server]
2026-10-08T21:56:24+0900 sample 852: clean gpu=[230523:mlxcel-server]
2026-10-08T21:56:26+0900 sample 853: clean gpu=[230523:mlxcel-server]
2026-10-08T21:56:27+0900 sample 854: clean gpu=[230523:mlxcel-server]
2026-10-08T21:56:28+0900 sample 855: clean gpu=[230523:mlxcel-server]
2026-10-08T21:56:30+0900 sample 856: clean gpu=[230523:mlxcel-server]
2026-10-08T21:56:31+0900 sample 857: clean gpu=[230523:mlxcel-server]
2026-10-08T21:56:33+0900 sample 858: clean gpu=[230523:mlxcel-server]
2026-10-08T21:56:34+0900 sample 859: clean gpu=[230523:mlxcel-server]
2026-10-08T21:56:36+0900 sample 860: clean gpu=[230523:mlxcel-server]
2026-10-08T21:56:37+0900 sample 861: clean gpu=[230523:mlxcel-server]
2026-10-08T21:56:39+0900 sample 862: clean gpu=[230523:mlxcel-server]
2026-10-08T21:56:40+0900 sample 863: clean gpu=[230523:mlxcel-server]
2026-10-08T21:56:42+0900 sample 864: clean gpu=[230523:mlxcel-server]
2026-10-08T21:56:43+0900 sample 865: clean gpu=[230523:mlxcel-server]
2026-10-08T21:56:45+0900 sample 866: clean gpu=[230523:mlxcel-server]
2026-10-08T21:56:46+0900 sample 867: clean gpu=[230523:mlxcel-server]
2026-10-08T21:56:48+0900 sample 868: clean gpu=[230523:mlxcel-server]
2026-10-08T21:56:49+0900 sample 869: clean gpu=[230523:mlxcel-server]
2026-10-08T21:56:51+0900 sample 870: clean gpu=[230523:mlxcel-server]
2026-10-08T21:56:52+0900 sample 871: clean gpu=[230523:mlxcel-server]
2026-10-08T21:56:54+0900 sample 872: clean gpu=[230523:mlxcel-server]
2026-10-08T21:56:55+0900 sample 873: clean gpu=[230523:mlxcel-server]
2026-10-08T21:56:57+0900 sample 874: clean gpu=[230523:mlxcel-server]
2026-10-08T21:56:58+0900 sample 875: clean gpu=[230523:mlxcel-server]
2026-10-08T21:57:00+0900 sample 876: clean gpu=[230523:mlxcel-server]
2026-10-08T21:57:01+0900 sample 877: clean gpu=[230523:mlxcel-server]
2026-10-08T21:57:03+0900 sample 878: clean gpu=[230523:mlxcel-server]
2026-10-08T21:57:04+0900 sample 879: clean gpu=[230523:mlxcel-server]
2026-10-08T21:57:06+0900 sample 880: clean gpu=[230523:mlxcel-server]
2026-10-08T21:57:07+0900 sample 881: clean gpu=[230523:mlxcel-server]
2026-10-08T21:57:09+0900 sample 882: clean gpu=[230523:mlxcel-server]
2026-10-08T21:57:10+0900 sample 883: clean gpu=[230523:mlxcel-server]
2026-10-08T21:57:12+0900 sample 884: clean gpu=[230523:mlxcel-server]
2026-10-08T21:57:13+0900 sample 885: clean gpu=[230523:mlxcel-server]
2026-10-08T21:57:15+0900 sample 886: clean gpu=[230523:mlxcel-server]
2026-10-08T21:57:16+0900 sample 887: clean gpu=[230523:mlxcel-server]
2026-10-08T21:57:18+0900 sample 888: clean gpu=[230523:mlxcel-server]
2026-10-08T21:57:19+0900 sample 889: clean gpu=[230523:mlxcel-server]
2026-10-08T21:57:21+0900 sample 890: clean gpu=[230523:mlxcel-server]
2026-10-08T21:57:22+0900 sample 891: clean gpu=[230523:mlxcel-server]
2026-10-08T21:57:24+0900 sample 892: clean gpu=[230523:mlxcel-server]
2026-10-08T21:57:25+0900 sample 893: clean gpu=[230523:mlxcel-server]
2026-10-08T21:57:27+0900 sample 894: clean gpu=[230523:mlxcel-server]
2026-10-08T21:57:28+0900 sample 895: clean gpu=[230523:mlxcel-server]
2026-10-08T21:57:29+0900 sample 896: clean gpu=[230523:mlxcel-server]
2026-10-08T21:57:31+0900 sample 897: clean gpu=[230523:mlxcel-server]
2026-10-08T21:57:32+0900 sample 898: clean gpu=[230523:mlxcel-server]
2026-10-08T21:57:34+0900 sample 899: clean gpu=[230523:mlxcel-server]
2026-10-08T21:57:35+0900 sample 900: clean gpu=[230523:mlxcel-server]
2026-10-08T21:57:37+0900 sample 901: clean gpu=[230523:mlxcel-server]
2026-10-08T21:57:38+0900 sample 902: clean gpu=[230523:mlxcel-server]
2026-10-08T21:57:40+0900 sample 903: clean gpu=[230523:mlxcel-server]
2026-10-08T21:57:41+0900 sample 904: clean gpu=[230523:mlxcel-server]
2026-10-08T21:57:43+0900 sample 905: clean gpu=[230523:mlxcel-server]
2026-10-08T21:57:44+0900 sample 906: clean gpu=[230523:mlxcel-server]
2026-10-08T21:57:46+0900 sample 907: clean gpu=[230523:mlxcel-server]
2026-10-08T21:57:47+0900 sample 908: clean gpu=[230523:mlxcel-server]
2026-10-08T21:57:49+0900 sample 909: clean gpu=[230523:mlxcel-server]
2026-10-08T21:57:50+0900 sample 910: clean gpu=[230523:mlxcel-server]
2026-10-08T21:57:52+0900 sample 911: clean gpu=[230523:mlxcel-server]
2026-10-08T21:57:53+0900 sample 912: clean gpu=[230523:mlxcel-server]
2026-10-08T21:57:55+0900 sample 913: clean gpu=[230523:mlxcel-server]
2026-10-08T21:57:56+0900 sample 914: clean gpu=[230523:mlxcel-server]
2026-10-08T21:57:58+0900 sample 915: clean gpu=[230523:mlxcel-server]
2026-10-08T21:57:59+0900 sample 916: clean gpu=[230523:mlxcel-server]
2026-10-08T21:58:01+0900 sample 917: clean gpu=[230523:mlxcel-server]
2026-10-08T21:58:02+0900 sample 918: clean gpu=[230523:mlxcel-server]
2026-10-08T21:58:04+0900 sample 919: clean gpu=[230523:mlxcel-server]
2026-10-08T21:58:05+0900 sample 920: clean gpu=[230523:mlxcel-server]
2026-10-08T21:58:07+0900 sample 921: clean gpu=[230523:mlxcel-server]
2026-10-08T21:58:08+0900 sample 922: clean gpu=[230523:mlxcel-server]
2026-10-08T21:58:10+0900 sample 923: clean gpu=[230523:mlxcel-server]
2026-10-08T21:58:11+0900 sample 924: clean gpu=[230523:mlxcel-server]
2026-10-08T21:58:13+0900 sample 925: clean gpu=[230523:mlxcel-server]
2026-10-08T21:58:14+0900 sample 926: clean gpu=[230523:mlxcel-server]
2026-10-08T21:58:16+0900 sample 927: clean gpu=[230523:mlxcel-server]
2026-10-08T21:58:17+0900 sample 928: clean gpu=[230523:mlxcel-server]
2026-10-08T21:58:19+0900 sample 929: clean gpu=[230523:mlxcel-server]
2026-10-08T21:58:20+0900 sample 930: clean gpu=[230523:mlxcel-server]
2026-10-08T21:58:22+0900 sample 931: clean gpu=[230523:mlxcel-server]
2026-10-08T21:58:23+0900 sample 932: clean gpu=[230523:mlxcel-server]
2026-10-08T21:58:25+0900 sample 933: clean gpu=[230523:mlxcel-server]
2026-10-08T21:58:26+0900 sample 934: clean gpu=[230523:mlxcel-server]
2026-10-08T21:58:27+0900 sample 935: clean gpu=[230523:mlxcel-server]
2026-10-08T21:58:29+0900 sample 936: clean gpu=[230523:mlxcel-server]
2026-10-08T21:58:30+0900 sample 937: clean gpu=[230523:mlxcel-server]
2026-10-08T21:58:32+0900 sample 938: clean gpu=[230523:mlxcel-server]
2026-10-08T21:58:33+0900 sample 939: clean gpu=[230523:mlxcel-server]
2026-10-08T21:58:35+0900 sample 940: clean gpu=[230523:mlxcel-server]
2026-10-08T21:58:36+0900 sample 941: clean gpu=[230523:mlxcel-server]
2026-10-08T21:58:38+0900 sample 942: clean gpu=[230523:mlxcel-server]
2026-10-08T21:58:39+0900 sample 943: clean gpu=[230523:mlxcel-server]
2026-10-08T21:58:41+0900 sample 944: clean gpu=[230523:mlxcel-server]
2026-10-08T21:58:42+0900 sample 945: clean gpu=[230523:mlxcel-server]
2026-10-08T21:58:44+0900 sample 946: clean gpu=[230523:mlxcel-server]
2026-10-08T21:58:45+0900 sample 947: clean gpu=[230523:mlxcel-server]
2026-10-08T21:58:47+0900 sample 948: clean gpu=[230523:mlxcel-server]
2026-10-08T21:58:48+0900 sample 949: clean gpu=[230523:mlxcel-server]
2026-10-08T21:58:50+0900 sample 950: clean gpu=[230523:mlxcel-server]
2026-10-08T21:58:51+0900 sample 951: clean gpu=[230523:mlxcel-server]
2026-10-08T21:58:53+0900 sample 952: clean gpu=[230523:mlxcel-server]
2026-10-08T21:58:54+0900 sample 953: clean gpu=[230523:mlxcel-server]
2026-10-08T21:58:56+0900 sample 954: clean gpu=[230523:mlxcel-server]
2026-10-08T21:58:57+0900 sample 955: clean gpu=[230523:mlxcel-server]
2026-10-08T21:58:59+0900 sample 956: clean gpu=[230523:mlxcel-server]
2026-10-08T21:59:00+0900 sample 957: clean gpu=[230523:mlxcel-server]
2026-10-08T21:59:02+0900 sample 958: clean gpu=[230523:mlxcel-server]
2026-10-08T21:59:03+0900 sample 959: clean gpu=[230523:mlxcel-server]
2026-10-08T21:59:05+0900 sample 960: clean gpu=[230523:mlxcel-server]
2026-10-08T21:59:06+0900 sample 961: clean gpu=[230523:mlxcel-server]
2026-10-08T21:59:08+0900 sample 962: clean gpu=[230523:mlxcel-server]
2026-10-08T21:59:09+0900 sample 963: clean gpu=[230523:mlxcel-server]
2026-10-08T21:59:11+0900 sample 964: clean gpu=[230523:mlxcel-server]
2026-10-08T21:59:12+0900 sample 965: clean gpu=[230523:mlxcel-server]
2026-10-08T21:59:14+0900 sample 966: clean gpu=[230523:mlxcel-server]
2026-10-08T21:59:15+0900 sample 967: clean gpu=[230523:mlxcel-server]
2026-10-08T21:59:17+0900 sample 968: clean gpu=[230523:mlxcel-server]
2026-10-08T21:59:18+0900 sample 969: clean gpu=[230523:mlxcel-server]
2026-10-08T21:59:20+0900 sample 970: clean gpu=[230523:mlxcel-server]
2026-10-08T21:59:21+0900 sample 971: clean gpu=[230523:mlxcel-server]
2026-10-08T21:59:22+0900 sample 972: clean gpu=[230523:mlxcel-server]
2026-10-08T21:59:24+0900 sample 973: clean gpu=[230523:mlxcel-server]
2026-10-08T21:59:25+0900 sample 974: clean gpu=[230523:mlxcel-server]
2026-10-08T21:59:27+0900 sample 975: clean gpu=[230523:mlxcel-server]
2026-10-08T21:59:28+0900 sample 976: clean gpu=[230523:mlxcel-server]
2026-10-08T21:59:30+0900 sample 977: clean gpu=[230523:mlxcel-server]
2026-10-08T21:59:31+0900 sample 978: clean gpu=[230523:mlxcel-server]
2026-10-08T21:59:33+0900 sample 979: clean gpu=[230523:mlxcel-server]
2026-10-08T21:59:34+0900 sample 980: clean gpu=[230523:mlxcel-server]
2026-10-08T21:59:36+0900 sample 981: clean gpu=[230523:mlxcel-server]
2026-10-08T21:59:37+0900 sample 982: clean gpu=[230523:mlxcel-server]
2026-10-08T21:59:39+0900 sample 983: clean gpu=[230523:mlxcel-server]
2026-10-08T21:59:40+0900 sample 984: clean gpu=[230523:mlxcel-server]
2026-10-08T21:59:42+0900 sample 985: clean gpu=[230523:mlxcel-server]
2026-10-08T21:59:43+0900 sample 986: clean gpu=[230523:mlxcel-server]
2026-10-08T21:59:45+0900 sample 987: clean gpu=[230523:mlxcel-server]
2026-10-08T21:59:46+0900 sample 988: clean gpu=[230523:mlxcel-server]
2026-10-08T21:59:48+0900 sample 989: clean gpu=[230523:mlxcel-server]
2026-10-08T21:59:49+0900 sample 990: clean gpu=[230523:mlxcel-server]
2026-10-08T21:59:51+0900 sample 991: clean gpu=[230523:mlxcel-server]
2026-10-08T21:59:52+0900 sample 992: clean gpu=[230523:mlxcel-server]
2026-10-08T21:59:54+0900 sample 993: clean gpu=[230523:mlxcel-server]
2026-10-08T21:59:55+0900 sample 994: clean gpu=[230523:mlxcel-server]
2026-10-08T21:59:57+0900 sample 995: clean gpu=[230523:mlxcel-server]
2026-10-08T21:59:58+0900 sample 996: clean gpu=[230523:mlxcel-server]
2026-10-08T22:00:00+0900 sample 997: clean gpu=[230523:mlxcel-server]
2026-10-08T22:00:01+0900 sample 998: clean gpu=[230523:mlxcel-server]
2026-10-08T22:00:03+0900 sample 999: clean gpu=[230523:mlxcel-server]
2026-10-08T22:00:04+0900 sample 1000: clean gpu=[230523:mlxcel-server]
2026-10-08T22:00:05+0900 sample 1001: clean gpu=[230523:mlxcel-server]
2026-10-08T22:00:07+0900 sample 1002: clean gpu=[230523:mlxcel-server]
2026-10-08T22:00:08+0900 sample 1003: clean gpu=[230523:mlxcel-server]
2026-10-08T22:00:10+0900 sample 1004: clean gpu=[230523:mlxcel-server]
2026-10-08T22:00:11+0900 sample 1005: clean gpu=[230523:mlxcel-server]
2026-10-08T22:00:13+0900 sample 1006: clean gpu=[230523:mlxcel-server]
2026-10-08T22:00:14+0900 sample 1007: clean gpu=[230523:mlxcel-server]
2026-10-08T22:00:16+0900 sample 1008: clean gpu=[230523:mlxcel-server]
2026-10-08T22:00:17+0900 sample 1009: clean gpu=[230523:mlxcel-server]
2026-10-08T22:00:19+0900 sample 1010: clean gpu=[230523:mlxcel-server]
2026-10-08T22:00:20+0900 sample 1011: clean gpu=[230523:mlxcel-server]
2026-10-08T22:00:22+0900 sample 1012: clean gpu=[230523:mlxcel-server]
2026-10-08T22:00:23+0900 sample 1013: clean gpu=[230523:mlxcel-server]
2026-10-08T22:00:25+0900 sample 1014: clean gpu=[230523:mlxcel-server]
2026-10-08T22:00:26+0900 sample 1015: clean gpu=[230523:mlxcel-server]
2026-10-08T22:00:28+0900 sample 1016: clean gpu=[230523:mlxcel-server]
2026-10-08T22:00:29+0900 sample 1017: clean gpu=[230523:mlxcel-server]
2026-10-08T22:00:31+0900 sample 1018: clean gpu=[230523:mlxcel-server]
2026-10-08T22:00:32+0900 sample 1019: clean gpu=[230523:mlxcel-server]
2026-10-08T22:00:34+0900 sample 1020: clean gpu=[230523:mlxcel-server]
2026-10-08T22:00:35+0900 sample 1021: clean gpu=[230523:mlxcel-server]
2026-10-08T22:00:37+0900 sample 1022: clean gpu=[230523:mlxcel-server]
2026-10-08T22:00:38+0900 sample 1023: clean gpu=[230523:mlxcel-server]
2026-10-08T22:00:39+0900 sample 1024: clean gpu=[230523:mlxcel-server]
2026-10-08T22:00:41+0900 sample 1025: clean gpu=[230523:mlxcel-server]
2026-10-08T22:00:42+0900 sample 1026: clean gpu=[230523:mlxcel-server]
2026-10-08T22:00:44+0900 sample 1027: clean gpu=[230523:mlxcel-server]
2026-10-08T22:00:45+0900 sample 1028: clean gpu=[230523:mlxcel-server]
2026-10-08T22:00:47+0900 sample 1029: clean gpu=[230523:mlxcel-server]
2026-10-08T22:00:48+0900 sample 1030: clean gpu=[230523:mlxcel-server]
2026-10-08T22:00:50+0900 sample 1031: clean gpu=[230523:mlxcel-server]
2026-10-08T22:00:51+0900 sample 1032: clean gpu=[230523:mlxcel-server]
2026-10-08T22:00:53+0900 sample 1033: clean gpu=[230523:mlxcel-server]
2026-10-08T22:00:54+0900 sample 1034: clean gpu=[230523:mlxcel-server]
2026-10-08T22:00:56+0900 sample 1035: clean gpu=[230523:mlxcel-server]
2026-10-08T22:00:57+0900 sample 1036: clean gpu=[230523:mlxcel-server]
2026-10-08T22:00:58+0900 sample 1037: clean gpu=[230523:mlxcel-server]
2026-10-08T22:01:00+0900 sample 1038: clean gpu=[230523:mlxcel-server]
2026-10-08T22:01:01+0900 sample 1039: clean gpu=[230523:mlxcel-server]
2026-10-08T22:01:03+0900 sample 1040: clean gpu=[230523:mlxcel-server]
2026-10-08T22:01:04+0900 sample 1041: clean gpu=[230523:mlxcel-server]
2026-10-08T22:01:06+0900 sample 1042: clean gpu=[230523:mlxcel-server]
2026-10-08T22:01:07+0900 sample 1043: clean gpu=[230523:mlxcel-server]
2026-10-08T22:01:09+0900 sample 1044: clean gpu=[230523:mlxcel-server]
2026-10-08T22:01:10+0900 sample 1045: clean gpu=[230523:mlxcel-server]
2026-10-08T22:01:12+0900 sample 1046: clean gpu=[230523:mlxcel-server]
2026-10-08T22:01:13+0900 sample 1047: clean gpu=[230523:mlxcel-server]
2026-10-08T22:01:15+0900 sample 1048: clean gpu=[230523:mlxcel-server]
2026-10-08T22:01:16+0900 sample 1049: clean gpu=[230523:mlxcel-server]
2026-10-08T22:01:17+0900 sample 1050: clean gpu=[230523:mlxcel-server]
2026-10-08T22:01:19+0900 sample 1051: clean gpu=[230523:mlxcel-server]
2026-10-08T22:01:20+0900 sample 1052: clean gpu=[230523:mlxcel-server]
2026-10-08T22:01:22+0900 sample 1053: clean gpu=[230523:mlxcel-server]
2026-10-08T22:01:23+0900 sample 1054: clean gpu=[230523:mlxcel-server]
2026-10-08T22:01:25+0900 sample 1055: clean gpu=[230523:mlxcel-server]
2026-10-08T22:01:26+0900 sample 1056: clean gpu=[230523:mlxcel-server]
2026-10-08T22:01:28+0900 sample 1057: clean gpu=[230523:mlxcel-server]
2026-10-08T22:01:29+0900 sample 1058: clean gpu=[230523:mlxcel-server]
2026-10-08T22:01:31+0900 sample 1059: clean gpu=[230523:mlxcel-server]
2026-10-08T22:01:32+0900 sample 1060: clean gpu=[230523:mlxcel-server]
2026-10-08T22:01:34+0900 sample 1061: clean gpu=[230523:mlxcel-server]
2026-10-08T22:01:35+0900 sample 1062: clean gpu=[230523:mlxcel-server]
2026-10-08T22:01:36+0900 sample 1063: clean gpu=[230523:mlxcel-server]
2026-10-08T22:01:38+0900 sample 1064: clean gpu=[493981:mlxcel-bench-de]
2026-10-08T22:01:39+0900 sample 1065: clean gpu=[493981:mlxcel-bench-de]
2026-10-08T22:01:41+0900 sample 1066: clean gpu=[493981:mlxcel-bench-de]
2026-10-08T22:01:43+0900 sample 1067: clean gpu=[493981:mlxcel-bench-de]
2026-10-08T22:01:44+0900 sample 1068: clean gpu=[497683:mlxcel-bench-de]
2026-10-08T22:01:46+0900 sample 1069: clean gpu=[497683:mlxcel-bench-de]
2026-10-08T22:01:47+0900 sample 1070: clean gpu=[497683:mlxcel-bench-de]
2026-10-08T22:01:49+0900 sample 1071: clean gpu=[497683:mlxcel-bench-de]
2026-10-08T22:01:50+0900 sample 1072: clean gpu=[]
2026-10-08T22:01:52+0900 sample 1073: clean gpu=[501418:mlxcel-bench-de]
2026-10-08T22:01:53+0900 sample 1074: clean gpu=[501418:mlxcel-bench-de]
2026-10-08T22:01:55+0900 sample 1075: clean gpu=[501418:mlxcel-bench-de]
2026-10-08T22:01:56+0900 monitor: 1075 samples
2026-10-08T22:01:56+0900 attempt 1: CLEAN, exit 0
